<html>
<body>
<pre>
<h1>礦ision Build Log</h1>
<h2>Tool Versions:</h2>
IDE-Version: μVision V5.23.0.0
Copyright (C) 2017 ARM Ltd and ARM Germany GmbH. All rights reserved.
License Information: Jack 银河之光, hasagey, LIC=IK1BF-6LL4D-12VLE-5YQXJ-S24WB-INLEF
 
Tool Versions:
Toolchain:       MDK-ARM Plus  Version: 5.23
Toolchain Path:  D:\Freescale Lab\Keil_v5\ARM\ARMCC\Bin
C Compiler:      Armcc.exe V5.06 update 4 (build 422)
Assembler:       Armasm.exe V5.06 update 4 (build 422)
Linker/Locator:  ArmLink.exe V5.06 update 4 (build 422)
Library Manager: ArmAr.exe V5.06 update 4 (build 422)
Hex Converter:   FromElf.exe V5.06 update 4 (build 422)
CPU DLL:         SARMCM3.DLL V5.23
Dialog DLL:      DARMSTM.DLL V1.68.0.0
Target DLL:      STLink\ST-LINKIII-KEIL_SWO.dll V2.0.18.0
Dialog DLL:      TARMSTM.DLL V1.66.0.0
 
<h2>Project:</h2>
D:\Freescale Lab\Keil_v5\Project_STM32\Quadrotor\joystick\User\joystick.uvprojx
Project File Date:  11/20/2020

<h2>Output:</h2>
*** Using Compiler 'V5.06 update 4 (build 422)', folder: 'D:\Freescale Lab\Keil_v5\ARM\ARMCC\Bin'
Rebuild target 'joystick'
compiling system_stm32f10x.c...
compiling stm32f10x_it.c...
compiling main.c...
compiling adc.c...
compiling IRQHandler.c...
compiling key.c...
compiling led.c...
compiling exti.c...
compiling dma.c...
compiling spi.c...
compiling oled.c...
compiling oled_mathpaint.c...
compiling timer.c...
compiling si24r1.c...
compiling sdio_sdcard.c...
compiling ff.c...
compiling i2c.c...
compiling diskio.c...
compiling cc936.c...
compiling extfunc.c...
compiling usb_core.c...
compiling usb_init.c...
compiling usb_int.c...
compiling usb_mem.c...
compiling usb_regs.c...
compiling usb_sil.c...
compiling hw_config.c...
compiling usb_desc.c...
compiling usb_endp.c...
compiling usb_istr.c...
compiling usb_prop.c...
compiling usb_pwr.c...
compiling delay.c...
compiling core_cm3.c...
compiling sys.c...
compiling usart.c...
assembling startup_stm32f10x_hd.s...
compiling misc.c...
compiling stm32f10x_gpio.c...
compiling stm32f10x_adc.c...
compiling stm32f10x_usart.c...
compiling stm32f10x_rcc.c...
compiling stm32f10x_exti.c...
compiling stm32f10x_sdio.c...
compiling stm32f10x_dma.c...
compiling stm32f10x_spi.c...
compiling stm32f10x_tim.c...
linking...
Program Size: Code=42600 RO-data=181316 RW-data=436 ZI-data=8532  
FromELF: creating hex file...
"..\Obj\joystick.axf" - 0 Error(s), 0 Warning(s).

<h2>Collection of Component include folders:</h2>
  .\RTE\_joystick
  D:\Freescale Lab\Keil_v5\ARM\PACK\Keil\STM32F1xx_DFP\2.1.0\Device\Include

<h2>Collection of Component Files used:</h2>
Build Time Elapsed:  00:00:11
</pre>
</body>
</html>
