<html>
<body>
<pre>
<h1>µVision Build Log</h1>
<h2>Tool Versions:</h2>
IDE-Version: ¦ÌVision V5.23.0.0
Copyright (C) 2017 ARM Ltd and ARM Germany GmbH. All rights reserved.
License Information: Plexer Been, Tencent, LIC=EXJT4-FNPDT-LQL0Q-NJ8I1-9MM3S-039YE
 
Tool Versions:
Toolchain:       MDK-ARM Plus  Version: 5.23
Toolchain Path:  D:\Keil5\ARM\ARMCC\Bin
C Compiler:      Armcc.exe V5.06 update 4 (build 422)
Assembler:       Armasm.exe V5.06 update 4 (build 422)
Linker/Locator:  ArmLink.exe V5.06 update 4 (build 422)
Library Manager: ArmAr.exe V5.06 update 4 (build 422)
Hex Converter:   FromElf.exe V5.06 update 4 (build 422)
CPU DLL:         SARMCM3.DLL V5.23
Dialog DLL:      DARMSTM.DLL V1.68.0.0
Target DLL:      STLink\ST-LINKIII-KEIL_SWO.dll V2.0.18.0
Dialog DLL:      TARMSTM.DLL V1.66.0.0
 
<h2>Project:</h2>
D:\±ßÖ¾Ææ\Plexer\MCU\Drone\joystick_RGB565_screen\User\joystick.uvprojx
Project File Date:  07/26/2021

<h2>Output:</h2>
*** Using Compiler 'V5.06 update 4 (build 422)', folder: 'D:\Keil5\ARM\ARMCC\Bin'
Rebuild target 'joystick'
compiling dma.c...
compiling system_stm32f10x.c...
compiling oled_mathpaint.c...
compiling IRQHandler.c...
compiling stm32f10x_it.c...
compiling adc.c...
compiling led.c...
compiling key.c...
compiling timer.c...
compiling exti.c...
compiling spi.c...
compiling si24r1.c...
compiling oled.c...
compiling ccsbcs.c...
compiling sdio_sdcard.c...
compiling i2c.c...
compiling main.c...
compiling diskio.c...
compiling ff.c...
compiling PictureLib.c...
compiling extfunc.c...
compiling usb_init.c...
compiling usb_core.c...
compiling usb_int.c...
compiling usb_mem.c...
compiling fmt_jpeg.c...
compiling usb_sil.c...
compiling usb_desc.c...
compiling usb_endp.c...
compiling hw_config.c...
compiling usb_istr.c...
compiling usb_prop.c...
compiling usb_regs.c...
compiling usb_pwr.c...
assembling startup_stm32f10x_hd.s...
compiling delay.c...
compiling usart.c...
compiling core_cm3.c...
compiling sys.c...
compiling misc.c...
compiling stm32f10x_adc.c...
compiling stm32f10x_exti.c...
compiling stm32f10x_gpio.c...
compiling stm32f10x_rcc.c...
compiling stm32f10x_dma.c...
compiling stm32f10x_sdio.c...
compiling stm32f10x_usart.c...
compiling stm32f10x_spi.c...
compiling stm32f10x_tim.c...
linking...
Program Size: Code=53644 RO-data=8484 RW-data=452 ZI-data=46788  
FromELF: creating hex file...
"..\Obj\joystick.axf" - 0 Error(s), 0 Warning(s).

<h2>Collection of Component include folders:</h2>
  .\RTE\_joystick
  D:\Keil5\ARM\PACK\Keil\STM32F1xx_DFP\2.3.0\Device\Include

<h2>Collection of Component Files used:</h2>
Build Time Elapsed:  00:00:03
</pre>
</body>
</html>
