Component: ARM Compiler 5.06 update 4 (build 422) Tool: armlink [4d35d2]

==============================================================================

Section Cross References

    main.o(i.main) refers to misc.o(i.NVIC_PriorityGroupConfig) for NVIC_PriorityGroupConfig
    main.o(i.main) refers to delay.o(i.delay_init) for delay_init
    main.o(i.main) refers to exti.o(i.exti_init) for exti_init
    main.o(i.main) refers to led.o(i.led_init) for led_init
    main.o(i.main) refers to dma.o(i.dma_config) for dma_config
    main.o(i.main) refers to adc.o(i.adc1_init) for adc1_init
    main.o(i.main) refers to adc.o(i.adc_dma_start) for adc_dma_start
    main.o(i.main) refers to timer.o(i.TIM3_Config_Init) for TIM3_Config_Init
    main.o(i.main) refers to si24r1.o(i.si24r1_spi_init) for si24r1_spi_init
    main.o(i.main) refers to oled.o(i.oled_spi_init) for oled_spi_init
    main.o(i.main) refers to oled.o(i.oled_ssd1351_init) for oled_ssd1351_init
    main.o(i.main) refers to si24r1.o(i.si24r1_detect) for si24r1_detect
    main.o(i.main) refers to oled.o(i.oled_show_string) for oled_show_string
    main.o(i.main) refers to oled.o(i.oled_refresh) for oled_refresh
    main.o(i.main) refers to si24r1.o(i.si24r1_TX_mode) for si24r1_TX_mode
    main.o(i.main) refers to oled_mathpaint.o(i.oled_draw_line) for oled_draw_line
    main.o(i.main) refers to ffltui.o(.text) for __aeabi_ui2f
    main.o(i.main) refers to fmul.o(.text) for __aeabi_fmul
    main.o(i.main) refers to adc.o(i.Lithium_Battery_percent) for Lithium_Battery_percent
    main.o(i.main) refers to oled.o(i.oled_show_num_hide0) for oled_show_num_hide0
    main.o(i.main) refers to oled.o(i.oled_show_Bin_Array) for oled_show_Bin_Array
    main.o(i.main) refers to oled.o(i.oled_clear) for oled_clear
    main.o(i.main) refers to si24r1.o(i.si24r1_TX_packet) for si24r1_TX_packet
    main.o(i.main) refers to fflti.o(.text) for __aeabi_i2f
    main.o(i.main) refers to fdiv.o(.text) for __aeabi_fdiv
    main.o(i.main) refers to oled.o(i.oled_show_float) for oled_show_float
    main.o(i.main) refers to f2d.o(.text) for __aeabi_f2d
    main.o(i.main) refers to dadd.o(.text) for __aeabi_dadd
    main.o(i.main) refers to d2f.o(.text) for __aeabi_d2f
    main.o(i.main) refers to main.o(.bss) for ADC_Mem
    main.o(i.main) refers to main.o(.data) for RF_detected
    main.o(i.main) refers to oled.o(.constdata) for icon_drone
    main.o(i.main) refers to delay.o(i.delay_ms) for delay_ms
    main.o(i.main) refers to stm32f10x_gpio.o(i.GPIO_ReadInputDataBit) for GPIO_ReadInputDataBit
    main.o(i.main) refers to ff.o(i.f_mount) for f_mount
    main.o(i.main) refers to oled.o(i.oled_buffer_clear) for oled_buffer_clear
    main.o(i.main) refers to oled_mathpaint.o(i.oled_draw_rectangle) for oled_draw_rectangle
    main.o(i.main) refers to extfunc.o(i.ef_display_SDcapcity) for ef_display_SDcapcity
    main.o(i.main) refers to extfunc.o(i.ef_FileList_iteration) for ef_FileList_iteration
    main.o(i.main) refers to hw_config.o(i.USB_Port_Set) for USB_Port_Set
    main.o(i.main) refers to hw_config.o(i.USB_Interrupts_Config) for USB_Interrupts_Config
    main.o(i.main) refers to hw_config.o(i.Set_USBClock) for Set_USBClock
    main.o(i.main) refers to usb_init.o(i.USB_Init) for USB_Init
    main.o(i.main) refers to extfunc.o(.bss) for fs
    main.o(i.main) refers to extfunc.o(.data) for f_res
    main.o(i.main) refers to hw_config.o(i.Joystick_Send) for Joystick_Send
    main.o(i.main) refers to usb_pwr.o(.data) for bDeviceState
    main.o(i.main) refers to hw_config.o(.data) for PrevXferComplete
    system_stm32f10x.o(i.SetSysClock) refers to system_stm32f10x.o(i.SetSysClockTo72) for SetSysClockTo72
    system_stm32f10x.o(i.SystemCoreClockUpdate) refers to system_stm32f10x.o(.data) for SystemCoreClock
    system_stm32f10x.o(i.SystemInit) refers to system_stm32f10x.o(i.SetSysClock) for SetSysClock
    irqhandler.o(i.DMAChannel3_IRQHandler) refers to stm32f10x_dma.o(i.DMA_ClearITPendingBit) for DMA_ClearITPendingBit
    irqhandler.o(i.DMAChannel3_IRQHandler) refers to stm32f10x_dma.o(i.DMA_ITConfig) for DMA_ITConfig
    irqhandler.o(i.DMAChannel3_IRQHandler) refers to stm32f10x_dma.o(i.DMA_Cmd) for DMA_Cmd
    irqhandler.o(i.DMAChannel3_IRQHandler) refers to stm32f10x_spi.o(i.SPI_I2S_DMACmd) for SPI_I2S_DMACmd
    irqhandler.o(i.EXTI15_10_IRQHandler) refers to stm32f10x_exti.o(i.EXTI_GetITStatus) for EXTI_GetITStatus
    irqhandler.o(i.EXTI15_10_IRQHandler) refers to delay.o(i.delay_ms) for delay_ms
    irqhandler.o(i.EXTI15_10_IRQHandler) refers to stm32f10x_gpio.o(i.GPIO_ReadInputDataBit) for GPIO_ReadInputDataBit
    irqhandler.o(i.EXTI15_10_IRQHandler) refers to stm32f10x_exti.o(i.EXTI_ClearITPendingBit) for EXTI_ClearITPendingBit
    irqhandler.o(i.EXTI15_10_IRQHandler) refers to main.o(.data) for right_key_value
[...]
    __cpp_initialize__aeabi_                  - Undefined Weak Reference
    __cxa_finalize                            - Undefined Weak Reference
    _clock_init                               - Undefined Weak Reference
    _microlib_exit                            - Undefined Weak Reference
    __Vectors_Size                           0x00000130   Number         0  startup_stm32f10x_hd.o ABSOLUTE
    __Vectors                                0x08000000   Data           4  startup_stm32f10x_hd.o(RESET)
    __Vectors_End                            0x08000130   Data           0  startup_stm32f10x_hd.o(RESET)
    __main                                   0x08000131   Thumb Code     0  entry.o(.ARM.Collect$$$$00000000)
    _main_stk                                0x08000131   Thumb Code     0  entry2.o(.ARM.Collect$$$$00000001)
    _main_scatterload                        0x08000135   Thumb Code     0  entry5.o(.ARM.Collect$$$$00000004)
    __main_after_scatterload                 0x08000139   Thumb Code     0  entry5.o(.ARM.Collect$$$$00000004)
    _main_clock                              0x08000139   Thumb Code     0  entry7b.o(.ARM.Collect$$$$00000008)
    _main_cpp_init                           0x08000139   Thumb Code     0  entry8b.o(.ARM.Collect$$$$0000000A)
    _main_init                               0x08000139   Thumb Code     0  entry9a.o(.ARM.Collect$$$$0000000B)
    __rt_final_cpp                           0x08000141   Thumb Code     0  entry10a.o(.ARM.Collect$$$$0000000D)
    __rt_final_exit                          0x08000141   Thumb Code     0  entry11a.o(.ARM.Collect$$$$0000000F)
    Reset_Handler                            0x08000145   Thumb Code     8  startup_stm32f10x_hd.o(.text)
    ADC1_2_IRQHandler                        0x0800015f   Thumb Code     0  startup_stm32f10x_hd.o(.text)
    ADC3_IRQHandler                          0x0800015f   Thumb Code     0  startup_stm32f10x_hd.o(.text)
    CAN1_RX1_IRQHandler                      0x0800015f   Thumb Code     0  startup_stm32f10x_hd.o(.text)
    CAN1_SCE_IRQHandler                      0x0800015f   Thumb Code     0  startup_stm32f10x_hd.o(.text)
    DMA1_Channel1_IRQHandler                 0x0800015f   Thumb Code     0  startup_stm32f10x_hd.o(.text)
    DMA1_Channel2_IRQHandler                 0x0800015f   Thumb Code     0  startup_stm32f10x_hd.o(.text)
    DMA1_Channel3_IRQHandler                 0x0800015f   Thumb Code     0  startup_stm32f10x_hd.o(.text)
    DMA1_Channel4_IRQHandler                 0x0800015f   Thumb Code     0  startup_stm32f10x_hd.o(.text)
    DMA1_Channel5_IRQHandler                 0x0800015f   Thumb Code     0  startup_stm32f10x_hd.o(.text)
    DMA1_Channel6_IRQHandler                 0x0800015f   Thumb Code     0  startup_stm32f10x_hd.o(.text)
    DMA1_Channel7_IRQHandler                 0x0800015f   Thumb Code     0  startup_stm32f10x_hd.o(.text)
    DMA2_Channel1_IRQHandler                 0x0800015f   Thumb Code     0  startup_stm32f10x_hd.o(.text)
    DMA2_Channel2_IRQHandler                 0x0800015f   Thumb Code     0  startup_stm32f10x_hd.o(.text)
    DMA2_Channel3_IRQHandler                 0x0800015f   Thumb Code     0  startup_stm32f10x_hd.o(.text)
    DMA2_Channel4_5_IRQHandler               0x0800015f   Thumb Code     0  startup_stm32f10x_hd.o(.text)
    EXTI0_IRQHandler                         0x0800015f   Thumb Code     0  startup_stm32f10x_hd.o(.text)
    EXTI1_IRQHandler                         0x0800015f   Thumb Code     0  startup_stm32f10x_hd.o(.text)
    EXTI2_IRQHandler                         0x0800015f   Thumb Code     0  startup_stm32f10x_hd.o(.text)
    FLASH_IRQHandler                         0x0800015f   Thumb Code     0  startup_stm32f10x_hd.o(.text)
    FSMC_IRQHandler                          0x0800015f   Thumb Code     0  startup_stm32f10x_hd.o(.text)
    I2C1_ER_IRQHandler                       0x0800015f   Thumb Code     0  startup_stm32f10x_hd.o(.text)
    I2C1_EV_IRQHandler                       0x0800015f   Thumb Code     0  startup_stm32f10x_hd.o(.text)
    I2C2_ER_IRQHandler                       0x0800015f   Thumb Code     0  startup_stm32f10x_hd.o(.text)
    I2C2_EV_IRQHandler                       0x0800015f   Thumb Code     0  startup_stm32f10x_hd.o(.text)
    PVD_IRQHandler                           0x0800015f   Thumb Code     0  startup_stm32f10x_hd.o(.text)
    RCC_IRQHandler                           0x0800015f   Thumb Code     0  startup_stm32f10x_hd.o(.text)
    RTCAlarm_IRQHandler                      0x0800015f   Thumb Code     0  startup_stm32f10x_hd.o(.text)
    RTC_IRQHandler                           0x0800015f   Thumb Code     0  startup_stm32f10x_hd.o(.text)
    SPI1_IRQHandler                          0x0800015f   Thumb Code     0  startup_stm32f10x_hd.o(.text)
    SPI2_IRQHandler                          0x0800015f   Thumb Code     0  startup_stm32f10x_hd.o(.text)
    SPI3_IRQHandler                          0x0800015f   Thumb Code     0  startup_stm32f10x_hd.o(.text)
    TAMPER_IRQHandler                        0x0800015f   Thumb Code     0  startup_stm32f10x_hd.o(.text)
    TIM1_BRK_IRQHandler                      0x0800015f   Thumb Code     0  startup_stm32f10x_hd.o(.text)
    TIM1_CC_IRQHandler                       0x0800015f   Thumb Code     0  startup_stm32f10x_hd.o(.text)
    TIM1_TRG_COM_IRQHandler                  0x0800015f   Thumb Code     0  startup_stm32f10x_hd.o(.text)
    TIM1_UP_IRQHandler                       0x0800015f   Thumb Code     0  startup_stm32f10x_hd.o(.text)
    TIM2_IRQHandler                          0x0800015f   Thumb Code     0  startup_stm32f10x_hd.o(.text)
    TIM4_IRQHandler                          0x0800015f   Thumb Code     0  startup_stm32f10x_hd.o(.text)
    TIM5_IRQHandler                          0x0800015f   Thumb Code     0  startup_stm32f10x_hd.o(.text)
    TIM6_IRQHandler                          0x0800015f   Thumb Code     0  startup_stm32f10x_hd.o(.text)
    TIM7_IRQHandler                          0x0800015f   Thumb Code     0  startup_stm32f10x_hd.o(.text)
    TIM8_BRK_IRQHandler                      0x0800015f   Thumb Code     0  startup_stm32f10x_hd.o(.text)
    TIM8_CC_IRQHandler                       0x0800015f   Thumb Code     0  startup_stm32f10x_hd.o(.text)
    TIM8_TRG_COM_IRQHandler                  0x0800015f   Thumb Code     0  startup_stm32f10x_hd.o(.text)
    TIM8_UP_IRQHandler                       0x0800015f   Thumb Code     0  startup_stm32f10x_hd.o(.text)
    UART4_IRQHandler                         0x0800015f   Thumb Code     0  startup_stm32f10x_hd.o(.text)
    UART5_IRQHandler                         0x0800015f   Thumb Code     0  startup_stm32f10x_hd.o(.text)
    USART2_IRQHandler                        0x0800015f   Thumb Code     0  startup_stm32f10x_hd.o(.text)
    USART3_IRQHandler                        0x0800015f   Thumb Code     0  startup_stm32f10x_hd.o(.text)
    USB_HP_CAN1_TX_IRQHandler                0x0800015f   Thumb Code     0  startup_stm32f10x_hd.o(.text)
    WWDG_IRQHandler                          0x0800015f   Thumb Code     0  startup_stm32f10x_hd.o(.text)
    __aeabi_uldivmod                         0x08000169   Thumb Code    98  uldiv.o(.text)
    __aeabi_memcpy                           0x080001cb   Thumb Code    36  memcpya.o(.text)
    __aeabi_memcpy4                          0x080001cb   Thumb Code     0  memcpya.o(.text)
    __aeabi_memcpy8                          0x080001cb   Thumb Code     0  memcpya.o(.text)
    __aeabi_memset                           0x080001ef   Thumb Code    14  memseta.o(.text)
    __aeabi_memset4                          0x080001ef   Thumb Code     0  memseta.o(.text)
    __aeabi_memset8                          0x080001ef   Thumb Code     0  memseta.o(.text)
    __aeabi_memclr                           0x080001fd   Thumb Code     4  memseta.o(.text)
    __aeabi_memclr4                          0x080001fd   Thumb Code     0  memseta.o(.text)
    __aeabi_memclr8                          0x080001fd   Thumb Code     0  memseta.o(.text)
    _memset$wrapper                          0x08000201   Thumb Code    18  memseta.o(.text)
    strstr                                   0x08000213   Thumb Code    36  strstr.o(.text)
    strncpy                                  0x08000237   Thumb Code    24  strncpy.o(.text)
    strlen                                   0x0800024f   Thumb Code    14  strlen.o(.text)
    __aeabi_fmul                             0x0800025d   Thumb Code   100  fmul.o(.text)
    __aeabi_fdiv                             0x080002c1   Thumb Code   124  fdiv.o(.text)
    __aeabi_dadd                             0x0800033d   Thumb Code   322  dadd.o(.text)
    __aeabi_dsub                             0x0800047f   Thumb Code     6  dadd.o(.text)
    __aeabi_drsub                            0x08000485   Thumb Code     6  dadd.o(.text)
    __aeabi_dmul                             0x0800048b   Thumb Code   228  dmul.o(.text)
    __aeabi_i2f                              0x0800056f   Thumb Code    18  fflti.o(.text)
    __aeabi_ui2f                             0x08000581   Thumb Code    10  ffltui.o(.text)
    __aeabi_i2d                              0x0800058b   Thumb Code    34  dflti.o(.text)
    __aeabi_f2uiz                            0x080005ad   Thumb Code    40  ffixui.o(.text)
    __aeabi_d2iz                             0x080005d5   Thumb Code    62  dfixi.o(.text)
    __aeabi_d2uiz                            0x08000613   Thumb Code    50  dfixui.o(.text)
    __aeabi_f2d                              0x08000645   Thumb Code    38  f2d.o(.text)
    __aeabi_cdcmpeq                          0x0800066d   Thumb Code     0  cdcmple.o(.text)
    __aeabi_cdcmple                          0x0800066d   Thumb Code    48  cdcmple.o(.text)
    __aeabi_cdrcmple                         0x0800069d   Thumb Code    48  cdrcmple.o(.text)
    __aeabi_d2f                              0x080006cd   Thumb Code    56  d2f.o(.text)
    __aeabi_cfcmpeq                          0x08000705   Thumb Code     0  cfcmple.o(.text)
    __aeabi_cfcmple                          0x08000705   Thumb Code    20  cfcmple.o(.text)
    __aeabi_llsl                             0x08000719   Thumb Code    30  llshl.o(.text)
    _ll_shift_l                              0x08000719   Thumb Code     0  llshl.o(.text)
    __aeabi_llsr                             0x08000737   Thumb Code    32  llushr.o(.text)
    _ll_ushift_r                             0x08000737   Thumb Code     0  llushr.o(.text)
    __aeabi_lasr                             0x08000757   Thumb Code    36  llsshr.o(.text)
    _ll_sshift_r                             0x08000757   Thumb Code     0  llsshr.o(.text)
    __I$use$fp                               0x0800077b   Thumb Code     0  iusefp.o(.text)
    _float_round                             0x0800077b   Thumb Code    18  fepilogue.o(.text)
    _float_epilogue                          0x0800078d   Thumb Code    92  fepilogue.o(.text)
    _double_round                            0x080007e9   Thumb Code    30  depilogue.o(.text)
    _double_epilogue                         0x08000807   Thumb Code   156  depilogue.o(.text)
    __scatterload                            0x080008a5   Thumb Code    28  init.o(.text)
    __scatterload_rt2                        0x080008a5   Thumb Code     0  init.o(.text)
    __decompress                             0x080008c9   Thumb Code     0  __dczerorl2.o(.text)
    __decompress1                            0x080008c9   Thumb Code    86  __dczerorl2.o(.text)
    ADC_Cmd                                  0x0800091f   Thumb Code    22  stm32f10x_adc.o(i.ADC_Cmd)
    ADC_DMACmd                               0x08000935   Thumb Code    22  stm32f10x_adc.o(i.ADC_DMACmd)
    ADC_DeInit                               0x0800094d   Thumb Code    78  stm32f10x_adc.o(i.ADC_DeInit)
    ADC_GetCalibrationStatus                 0x080009a9   Thumb Code    20  stm32f10x_adc.o(i.ADC_GetCalibrationStatus)
    ADC_GetResetCalibrationStatus            0x080009bd   Thumb Code    20  stm32f10x_adc.o(i.ADC_GetResetCalibrationStatus)
    ADC_Init                                 0x080009d1   Thumb Code    70  stm32f10x_adc.o(i.ADC_Init)
    ADC_RegularChannelConfig                 0x08000a21   Thumb Code   184  stm32f10x_adc.o(i.ADC_RegularChannelConfig)
    ADC_ResetCalibration                     0x08000ad9   Thumb Code    10  stm32f10x_adc.o(i.ADC_ResetCalibration)
    ADC_SoftwareStartConvCmd                 0x08000ae3   Thumb Code    22  stm32f10x_adc.o(i.ADC_SoftwareStartConvCmd)
    ADC_StartCalibration                     0x08000af9   Thumb Code    10  stm32f10x_adc.o(i.ADC_StartCalibration)
    Build_Huffman_Table_SD                   0x08000b05   Thumb Code   392  fmt_jpeg.o(i.Build_Huffman_Table_SD)
    BusFault_Handler                         0x08000d29   Thumb Code     4  stm32f10x_it.o(i.BusFault_Handler)
    ByteSwap                                 0x08000d2d   Thumb Code    12  usb_regs.o(i.ByteSwap)
    CTR_LP                                   0x08000d39   Thumb Code   616  usb_int.o(i.CTR_LP)
    ClearDTOG_RX                             0x08000fc1   Thumb Code    48  usb_regs.o(i.ClearDTOG_RX)
    ClearDTOG_TX                             0x08000ff5   Thumb Code    48  usb_regs.o(i.ClearDTOG_TX)
    Clear_Status_Out                         0x08001029   Thumb Code    34  usb_regs.o(i.Clear_Status_Out)
    DMA_ClearFlag                            0x0800131d   Thumb Code    18  stm32f10x_dma.o(i.DMA_ClearFlag)
    DMA_Cmd                                  0x08001339   Thumb Code    24  stm32f10x_dma.o(i.DMA_Cmd)
    DMA_DeInit                               0x08001351   Thumb Code   324  stm32f10x_dma.o(i.DMA_DeInit)
    DMA_GetFlagStatus                        0x0800149d   Thumb Code    36  stm32f10x_dma.o(i.DMA_GetFlagStatus)
    DMA_Init                                 0x080014c9   Thumb Code    60  stm32f10x_dma.o(i.DMA_Init)
    DebugMon_Handler                         0x08001919   Thumb Code     2  stm32f10x_it.o(i.DebugMon_Handler)
    Dec_JPEG_to_YuvRgb                       0x0800191d   Thumb Code  6164  fmt_jpeg.o(i.Dec_JPEG_to_YuvRgb)
    EP1_IN_Callback                          0x08003139   Thumb Code     8  usb_endp.o(i.EP1_IN_Callback)
    EXTI15_10_IRQHandler                     0x08003145   Thumb Code   102  irqhandler.o(i.EXTI15_10_IRQHandler)
    EXTI3_IRQHandler                         0x080031b9   Thumb Code    46  irqhandler.o(i.EXTI3_IRQHandler)
    EXTI4_IRQHandler                         0x080031f1   Thumb Code    24  si24r1.o(i.EXTI4_IRQHandler)
    EXTI9_5_IRQHandler                       0x0800320d   Thumb Code    52  irqhandler.o(i.EXTI9_5_IRQHandler)
    EXTI_ClearITPendingBit                   0x08003249   Thumb Code     6  stm32f10x_exti.o(i.EXTI_ClearITPendingBit)
    EXTI_GetITStatus                         0x08003255   Thumb Code    34  stm32f10x_exti.o(i.EXTI_GetITStatus)
    EXTI_Init                                0x0800327d   Thumb Code   142  stm32f10x_exti.o(i.EXTI_Init)
    Enter_LowPowerMode                       0x08003311   Thumb Code     8  hw_config.o(i.Enter_LowPowerMode)
    GPIO_EXTILineConfig                      0x080034b1   Thumb Code    60  stm32f10x_gpio.o(i.GPIO_EXTILineConfig)
    GPIO_Init                                0x080034f1   Thumb Code   278  stm32f10x_gpio.o(i.GPIO_Init)
    GPIO_ReadInputDataBit                    0x08003607   Thumb Code    18  stm32f10x_gpio.o(i.GPIO_ReadInputDataBit)
    GPIO_ResetBits                           0x08003619   Thumb Code     4  stm32f10x_gpio.o(i.GPIO_ResetBits)
    GPIO_SetBits                             0x0800361d   Thumb Code     4  stm32f10x_gpio.o(i.GPIO_SetBits)
    GetEPRxAddr                              0x08003621   Thumb Code    24  usb_regs.o(i.GetEPRxAddr)
    GetEPTxAddr                              0x08003641   Thumb Code    22  usb_regs.o(i.GetEPTxAddr)
    Get_SerialNum                            0x08003661   Thumb Code    42  hw_config.o(i.Get_SerialNum)
    HardFault_Handler                        0x08003695   Thumb Code     4  stm32f10x_it.o(i.HardFault_Handler)
    In0_Process                              0x08003699   Thumb Code    98  usb_core.o(i.In0_Process)
    Inverse_DCT                              0x08003749   Thumb Code   274  fmt_jpeg.o(i.Inverse_DCT)
    Joystick_Data_Setup                      0x08003865   Thumb Code   108  usb_prop.o(i.Joystick_Data_Setup)
    Joystick_GetConfigDescriptor             0x080038e1   Thumb Code    14  usb_prop.o(i.Joystick_GetConfigDescriptor)
    Joystick_GetDeviceDescriptor             0x080038f5   Thumb Code    14  usb_prop.o(i.Joystick_GetDeviceDescriptor)
    Joystick_GetHIDDescriptor                0x08003909   Thumb Code    14  usb_prop.o(i.Joystick_GetHIDDescriptor)
    Joystick_GetProtocolValue                0x0800391d   Thumb Code    20  usb_prop.o(i.Joystick_GetProtocolValue)
    Joystick_GetReportDescriptor             0x08003939   Thumb Code    14  usb_prop.o(i.Joystick_GetReportDescriptor)
    Joystick_GetStringDescriptor             0x0800394d   Thumb Code    32  usb_prop.o(i.Joystick_GetStringDescriptor)
    Joystick_Get_Interface_Setting           0x08003975   Thumb Code    22  usb_prop.o(i.Joystick_Get_Interface_Setting)
    Joystick_NoData_Setup                    0x0800398d   Thumb Code    32  usb_prop.o(i.Joystick_NoData_Setup)
    Joystick_Reset                           0x080039b1   Thumb Code   148  usb_prop.o(i.Joystick_Reset)
    Joystick_Send                            0x08003a55   Thumb Code    48  hw_config.o(i.Joystick_Send)
    Joystick_SetConfiguration                0x08003a85   Thumb Code    14  usb_prop.o(i.Joystick_SetConfiguration)
    Joystick_SetDeviceAddress                0x08003a9d   Thumb Code     8  usb_prop.o(i.Joystick_SetDeviceAddress)
    Joystick_SetProtocol                     0x08003aa9   Thumb Code    14  usb_prop.o(i.Joystick_SetProtocol)
    Joystick_Status_In                       0x08003ac1   Thumb Code     2  usb_prop.o(i.Joystick_Status_In)
    Joystick_Status_Out                      0x08003ac3   Thumb Code     2  usb_prop.o(i.Joystick_Status_Out)
    Joystick_init                            0x08003ac5   Thumb Code    30  usb_prop.o(i.Joystick_init)
    Leave_LowPowerMode                       0x08003aed   Thumb Code    22  hw_config.o(i.Leave_LowPowerMode)
    Lithium_Battery_percent                  0x08003b0d   Thumb Code   508  adc.o(i.Lithium_Battery_percent)
    MemManage_Handler                        0x08003d5d   Thumb Code     4  stm32f10x_it.o(i.MemManage_Handler)
    NMI_Handler                              0x08003d61   Thumb Code     2  stm32f10x_it.o(i.NMI_Handler)
    NOP_Process                              0x08003d63   Thumb Code     2  usb_core.o(i.NOP_Process)
    NVIC_Init                                0x08003d65   Thumb Code   100  misc.o(i.NVIC_Init)
    NVIC_PriorityGroupConfig                 0x08003dd5   Thumb Code    10  misc.o(i.NVIC_PriorityGroupConfig)
    Out0_Process                             0x08003f21   Thumb Code    70  usb_core.o(i.Out0_Process)
    PMAToUserBufferCopy                      0x08003f71   Thumb Code    34  usb_mem.o(i.PMAToUserBufferCopy)
    PendSV_Handler                           0x08003f99   Thumb Code     2  stm32f10x_it.o(i.PendSV_Handler)
    Post0_Process                            0x08003f9d   Thumb Code    54  usb_core.o(i.Post0_Process)
    PowerOn                                  0x08003fe5   Thumb Code    54  usb_pwr.o(i.PowerOn)
    RCC_ADCCLKConfig                         0x08004025   Thumb Code    18  stm32f10x_rcc.o(i.RCC_ADCCLKConfig)
    RCC_AHBPeriphClockCmd                    0x0800403d   Thumb Code    26  stm32f10x_rcc.o(i.RCC_AHBPeriphClockCmd)
    RCC_APB1PeriphClockCmd                   0x0800405d   Thumb Code    26  stm32f10x_rcc.o(i.RCC_APB1PeriphClockCmd)
    RCC_APB2PeriphClockCmd                   0x0800407d   Thumb Code    26  stm32f10x_rcc.o(i.RCC_APB2PeriphClockCmd)
    RCC_APB2PeriphResetCmd                   0x0800409d   Thumb Code    26  stm32f10x_rcc.o(i.RCC_APB2PeriphResetCmd)
    RCC_USBCLKConfig                         0x080040bd   Thumb Code     6  stm32f10x_rcc.o(i.RCC_USBCLKConfig)
    Resume                                   0x080040c9   Thumb Code   194  usb_pwr.o(i.Resume)
    Resume_Init                              0x08004199   Thumb Code    30  usb_pwr.o(i.Resume_Init)
    SDIO_ClearFlag                           0x080042c9   Thumb Code     6  stm32f10x_sdio.o(i.SDIO_ClearFlag)
    SDIO_ClearITPendingBit                   0x080042d5   Thumb Code     6  stm32f10x_sdio.o(i.SDIO_ClearITPendingBit)
    SDIO_ClockCmd                            0x080042e1   Thumb Code     6  stm32f10x_sdio.o(i.SDIO_ClockCmd)
    SDIO_DMACmd                              0x080042ed   Thumb Code     6  stm32f10x_sdio.o(i.SDIO_DMACmd)
    SDIO_DataConfig                          0x080042f9   Thumb Code    42  stm32f10x_sdio.o(i.SDIO_DataConfig)
    SDIO_DeInit                              0x08004329   Thumb Code    28  stm32f10x_sdio.o(i.SDIO_DeInit)
    SDIO_GetCommandResponse                  0x0800434d   Thumb Code     8  stm32f10x_sdio.o(i.SDIO_GetCommandResponse)
    SDIO_GetFlagStatus                       0x08004359   Thumb Code    20  stm32f10x_sdio.o(i.SDIO_GetFlagStatus)
    SDIO_GetPowerState                       0x08004371   Thumb Code    10  stm32f10x_sdio.o(i.SDIO_GetPowerState)
    SDIO_GetResponse                         0x08004381   Thumb Code    20  stm32f10x_sdio.o(i.SDIO_GetResponse)
    SDIO_IRQHandler                          0x08004399   Thumb Code     8  irqhandler.o(i.SDIO_IRQHandler)
    SDIO_ITConfig                            0x080043a1   Thumb Code    26  stm32f10x_sdio.o(i.SDIO_ITConfig)
    SDIO_Init                                0x080043c1   Thumb Code    42  stm32f10x_sdio.o(i.SDIO_Init)
    SDIO_ReadData                            0x08004411   Thumb Code     6  stm32f10x_sdio.o(i.SDIO_ReadData)
    SDIO_SendCommand                         0x08004485   Thumb Code    38  stm32f10x_sdio.o(i.SDIO_SendCommand)
    SDIO_SetPowerState                       0x080044b1   Thumb Code    22  stm32f10x_sdio.o(i.SDIO_SetPowerState)
    SD_EnableWideBusOperation                0x08004595   Thumb Code   140  sdio_sdcard.o(i.SD_EnableWideBusOperation)
    SD_GetCardInfo                           0x08004629   Thumb Code   702  sdio_sdcard.o(i.SD_GetCardInfo)
    SD_GetState                              0x080048f1   Thumb Code    26  sdio_sdcard.o(i.SD_GetState)
    SD_GetStatus                             0x0800490b   Thumb Code    30  sdio_sdcard.o(i.SD_GetStatus)
    SD_Init                                  0x08004929   Thumb Code   158  sdio_sdcard.o(i.SD_Init)
    SD_InitializeCards                       0x080049d9   Thumb Code   282  sdio_sdcard.o(i.SD_InitializeCards)
    SD_PowerON                               0x08004b01   Thumb Code   382  sdio_sdcard.o(i.SD_PowerON)
    SD_ProcessIRQSrc                         0x08004c91   Thumb Code    70  sdio_sdcard.o(i.SD_ProcessIRQSrc)
    SD_ReadMultiBlocks                       0x08004ce9   Thumb Code   204  sdio_sdcard.o(i.SD_ReadMultiBlocks)
    SD_SelectDeselect                        0x08004dd1   Thumb Code    48  sdio_sdcard.o(i.SD_SelectDeselect)
    SD_SendStatus                            0x08004e05   Thumb Code    46  sdio_sdcard.o(i.SD_SendStatus)
    SD_WaitReadOperation                     0x08004e3d   Thumb Code    52  sdio_sdcard.o(i.SD_WaitReadOperation)
    SD_WaitWriteOperation                    0x08004e7d   Thumb Code    52  sdio_sdcard.o(i.SD_WaitWriteOperation)
    SD_WriteBlock                            0x08004ebd   Thumb Code   192  sdio_sdcard.o(i.SD_WriteBlock)
    SD_WriteMultiBlocks                      0x08004f99   Thumb Code   294  sdio_sdcard.o(i.SD_WriteMultiBlocks)
    SPI1_Init                                0x080050e1   Thumb Code   106  spi.o(i.SPI1_Init)
    SPI1_ReadWriteByte                       0x08005159   Thumb Code    78  spi.o(i.SPI1_ReadWriteByte)
    SPI2_Init                                0x080051ad   Thumb Code   110  spi.o(i.SPI2_Init)
    SPI2_ReadWriteByte                       0x08005229   Thumb Code    78  spi.o(i.SPI2_ReadWriteByte)
    SPI_Cmd                                  0x0800527d   Thumb Code    24  stm32f10x_spi.o(i.SPI_Cmd)
    SPI_I2S_GetFlagStatus                    0x08005295   Thumb Code    18  stm32f10x_spi.o(i.SPI_I2S_GetFlagStatus)
    SPI_I2S_ReceiveData                      0x080052a7   Thumb Code     6  stm32f10x_spi.o(i.SPI_I2S_ReceiveData)
    SPI_I2S_SendData                         0x080052ad   Thumb Code     4  stm32f10x_spi.o(i.SPI_I2S_SendData)
    SPI_Init                                 0x080052b1   Thumb Code    60  stm32f10x_spi.o(i.SPI_Init)
    SVC_Handler                              0x080052ed   Thumb Code     2  stm32f10x_it.o(i.SVC_Handler)
    SetBTABLE                                0x080052f1   Thumb Code    12  usb_regs.o(i.SetBTABLE)
    SetDeviceAddress                         0x08005301   Thumb Code    68  usb_core.o(i.SetDeviceAddress)
    SetEPRxAddr                              0x08005351   Thumb Code    26  usb_regs.o(i.SetEPRxAddr)
    SetEPRxCount                             0x08005375   Thumb Code    68  usb_regs.o(i.SetEPRxCount)
    SetEPRxStatus                            0x080053c1   Thumb Code    60  usb_regs.o(i.SetEPRxStatus)
    SetEPRxValid                             0x08005401   Thumb Code    48  usb_regs.o(i.SetEPRxValid)
    SetEPTxAddr                              0x08005435   Thumb Code    24  usb_regs.o(i.SetEPTxAddr)
    SetEPTxCount                             0x08005455   Thumb Code    20  usb_regs.o(i.SetEPTxCount)
    SetEPTxStatus                            0x08005471   Thumb Code    60  usb_regs.o(i.SetEPTxStatus)
    SetEPTxValid                             0x080054b1   Thumb Code    48  usb_regs.o(i.SetEPTxValid)
    SetEPType                                0x080054e5   Thumb Code    32  usb_regs.o(i.SetEPType)
    Set_USBClock                             0x080055f1   Thumb Code    18  hw_config.o(i.Set_USBClock)
    Setup0_Process                           0x08005605   Thumb Code   170  usb_core.o(i.Setup0_Process)
    Standard_ClearFeature                    0x080056bd   Thumb Code   342  usb_core.o(i.Standard_ClearFeature)
    Standard_GetConfiguration                0x08005829   Thumb Code    34  usb_core.o(i.Standard_GetConfiguration)
    Standard_GetDescriptorData               0x08005855   Thumb Code    32  usb_core.o(i.Standard_GetDescriptorData)
    Standard_GetInterface                    0x08005879   Thumb Code    34  usb_core.o(i.Standard_GetInterface)
    Standard_GetStatus                       0x080058a5   Thumb Code   238  usb_core.o(i.Standard_GetStatus)
    Standard_SetConfiguration                0x080059a5   Thumb Code    60  usb_core.o(i.Standard_SetConfiguration)
    Standard_SetDeviceFeature                0x080059ed   Thumb Code    30  usb_core.o(i.Standard_SetDeviceFeature)
    Standard_SetEndPointFeature              0x08005a15   Thumb Code   192  usb_core.o(i.Standard_SetEndPointFeature)
    Standard_SetInterface                    0x08005ae5   Thumb Code    96  usb_core.o(i.Standard_SetInterface)
    Suspend                                  0x08005b51   Thumb Code   142  usb_pwr.o(i.Suspend)
    SysTick_CLKSourceConfig                  0x08005bed   Thumb Code    40  misc.o(i.SysTick_CLKSourceConfig)
    SysTick_Handler                          0x08005c15   Thumb Code     2  stm32f10x_it.o(i.SysTick_Handler)
    SystemInit                               0x08005c19   Thumb Code    78  system_stm32f10x.o(i.SystemInit)
    TIM3_Config_Init                         0x08005c79   Thumb Code    90  timer.o(i.TIM3_Config_Init)
    TIM3_IRQHandler                          0x08005cd9   Thumb Code   146  irqhandler.o(i.TIM3_IRQHandler)
    TIM_ClearITPendingBit                    0x08005d91   Thumb Code     6  stm32f10x_tim.o(i.TIM_ClearITPendingBit)
    TIM_Cmd                                  0x08005d97   Thumb Code    24  stm32f10x_tim.o(i.TIM_Cmd)
    TIM_GetITStatus                          0x08005daf   Thumb Code    34  stm32f10x_tim.o(i.TIM_GetITStatus)
    TIM_ITConfig                             0x08005dd1   Thumb Code    18  stm32f10x_tim.o(i.TIM_ITConfig)
    TIM_TimeBaseInit                         0x08005de5   Thumb Code   122  stm32f10x_tim.o(i.TIM_TimeBaseInit)
    USART1_IRQHandler                        0x08005e89   Thumb Code   122  usart.o(i.USART1_IRQHandler)
    USART_GetITStatus                        0x08005f11   Thumb Code    84  stm32f10x_usart.o(i.USART_GetITStatus)
    USART_ReceiveData                        0x08005f65   Thumb Code    10  stm32f10x_usart.o(i.USART_ReceiveData)
    USBWakeUp_IRQHandler                     0x08005f6f   Thumb Code    12  irqhandler.o(i.USBWakeUp_IRQHandler)
    USB_Cable_Config                         0x08005f7b   Thumb Code     2  hw_config.o(i.USB_Cable_Config)
    USB_Init                                 0x08005f7d   Thumb Code    36  usb_init.o(i.USB_Init)
    USB_Interrupts_Config                    0x08005fb9   Thumb Code    84  hw_config.o(i.USB_Interrupts_Config)
    USB_Istr                                 0x0800600d   Thumb Code   422  usb_istr.o(i.USB_Istr)
    USB_LP_CAN1_RX0_IRQHandler               0x080061d9   Thumb Code     8  irqhandler.o(i.USB_LP_CAN1_RX0_IRQHandler)
    USB_Port_Set                             0x080061e1   Thumb Code    74  hw_config.o(i.USB_Port_Set)
    USB_SIL_Init                             0x08006239   Thumb Code    28  usb_sil.o(i.USB_SIL_Init)
    USB_SIL_Write                            0x0800625d   Thumb Code    46  usb_sil.o(i.USB_SIL_Write)
    UsageFault_Handler                       0x0800628b   Thumb Code     4  stm32f10x_it.o(i.UsageFault_Handler)
    UserToPMABufferCopy                      0x08006291   Thumb Code    52  usb_mem.o(i.UserToPMABufferCopy)
    __0sprintf$2                             0x080062c9   Thumb Code    34  printf2.o(i.__0sprintf$2)
    __1sprintf$2                             0x080062c9   Thumb Code     0  printf2.o(i.__0sprintf$2)
    __2sprintf                               0x080062c9   Thumb Code     0  printf2.o(i.__0sprintf$2)
    __scatterload_copy                       0x080062f1   Thumb Code    14  handlers.o(i.__scatterload_copy)
    __scatterload_null                       0x080062ff   Thumb Code     2  handlers.o(i.__scatterload_null)
    __scatterload_zeroinit                   0x08006301   Thumb Code    14  handlers.o(i.__scatterload_zeroinit)
    adc1_init                                0x080063f1   Thumb Code   272  adc.o(i.adc1_init)
    adc_dma_start                            0x0800650d   Thumb Code    20  adc.o(i.adc_dma_start)
    clust2sect                               0x080065ff   Thumb Code    26  ff.o(i.clust2sect)
    delay_init                               0x080069c1   Thumb Code    50  delay.o(i.delay_init)
    delay_ms                                 0x08006a05   Thumb Code    72  delay.o(i.delay_ms)
    disk_initialize                          0x08006f33   Thumb Code    28  diskio.o(i.disk_initialize)
    disk_ioctl                               0x08006f51   Thumb Code    84  diskio.o(i.disk_ioctl)
    disk_read                                0x08006fa9   Thumb Code   178  diskio.o(i.disk_read)
    disk_status                              0x08007061   Thumb Code    14  diskio.o(i.disk_status)
    disk_write                               0x08007071   Thumb Code   208  diskio.o(i.disk_write)
    dma_config                               0x08007145   Thumb Code    80  dma.o(i.dma_config)
    ef_FileList_iteration                    0x08007199   Thumb Code  1188  extfunc.o(i.ef_FileList_iteration)
    ef_SD_GetGbkMatrix                       0x0800763d   Thumb Code   318  extfunc.o(i.ef_SD_GetGbkMatrix)
    ef_check_extension                       0x080077c9   Thumb Code   232  extfunc.o(i.ef_check_extension)
    ef_checkfile                             0x08007919   Thumb Code    26  extfunc.o(i.ef_checkfile)
    ef_display_SDcapcity                     0x08007939   Thumb Code   214  extfunc.o(i.ef_display_SDcapcity)
    ef_display_filelist                      0x08007a81   Thumb Code   358  extfunc.o(i.ef_display_filelist)
    ef_getcapacity                           0x08007c01   Thumb Code    82  extfunc.o(i.ef_getcapacity)
    ef_multimedia_pic_bin                    0x08007c59   Thumb Code  1492  extfunc.o(i.ef_multimedia_pic_bin)
    ef_multimedia_pic_bmp                    0x08008259   Thumb Code  1712  picturelib.o(i.ef_multimedia_pic_bmp)
    ef_multimedia_pic_jpeg                   0x08008961   Thumb Code   240  picturelib.o(i.ef_multimedia_pic_jpeg)
    ef_multimedia_txt                        0x08008a95   Thumb Code   194  extfunc.o(i.ef_multimedia_txt)
    ef_scanfiles                             0x08008ba1   Thumb Code   146  extfunc.o(i.ef_scanfiles)
    exti_init                                0x08008c41   Thumb Code   162  exti.o(i.exti_init)
    f_close                                  0x08008ce3   Thumb Code    32  ff.o(i.f_close)
    f_closedir                               0x08008d03   Thumb Code    22  ff.o(i.f_closedir)
    f_getfree                                0x08008d19   Thumb Code   258  ff.o(i.f_getfree)
    f_lseek                                  0x08008e1b   Thumb Code   684  ff.o(i.f_lseek)
    f_mount                                  0x080090c9   Thumb Code    86  ff.o(i.f_mount)
    f_open                                   0x08009125   Thumb Code   380  ff.o(i.f_open)
    f_opendir                                0x080092a1   Thumb Code   114  ff.o(i.f_opendir)
    f_read                                   0x08009313   Thumb Code   432  ff.o(i.f_read)
    f_readdir                                0x080094c3   Thumb Code    96  ff.o(i.f_readdir)
    f_stat                                   0x08009523   Thumb Code    64  ff.o(i.f_stat)
    f_sync                                   0x08009563   Thumb Code   176  ff.o(i.f_sync)
    f_write                                  0x08009613   Thumb Code   490  ff.o(i.f_write)
    ff_convert                               0x080097fd   Thumb Code    70  ccsbcs.o(i.ff_convert)
    ff_wtoupper                              0x08009849   Thumb Code    84  ccsbcs.o(i.ff_wtoupper)
    free                                     0x08009d49   Thumb Code    76  malloc.o(i.free)
    get_fat                                  0x08009e4d   Thumb Code   242  ff.o(i.get_fat)
    get_fattime                              0x08009f41   Thumb Code     4  diskio.o(i.get_fattime)
    key_init                                 0x0800a095   Thumb Code    98  key.o(i.key_init)
    led_init                                 0x0800a121   Thumb Code    90  led.o(i.led_init)
    main                                     0x0800a181   Thumb Code  4904  main.o(i.main)
    malloc                                   0x0800b4bd   Thumb Code    92  malloc.o(i.malloc)
    mypow                                    0x0800b5b1   Thumb Code    22  oled.o(i.mypow)
    oled_buffer_clear                        0x0800b5c9   Thumb Code    48  oled.o(i.oled_buffer_clear)
    oled_clear                               0x0800b5fd   Thumb Code    20  oled.o(i.oled_clear)
    oled_draw_line                           0x0800b611   Thumb Code   184  oled_mathpaint.o(i.oled_draw_line)
    oled_draw_point                          0x0800b6c9   Thumb Code    24  oled.o(i.oled_draw_point)
    oled_draw_rectangle                      0x0800b6e5   Thumb Code    74  oled_mathpaint.o(i.oled_draw_rectangle)
    oled_refresh                             0x0800b731   Thumb Code    70  oled.o(i.oled_refresh)
    oled_show_Bin_Array                      0x0800b77d   Thumb Code   304  oled.o(i.oled_show_Bin_Array)
    oled_show_GBK                            0x0800b8b1   Thumb Code   214  oled.o(i.oled_show_GBK)
    oled_show_char                           0x0800b989   Thumb Code   234  oled.o(i.oled_show_char)
    oled_show_float                          0x0800ba81   Thumb Code   494  oled.o(i.oled_show_float)
    oled_show_num_every0                     0x0800bc6f   Thumb Code   128  oled.o(i.oled_show_num_every0)
    oled_show_num_hide0                      0x0800bcef   Thumb Code   372  oled.o(i.oled_show_num_hide0)
    oled_show_string                         0x0800be63   Thumb Code   446  oled.o(i.oled_show_string)
    oled_spi_init                            0x0800c021   Thumb Code    84  oled.o(i.oled_spi_init)
    oled_ssd1351_init                        0x0800c07d   Thumb Code   914  oled.o(i.oled_ssd1351_init)
    oled_write_Byte                          0x0800c419   Thumb Code    38  oled.o(i.oled_write_Byte)
    put_fat                                  0x0800c4d1   Thumb Code   322  ff.o(i.put_fat)
    rd_BigEnd16                              0x0800c613   Thumb Code    16  fmt_jpeg.o(i.rd_BigEnd16)
    rd_SOF0_2get_size                        0x0800c625   Thumb Code   244  fmt_jpeg.o(i.rd_SOF0_2get_size)
    rd_restore_HuffBit_RLE_Mat               0x0800c71d   Thumb Code  1518  fmt_jpeg.o(i.rd_restore_HuffBit_RLE_Mat)
    rd_restore_InvQuantize                   0x0800cd15   Thumb Code   134  fmt_jpeg.o(i.rd_restore_InvQuantize)
    rgb888_to_565                            0x0800ce0d   Thumb Code    58  fmt_jpeg.o(i.rgb888_to_565)
    round_double                             0x0800ce49   Thumb Code    64  fmt_jpeg.o(i.round_double)
    si24r1_TX_mode                           0x0800ce8d   Thumb Code   110  si24r1.o(i.si24r1_TX_mode)
    si24r1_TX_packet                         0x0800cf09   Thumb Code   132  si24r1.o(i.si24r1_TX_packet)
    si24r1_detect                            0x0800cf95   Thumb Code    66  si24r1.o(i.si24r1_detect)
    si24r1_read_buf                          0x0800cfe1   Thumb Code    52  si24r1.o(i.si24r1_read_buf)
    si24r1_read_once                         0x0800d019   Thumb Code    36  si24r1.o(i.si24r1_read_once)
    si24r1_spi_init                          0x0800d045   Thumb Code   116  si24r1.o(i.si24r1_spi_init)
    si24r1_write_buf                         0x0800d0c1   Thumb Code    50  si24r1.o(i.si24r1_write_buf)
    si24r1_write_once                        0x0800d0f9   Thumb Code    34  si24r1.o(i.si24r1_write_once)
    ascii_0806                               0x0800d2bc   Data         552  oled.o(.constdata)
    ascii_1206                               0x0800d4e4   Data        1140  oled.o(.constdata)
    ascii_1608                               0x0800d958   Data        1520  oled.o(.constdata)
    icon_drone                               0x0800df48   Data         288  oled.o(.constdata)
    icon_sdcard                              0x0800e068   Data         288  oled.o(.constdata)
    icon_remote                              0x0800e188   Data         288  oled.o(.constdata)
    icon_mouse                               0x0800e2a8   Data         288  oled.o(.constdata)
    dma_size                                 0x0800e3c8   Data           2  oled.o(.constdata)
    TX_ADDRESS                               0x0800e3ca   Data           5  si24r1.o(.constdata)
    RX_ADDRESS                               0x0800e3cf   Data           5  si24r1.o(.constdata)
    Joystick_DeviceDescriptor                0x0800f1c8   Data          18  usb_desc.o(.constdata)
    Joystick_ConfigDescriptor                0x0800f1da   Data          34  usb_desc.o(.constdata)
    Joystick_ReportDescriptor                0x0800f1fc   Data          74  usb_desc.o(.constdata)
    Joystick_StringLangID                    0x0800f246   Data           4  usb_desc.o(.constdata)
    Joystick_StringVendor                    0x0800f24a   Data          38  usb_desc.o(.constdata)
    Joystick_StringProduct                   0x0800f270   Data          30  usb_desc.o(.constdata)
    Region$$Table$$Base                      0x0800f290   Number         0  anon$$obj.o(Region$$Table)
    Region$$Table$$Limit                     0x0800f2b0   Number         0  anon$$obj.o(Region$$Table)
    once                                     0x20000000   Data           1  main.o(.data)
    mousekey                                 0x20000001   Data           1  main.o(.data)
    left_key_value                           0x20000002   Data           1  main.o(.data)
    right_key_value                          0x20000003   Data           1  main.o(.data)
    user1_key_value                          0x20000004   Data           1  main.o(.data)
    user2_key_value                          0x20000005   Data           1  main.o(.data)
    THR_unlock                               0x20000006   Data           1  main.o(.data)
    upper_item                               0x20000007   Data           1  main.o(.data)
    lower_item                               0x20000008   Data           1  main.o(.data)
    RF_detected                              0x20000009   Data           1  main.o(.data)
    SD_detected                              0x2000000a   Data           1  main.o(.data)
    FAT_mounted                              0x2000000b   Data           1  main.o(.data)
    adc_thrust                               0x2000000c   Data           2  main.o(.data)
    adc_yaw                                  0x2000000e   Data           2  main.o(.data)
    adc_pitch                                0x20000010   Data           2  main.o(.data)
    adc_roll                                 0x20000012   Data           2  main.o(.data)
    adc_battery                              0x20000014   Data           2  main.o(.data)
    Trig_NRF_TX                              0x20000016   Data           1  main.o(.data)
    Trig_LED_Scan                            0x20000017   Data           1  main.o(.data)
    Trig_oled_FPS                            0x20000018   Data           1  main.o(.data)
    Trig_adc_bat                             0x20000019   Data           1  main.o(.data)
    surface                                  0x2000001a   Data           1  main.o(.data)
    episode                                  0x2000001b   Data           1  main.o(.data)
    SystemCoreClock                          0x20000020   Data           4  system_stm32f10x.o(.data)
    AHBPrescTable                            0x20000024   Data          16  system_stm32f10x.o(.data)
    CSD_Tab                                  0x20000044   Data           4  sdio_sdcard.o(.data)
    CID_Tab                                  0x20000048   Data           4  sdio_sdcard.o(.data)
    StopCondition                            0x2000004c   Data           4  sdio_sdcard.o(.data)
    TransferError                            0x20000050   Data           1  sdio_sdcard.o(.data)
    TransferEnd                              0x20000054   Data           4  sdio_sdcard.o(.data)
    NRF_IRQ_TRIG                             0x20000058   Data           1  si24r1.o(.data)
    bw                                       0x20000064   Data           4  extfunc.o(.data)
    br                                       0x20000068   Data           4  extfunc.o(.data)
    f_res                                    0x2000006c   Data           1  extfunc.o(.data)
    cur_path                                 0x2000006d   Data          10  extfunc.o(.data)
    tot_size                                 0x20000078   Data           4  extfunc.o(.data)
    fre_size                                 0x2000007c   Data           4  extfunc.o(.data)
    sd_size                                  0x20000080   Data           4  extfunc.o(.data)
    StatusInfo                               0x2000008c   Data           2  usb_core.o(.data)
    Data_Mul_MaxPacketSize                   0x2000008e   Data           1  usb_core.o(.data)
    EPindex                                  0x20000090   Data           1  usb_init.o(.data)
    pInformation                             0x20000094   Data           4  usb_init.o(.data)
    pProperty                                0x20000098   Data           4  usb_init.o(.data)
    SaveState                                0x2000009c   Data           2  usb_init.o(.data)
    wInterrupt_Mask                          0x2000009e   Data           2  usb_init.o(.data)
    pUser_Standard_Requests                  0x200000a0   Data           4  usb_init.o(.data)
    SaveRState                               0x200000a4   Data           2  usb_int.o(.data)
    SaveTState                               0x200000a6   Data           2  usb_int.o(.data)
    PrevXferComplete                         0x200000a8   Data           1  hw_config.o(.data)
    Joystick_StringSerial                    0x200000a9   Data          26  usb_desc.o(.data)
    wIstr                                    0x200000c4   Data           2  usb_istr.o(.data)
    bIntPackSOF                              0x200000c6   Data           1  usb_istr.o(.data)
    esof_counter                             0x200000c8   Data           4  usb_istr.o(.data)
    wCNTR                                    0x200000cc   Data           4  usb_istr.o(.data)
    pEpInt_IN                                0x200000d0   Data          28  usb_istr.o(.data)
    pEpInt_OUT                               0x200000ec   Data          28  usb_istr.o(.data)
    ProtocolValue                            0x20000108   Data           4  usb_prop.o(.data)
    Device_Table                             0x2000010c   Data           2  usb_prop.o(.data)
    Device_Property                          0x20000110   Data          48  usb_prop.o(.data)
    User_Standard_Requests                   0x20000140   Data          36  usb_prop.o(.data)
    Device_Descriptor                        0x20000164   Data           8  usb_prop.o(.data)
    Config_Descriptor                        0x2000016c   Data           8  usb_prop.o(.data)
    Joystick_Report_Descriptor               0x20000174   Data           8  usb_prop.o(.data)
    Mouse_Hid_Descriptor                     0x2000017c   Data           8  usb_prop.o(.data)
    String_Descriptor                        0x20000184   Data          32  usb_prop.o(.data)
    bDeviceState                             0x200001a4   Data           4  usb_pwr.o(.data)
    fSuspendEnabled                          0x200001a8   Data           1  usb_pwr.o(.data)
    ResumeS                                  0x200001a9   Data           2  usb_pwr.o(.data)
    remotewakeupon                           0x200001ac   Data           4  usb_pwr.o(.data)
    __stdout                                 0x200001b4   Data           4  usart.o(.data)
    USART_RX_STA                             0x200001b8   Data           2  usart.o(.data)
    __microlib_freelist                      0x200001bc   Data           4  mvars.o(.data)
    __microlib_freelist_initialised          0x200001c0   Data           4  mvars.o(.data)
    ADC_Mem                                  0x200001c4   Data          20  main.o(.bss)
    str                                      0x200001d8   Data         256  main.o(.bss)
    Aircraft_RFbuf                           0x200002d8   Data          10  main.o(.bss)
    TeleCtrl_RFbuf                           0x200002e2   Data          20  main.o(.bss)
    DMA_InitStructure                        0x200002f8   Data          44  dma.o(.bss)
    SPI_InitStructure                        0x20000324   Data          18  spi.o(.bss)
    Frame_Buffer                             0x20000336   Data       32768  oled.o(.bss)
    SDCardInfo                               0x20008338   Data          88  sdio_sdcard.o(.bss)
    SDIO_InitStructure                       0x20008390   Data          24  sdio_sdcard.o(.bss)
    SDIO_CmdInitStructure                    0x200083a8   Data          20  sdio_sdcard.o(.bss)
    SDIO_DataInitStructure                   0x200083bc   Data          24  sdio_sdcard.o(.bss)
    fs                                       0x200086d4   Data         560  extfunc.o(.bss)
    fp                                       0x20008904   Data         552  extfunc.o(.bss)
    fno                                      0x20008b2c   Data          32  extfunc.o(.bss)
    filename                                 0x20008b4c   Data        3810  extfunc.o(.bss)
    Device_Info                              0x20009e80   Data          28  usb_init.o(.bss)
    EP                                       0x20009e9c   Data          32  usb_pwr.o(.bss)
    USART_RX_BUF                             0x20009ebc   Data         200  usart.o(.bss)
    __heap_base                              0x20009f88   Data           0  startup_stm32f10x_hd.o(HEAP)
    __heap_limit                             0x2000a588   Data           0  startup_stm32f10x_hd.o(HEAP)
    __initial_sp                             0x2000b888   Data           0  startup_stm32f10x_hd.o(STACK)



==============================================================================

Memory Map of the image

  Image Entry point : 0x08000131

  Load Region LR_IROM1 (Base: 0x08000000, Size: 0x0000f474, Max: 0x00040000, ABSOLUTE, COMPRESSED[0x0000f34c])

    Execution Region ER_IROM1 (Base: 0x08000000, Size: 0x0000f2b0, Max: 0x00040000, ABSOLUTE)

    Base Addr    Size         Type   Attr      Idx    E Section Name        Object

    0x08000000   0x00000130   Data   RO         2653    RESET               startup_stm32f10x_hd.o
    0x08000130   0x00000000   Code   RO         4414  * .ARM.Collect$$$$00000000  mc_w.l(entry.o)
    0x08000130   0x00000004   Code   RO         4750    .ARM.Collect$$$$00000001  mc_w.l(entry2.o)
    0x08000134   0x00000004   Code   RO         4753    .ARM.Collect$$$$00000004  mc_w.l(entry5.o)
    0x08000138   0x00000000   Code   RO         4755    .ARM.Collect$$$$00000008  mc_w.l(entry7b.o)
    0x08000138   0x00000000   Code   RO         4757    .ARM.Collect$$$$0000000A  mc_w.l(entry8b.o)
    0x08000138   0x00000008   Code   RO         4758    .ARM.Collect$$$$0000000B  mc_w.l(entry9a.o)
    0x08000140   0x00000000   Code   RO         4760    .ARM.Collect$$$$0000000D  mc_w.l(entry10a.o)
    0x08000140   0x00000000   Code   RO         4762    .ARM.Collect$$$$0000000F  mc_w.l(entry11a.o)
    0x08000140   0x00000004   Code   RO         4751    .ARM.Collect$$$$00002712  mc_w.l(entry2.o)
    0x08000144   0x00000024   Code   RO         2654    .text               startup_stm32f10x_hd.o
    0x08000168   0x00000062   Code   RO         4417    .text               mc_w.l(uldiv.o)
    0x080001ca   0x00000024   Code   RO         4419    .text               mc_w.l(memcpya.o)
    0x080001ee   0x00000024   Code   RO         4421    .text               mc_w.l(memseta.o)
    0x08000212   0x00000024   Code   RO         4423    .text               mc_w.l(strstr.o)
    0x08000236   0x00000018   Code   RO         4425    .text               mc_w.l(strncpy.o)
    0x0800024e   0x0000000e   Code   RO         4427    .text               mc_w.l(strlen.o)
    0x0800025c   0x00000064   Code   RO         4720    .text               mf_w.l(fmul.o)
    0x080002c0   0x0000007c   Code   RO         4722    .text               mf_w.l(fdiv.o)
    0x0800033c   0x0000014e   Code   RO         4724    .text               mf_w.l(dadd.o)
    0x0800048a   0x000000e4   Code   RO         4726    .text               mf_w.l(dmul.o)
    0x0800056e   0x00000012   Code   RO         4728    .text               mf_w.l(fflti.o)
    0x08000580   0x0000000a   Code   RO         4730    .text               mf_w.l(ffltui.o)
    0x0800058a   0x00000022   Code   RO         4732    .text               mf_w.l(dflti.o)
    0x080005ac   0x00000028   Code   RO         4734    .text               mf_w.l(ffixui.o)
    0x080005d4   0x0000003e   Code   RO         4736    .text               mf_w.l(dfixi.o)
    0x08000612   0x00000032   Code   RO         4738    .text               mf_w.l(dfixui.o)
    0x08000644   0x00000026   Code   RO         4740    .text               mf_w.l(f2d.o)
    0x0800066a   0x00000002   PAD
    0x0800066c   0x00000030   Code   RO         4742    .text               mf_w.l(cdcmple.o)
    0x0800069c   0x00000030   Code   RO         4744    .text               mf_w.l(cdrcmple.o)
    0x080006cc   0x00000038   Code   RO         4746    .text               mf_w.l(d2f.o)
    0x08000704   0x00000014   Code   RO         4748    .text               mf_w.l(cfcmple.o)
    0x08000718   0x0000001e   Code   RO         4766    .text               mc_w.l(llshl.o)
    0x08000736   0x00000020   Code   RO         4768    .text               mc_w.l(llushr.o)
    0x08000756   0x00000024   Code   RO         4770    .text               mc_w.l(llsshr.o)
    0x0800077a   0x00000000   Code   RO         4774    .text               mc_w.l(iusefp.o)
    0x0800077a   0x0000006e   Code   RO         4775    .text               mf_w.l(fepilogue.o)
    0x080007e8   0x000000ba   Code   RO         4777    .text               mf_w.l(depilogue.o)
    0x080008a2   0x00000002   PAD
    0x080008a4   0x00000024   Code   RO         4783    .text               mc_w.l(init.o)
    0x080008c8   0x00000056   Code   RO         4793    .text               mc_w.l(__dczerorl2.o)
    0x0800091e   0x00000016   Code   RO         2700    i.ADC_Cmd           stm32f10x_adc.o
    0x08000934   0x00000016   Code   RO         2701    i.ADC_DMACmd        stm32f10x_adc.o
    0x0800094a   0x00000002   PAD
    0x0800094c   0x0000005c   Code   RO         2702    i.ADC_DeInit        stm32f10x_adc.o
    0x080009a8   0x00000014   Code   RO         2708    i.ADC_GetCalibrationStatus  stm32f10x_adc.o
    0x080009bc   0x00000014   Code   RO         2714    i.ADC_GetResetCalibrationStatus  stm32f10x_adc.o
    0x080009d0   0x00000050   Code   RO         2718    i.ADC_Init          stm32f10x_adc.o
    0x08000a20   0x000000b8   Code   RO         2722    i.ADC_RegularChannelConfig  stm32f10x_adc.o
    0x08000ad8   0x0000000a   Code   RO         2723    i.ADC_ResetCalibration  stm32f10x_adc.o
    0x08000ae2   0x00000016   Code   RO         2725    i.ADC_SoftwareStartConvCmd  stm32f10x_adc.o
    0x08000af8   0x0000000a   Code   RO         2727    i.ADC_StartCalibration  stm32f10x_adc.o
    0x08000b02   0x00000002   PAD
    0x08000b04   0x00000224   Code   RO         1623    i.Build_Huffman_Table_SD  fmt_jpeg.o
    0x08000d28   0x00000004   Code   RO          186    i.BusFault_Handler  stm32f10x_it.o
    0x08000d2c   0x0000000c   Code   RO         1886    i.ByteSwap          usb_regs.o
    0x08000d38   0x00000288   Code   RO         1839    i.CTR_LP            usb_int.o
    0x08000fc0   0x00000034   Code   RO         1887    i.ClearDTOG_RX      usb_regs.o
    0x08000ff4   0x00000034   Code   RO         1888    i.ClearDTOG_TX      usb_regs.o
    0x08001028   0x00000028   Code   RO         1893    i.Clear_Status_Out  usb_regs.o
    0x08001050   0x0000002c   Code   RO          667    i.CmdError          sdio_sdcard.o
    0x0800107c   0x00000134   Code   RO          668    i.CmdResp1Error     sdio_sdcard.o
    0x080011b0   0x0000004c   Code   RO          669    i.CmdResp2Error     sdio_sdcard.o
    0x080011fc   0x00000038   Code   RO          670    i.CmdResp3Error     sdio_sdcard.o
    0x08001234   0x0000009c   Code   RO          671    i.CmdResp6Error     sdio_sdcard.o
    0x080012d0   0x0000004c   Code   RO          672    i.CmdResp7Error     sdio_sdcard.o
    0x0800131c   0x0000001c   Code   RO         3608    i.DMA_ClearFlag     stm32f10x_dma.o
    0x08001338   0x00000018   Code   RO         3610    i.DMA_Cmd           stm32f10x_dma.o
    0x08001350   0x0000014c   Code   RO         3611    i.DMA_DeInit        stm32f10x_dma.o
    0x0800149c   0x0000002c   Code   RO         3613    i.DMA_GetFlagStatus  stm32f10x_dma.o
    0x080014c8   0x0000003c   Code   RO         3616    i.DMA_Init          stm32f10x_dma.o
    0x08001504   0x000000c0   Code   RO         1696    i.DataStageIn       usb_core.o
    0x080015c4   0x000000bc   Code   RO         1697    i.DataStageOut      usb_core.o
    0x08001680   0x00000298   Code   RO         1698    i.Data_Setup0       usb_core.o
    0x08001918   0x00000002   Code   RO          187    i.DebugMon_Handler  stm32f10x_it.o
    0x0800191a   0x00000002   PAD
    0x0800191c   0x0000181c   Code   RO         1624    i.Dec_JPEG_to_YuvRgb  fmt_jpeg.o
    0x08003138   0x0000000c   Code   RO         2349    i.EP1_IN_Callback   usb_endp.o
    0x08003144   0x00000074   Code   RO          307    i.EXTI15_10_IRQHandler  irqhandler.o
    0x080031b8   0x00000038   Code   RO          308    i.EXTI3_IRQHandler  irqhandler.o
    0x080031f0   0x0000001c   Code   RO          889    i.EXTI4_IRQHandler  si24r1.o
    0x0800320c   0x0000003c   Code   RO          309    i.EXTI9_5_IRQHandler  irqhandler.o
    0x08003248   0x0000000c   Code   RO         3411    i.EXTI_ClearITPendingBit  stm32f10x_exti.o
    0x08003254   0x00000028   Code   RO         3415    i.EXTI_GetITStatus  stm32f10x_exti.o
    0x0800327c   0x00000094   Code   RO         3416    i.EXTI_Init         stm32f10x_exti.o
    0x08003310   0x0000000c   Code   RO         2270    i.Enter_LowPowerMode  hw_config.o
    0x0800331c   0x00000194   Code   RO          673    i.FindSCR           sdio_sdcard.o
    0x080034b0   0x00000040   Code   RO         2919    i.GPIO_EXTILineConfig  stm32f10x_gpio.o
    0x080034f0   0x00000116   Code   RO         2922    i.GPIO_Init         stm32f10x_gpio.o
    0x08003606   0x00000012   Code   RO         2926    i.GPIO_ReadInputDataBit  stm32f10x_gpio.o
    0x08003618   0x00000004   Code   RO         2929    i.GPIO_ResetBits    stm32f10x_gpio.o
    0x0800361c   0x00000004   Code   RO         2930    i.GPIO_SetBits      stm32f10x_gpio.o
    0x08003620   0x00000020   Code   RO         1905    i.GetEPRxAddr       usb_regs.o
    0x08003640   0x00000020   Code   RO         1908    i.GetEPTxAddr       usb_regs.o
    0x08003660   0x00000034   Code   RO         2271    i.Get_SerialNum     hw_config.o
    0x08003694   0x00000004   Code   RO          188    i.HardFault_Handler  stm32f10x_it.o
    0x08003698   0x00000070   Code   RO         1699    i.In0_Process       usb_core.o
    0x08003708   0x0000003e   Code   RO         2272    i.IntToUnicode      hw_config.o
    0x08003746   0x00000002   PAD
    0x08003748   0x0000011c   Code   RO         1625    i.Inverse_DCT       fmt_jpeg.o
    0x08003864   0x0000007c   Code   RO         2383    i.Joystick_Data_Setup  usb_prop.o
    0x080038e0   0x00000014   Code   RO         2384    i.Joystick_GetConfigDescriptor  usb_prop.o
    0x080038f4   0x00000014   Code   RO         2385    i.Joystick_GetDeviceDescriptor  usb_prop.o
    0x08003908   0x00000014   Code   RO         2386    i.Joystick_GetHIDDescriptor  usb_prop.o
    0x0800391c   0x0000001c   Code   RO         2387    i.Joystick_GetProtocolValue  usb_prop.o
    0x08003938   0x00000014   Code   RO         2388    i.Joystick_GetReportDescriptor  usb_prop.o
    0x0800394c   0x00000028   Code   RO         2389    i.Joystick_GetStringDescriptor  usb_prop.o
    0x08003974   0x00000016   Code   RO         2390    i.Joystick_Get_Interface_Setting  usb_prop.o
    0x0800398a   0x00000002   PAD
    0x0800398c   0x00000024   Code   RO         2391    i.Joystick_NoData_Setup  usb_prop.o
    0x080039b0   0x000000a4   Code   RO         2392    i.Joystick_Reset    usb_prop.o
    0x08003a54   0x00000030   Code   RO         2273    i.Joystick_Send     hw_config.o
    0x08003a84   0x00000018   Code   RO         2393    i.Joystick_SetConfiguration  usb_prop.o
    0x08003a9c   0x0000000c   Code   RO         2394    i.Joystick_SetDeviceAddress  usb_prop.o
    0x08003aa8   0x00000018   Code   RO         2395    i.Joystick_SetProtocol  usb_prop.o
    0x08003ac0   0x00000002   Code   RO         2396    i.Joystick_Status_In  usb_prop.o
    0x08003ac2   0x00000002   Code   RO         2397    i.Joystick_Status_Out  usb_prop.o
    0x08003ac4   0x00000028   Code   RO         2398    i.Joystick_init     usb_prop.o
    0x08003aec   0x00000020   Code   RO         2274    i.Leave_LowPowerMode  hw_config.o
    0x08003b0c   0x00000250   Code   RO          375    i.Lithium_Battery_percent  adc.o
    0x08003d5c   0x00000004   Code   RO          189    i.MemManage_Handler  stm32f10x_it.o
    0x08003d60   0x00000002   Code   RO          190    i.NMI_Handler       stm32f10x_it.o
    0x08003d62   0x00000002   Code   RO         1700    i.NOP_Process       usb_core.o
    0x08003d64   0x00000070   Code   RO         2658    i.NVIC_Init         misc.o
    0x08003dd4   0x00000014   Code   RO         2659    i.NVIC_PriorityGroupConfig  misc.o
    0x08003de8   0x00000138   Code   RO         1701    i.NoData_Setup0     usb_core.o
    0x08003f20   0x00000050   Code   RO         1702    i.Out0_Process      usb_core.o
    0x08003f70   0x00000028   Code   RO         1868    i.PMAToUserBufferCopy  usb_mem.o
    0x08003f98   0x00000002   Code   RO          191    i.PendSV_Handler    stm32f10x_it.o
    0x08003f9a   0x00000002   PAD
    0x08003f9c   0x00000048   Code   RO         1703    i.Post0_Process     usb_core.o
    0x08003fe4   0x00000040   Code   RO         2497    i.PowerOn           usb_pwr.o
    0x08004024   0x00000018   Code   RO         3030    i.RCC_ADCCLKConfig  stm32f10x_rcc.o
    0x0800403c   0x00000020   Code   RO         3031    i.RCC_AHBPeriphClockCmd  stm32f10x_rcc.o
    0x0800405c   0x00000020   Code   RO         3032    i.RCC_APB1PeriphClockCmd  stm32f10x_rcc.o
    0x0800407c   0x00000020   Code   RO         3034    i.RCC_APB2PeriphClockCmd  stm32f10x_rcc.o
    0x0800409c   0x00000020   Code   RO         3035    i.RCC_APB2PeriphResetCmd  stm32f10x_rcc.o
    0x080040bc   0x0000000c   Code   RO         3060    i.RCC_USBCLKConfig  stm32f10x_rcc.o
    0x080040c8   0x000000d0   Code   RO         2498    i.Resume            usb_pwr.o
    0x08004198   0x00000024   Code   RO         2499    i.Resume_Init       usb_pwr.o
    0x080041bc   0x0000010c   Code   RO          675    i.SDEnWideBus       sdio_sdcard.o
    0x080042c8   0x0000000c   Code   RO         3681    i.SDIO_ClearFlag    stm32f10x_sdio.o
    0x080042d4   0x0000000c   Code   RO         3682    i.SDIO_ClearITPendingBit  stm32f10x_sdio.o
    0x080042e0   0x0000000c   Code   RO         3683    i.SDIO_ClockCmd     stm32f10x_sdio.o
    0x080042ec   0x0000000c   Code   RO         3686    i.SDIO_DMACmd       stm32f10x_sdio.o
    0x080042f8   0x00000030   Code   RO         3687    i.SDIO_DataConfig   stm32f10x_sdio.o
    0x08004328   0x00000024   Code   RO         3689    i.SDIO_DeInit       stm32f10x_sdio.o
    0x0800434c   0x0000000c   Code   RO         3690    i.SDIO_GetCommandResponse  stm32f10x_sdio.o
    0x08004358   0x00000018   Code   RO         3693    i.SDIO_GetFlagStatus  stm32f10x_sdio.o
    0x08004370   0x00000010   Code   RO         3695    i.SDIO_GetPowerState  stm32f10x_sdio.o
    0x08004380   0x00000018   Code   RO         3696    i.SDIO_GetResponse  stm32f10x_sdio.o
    0x08004398   0x00000008   Code   RO          310    i.SDIO_IRQHandler   irqhandler.o
    0x080043a0   0x00000020   Code   RO         3697    i.SDIO_ITConfig     stm32f10x_sdio.o
    0x080043c0   0x00000030   Code   RO         3698    i.SDIO_Init         stm32f10x_sdio.o
    0x080043f0   0x00000020   Code   RO          676    i.SDIO_NVIC_Config  sdio_sdcard.o
    0x08004410   0x0000000c   Code   RO         3699    i.SDIO_ReadData     stm32f10x_sdio.o
    0x0800441c   0x00000068   Code   RO          677    i.SDIO_SD_GPIO_Config  sdio_sdcard.o
    0x08004484   0x0000002c   Code   RO         3701    i.SDIO_SendCommand  stm32f10x_sdio.o
    0x080044b0   0x0000001c   Code   RO         3703    i.SDIO_SetPowerState  stm32f10x_sdio.o
    0x080044cc   0x00000064   Code   RO          678    i.SD_DMA_RxConfig   sdio_sdcard.o
    0x08004530   0x00000064   Code   RO          679    i.SD_DMA_TxConfig   sdio_sdcard.o
    0x08004594   0x00000094   Code   RO          681    i.SD_EnableWideBusOperation  sdio_sdcard.o
    0x08004628   0x000002c8   Code   RO          683    i.SD_GetCardInfo    sdio_sdcard.o
    0x080048f0   0x0000001a   Code   RO          685    i.SD_GetState       sdio_sdcard.o
    0x0800490a   0x0000001e   Code   RO          686    i.SD_GetStatus      sdio_sdcard.o
    0x08004928   0x000000b0   Code   RO          688    i.SD_Init           sdio_sdcard.o
    0x080049d8   0x00000128   Code   RO          689    i.SD_InitializeCards  sdio_sdcard.o
    0x08004b00   0x00000190   Code   RO          691    i.SD_PowerON        sdio_sdcard.o
    0x08004c90   0x00000058   Code   RO          692    i.SD_ProcessIRQSrc  sdio_sdcard.o
    0x08004ce8   0x000000e8   Code   RO          694    i.SD_ReadMultiBlocks  sdio_sdcard.o
    0x08004dd0   0x00000034   Code   RO          695    i.SD_SelectDeselect  sdio_sdcard.o
    0x08004e04   0x00000038   Code   RO          697    i.SD_SendStatus     sdio_sdcard.o
    0x08004e3c   0x00000040   Code   RO          699    i.SD_WaitReadOperation  sdio_sdcard.o
    0x08004e7c   0x00000040   Code   RO          700    i.SD_WaitWriteOperation  sdio_sdcard.o
    0x08004ebc   0x000000dc   Code   RO          701    i.SD_WriteBlock     sdio_sdcard.o
    0x08004f98   0x00000148   Code   RO          702    i.SD_WriteMultiBlocks  sdio_sdcard.o
    0x080050e0   0x00000078   Code   RO          469    i.SPI1_Init         spi.o
    0x08005158   0x00000054   Code   RO          470    i.SPI1_ReadWriteByte  spi.o
    0x080051ac   0x0000007c   Code   RO          472    i.SPI2_Init         spi.o
    0x08005228   0x00000054   Code   RO          473    i.SPI2_ReadWriteByte  spi.o
    0x0800527c   0x00000018   Code   RO         3469    i.SPI_Cmd           stm32f10x_spi.o
    0x08005294   0x00000012   Code   RO         3477    i.SPI_I2S_GetFlagStatus  stm32f10x_spi.o
    0x080052a6   0x00000006   Code   RO         3480    i.SPI_I2S_ReceiveData  stm32f10x_spi.o
    0x080052ac   0x00000004   Code   RO         3481    i.SPI_I2S_SendData  stm32f10x_spi.o
    0x080052b0   0x0000003c   Code   RO         3482    i.SPI_Init          stm32f10x_spi.o
    0x080052ec   0x00000002   Code   RO          192    i.SVC_Handler       stm32f10x_it.o
    0x080052ee   0x00000002   PAD
    0x080052f0   0x00000010   Code   RO         1916    i.SetBTABLE         usb_regs.o
    0x08005300   0x00000050   Code   RO         1704    i.SetDeviceAddress  usb_core.o
    0x08005350   0x00000024   Code   RO         1930    i.SetEPRxAddr       usb_regs.o
    0x08005374   0x0000004c   Code   RO         1931    i.SetEPRxCount      usb_regs.o
    0x080053c0   0x00000040   Code   RO         1932    i.SetEPRxStatus     usb_regs.o
    0x08005400   0x00000034   Code   RO         1933    i.SetEPRxValid      usb_regs.o
    0x08005434   0x00000020   Code   RO         1934    i.SetEPTxAddr       usb_regs.o
    0x08005454   0x0000001c   Code   RO         1935    i.SetEPTxCount      usb_regs.o
    0x08005470   0x00000040   Code   RO         1936    i.SetEPTxStatus     usb_regs.o
    0x080054b0   0x00000034   Code   RO         1937    i.SetEPTxValid      usb_regs.o
    0x080054e4   0x00000024   Code   RO         1938    i.SetEPType         usb_regs.o
    0x08005508   0x00000008   Code   RO          272    i.SetSysClock       system_stm32f10x.o
    0x08005510   0x000000e0   Code   RO          273    i.SetSysClockTo72   system_stm32f10x.o
    0x080055f0   0x00000012   Code   RO         2275    i.Set_USBClock      hw_config.o
    0x08005602   0x00000002   PAD
    0x08005604   0x000000b8   Code   RO         1705    i.Setup0_Process    usb_core.o
    0x080056bc   0x0000016c   Code   RO         1706    i.Standard_ClearFeature  usb_core.o
    0x08005828   0x0000002c   Code   RO         1707    i.Standard_GetConfiguration  usb_core.o
    0x08005854   0x00000024   Code   RO         1708    i.Standard_GetDescriptorData  usb_core.o
    0x08005878   0x0000002c   Code   RO         1709    i.Standard_GetInterface  usb_core.o
    0x080058a4   0x00000100   Code   RO         1710    i.Standard_GetStatus  usb_core.o
    0x080059a4   0x00000048   Code   RO         1711    i.Standard_SetConfiguration  usb_core.o
    0x080059ec   0x00000028   Code   RO         1712    i.Standard_SetDeviceFeature  usb_core.o
    0x08005a14   0x000000d0   Code   RO         1713    i.Standard_SetEndPointFeature  usb_core.o
    0x08005ae4   0x0000006c   Code   RO         1714    i.Standard_SetInterface  usb_core.o
    0x08005b50   0x0000009c   Code   RO         2500    i.Suspend           usb_pwr.o
    0x08005bec   0x00000028   Code   RO         2662    i.SysTick_CLKSourceConfig  misc.o
    0x08005c14   0x00000002   Code   RO          193    i.SysTick_Handler   stm32f10x_it.o
    0x08005c16   0x00000002   PAD
    0x08005c18   0x00000060   Code   RO          275    i.SystemInit        system_stm32f10x.o
    0x08005c78   0x00000060   Code   RO          978    i.TIM3_Config_Init  timer.o
    0x08005cd8   0x000000b8   Code   RO          311    i.TIM3_IRQHandler   irqhandler.o
    0x08005d90   0x00000006   Code   RO         3877    i.TIM_ClearITPendingBit  stm32f10x_tim.o
    0x08005d96   0x00000018   Code   RO         3882    i.TIM_Cmd           stm32f10x_tim.o
    0x08005dae   0x00000022   Code   RO         3903    i.TIM_GetITStatus   stm32f10x_tim.o
    0x08005dd0   0x00000012   Code   RO         3907    i.TIM_ITConfig      stm32f10x_tim.o
    0x08005de2   0x00000002   PAD
    0x08005de4   0x000000a4   Code   RO         3953    i.TIM_TimeBaseInit  stm32f10x_tim.o
    0x08005e88   0x00000088   Code   RO         2594    i.USART1_IRQHandler  usart.o
    0x08005f10   0x00000054   Code   RO         3238    i.USART_GetITStatus  stm32f10x_usart.o
    0x08005f64   0x0000000a   Code   RO         3248    i.USART_ReceiveData  stm32f10x_usart.o
    0x08005f6e   0x0000000c   Code   RO          312    i.USBWakeUp_IRQHandler  irqhandler.o
    0x08005f7a   0x00000002   Code   RO         2276    i.USB_Cable_Config  hw_config.o
    0x08005f7c   0x0000003c   Code   RO         1815    i.USB_Init          usb_init.o
    0x08005fb8   0x00000054   Code   RO         2277    i.USB_Interrupts_Config  hw_config.o
    0x0800600c   0x000001cc   Code   RO         2362    i.USB_Istr          usb_istr.o
    0x080061d8   0x00000008   Code   RO          313    i.USB_LP_CAN1_RX0_IRQHandler  irqhandler.o
    0x080061e0   0x00000058   Code   RO         2278    i.USB_Port_Set      hw_config.o
    0x08006238   0x00000024   Code   RO         2246    i.USB_SIL_Init      usb_sil.o
    0x0800625c   0x0000002e   Code   RO         2248    i.USB_SIL_Write     usb_sil.o
    0x0800628a   0x00000004   Code   RO          194    i.UsageFault_Handler  stm32f10x_it.o
    0x0800628e   0x00000002   PAD
    0x08006290   0x00000038   Code   RO         1869    i.UserToPMABufferCopy  usb_mem.o
    0x080062c8   0x00000028   Code   RO         4500    i.__0sprintf$2      mc_w.l(printf2.o)
    0x080062f0   0x0000000e   Code   RO         4787    i.__scatterload_copy  mc_w.l(handlers.o)
    0x080062fe   0x00000002   Code   RO         4788    i.__scatterload_null  mc_w.l(handlers.o)
    0x08006300   0x0000000e   Code   RO         4789    i.__scatterload_zeroinit  mc_w.l(handlers.o)
    0x0800630e   0x000000d6   Code   RO         4505    i._printf_core      mc_w.l(printf2.o)
    0x080063e4   0x0000000a   Code   RO         4507    i._sputc            mc_w.l(printf2.o)
    0x080063ee   0x00000002   PAD
    0x080063f0   0x0000011c   Code   RO          376    i.adc1_init         adc.o
    0x0800650c   0x0000001c   Code   RO          378    i.adc_dma_start     adc.o
    0x08006528   0x00000090   Code   RO         1130    i.check_fs          ff.o
    0x080065b8   0x00000014   Code   RO         1131    i.chk_chr           ff.o
    0x080065cc   0x00000032   Code   RO         1132    i.clmt_clust        ff.o
    0x080065fe   0x0000001a   Code   RO         1133    i.clust2sect        ff.o
    0x08006618   0x000000a0   Code   RO         1134    i.cmp_lfn           ff.o
    0x080066b8   0x000000d6   Code   RO         1135    i.create_chain      ff.o
    0x0800678e   0x00000002   PAD
    0x08006790   0x00000230   Code   RO         1136    i.create_name       ff.o
    0x080069c0   0x00000044   Code   RO         2539    i.delay_init        delay.o
    0x08006a04   0x0000004c   Code   RO         2540    i.delay_ms          delay.o
    0x08006a50   0x0000005c   Code   RO         1137    i.dir_alloc         ff.o
    0x08006aac   0x000000ea   Code   RO         1138    i.dir_find          ff.o
    0x08006b96   0x0000010e   Code   RO         1139    i.dir_next          ff.o
    0x08006ca4   0x000000c6   Code   RO         1140    i.dir_read          ff.o
    0x08006d6a   0x0000012a   Code   RO         1141    i.dir_register      ff.o
    0x08006e94   0x0000009e   Code   RO         1143    i.dir_sdi           ff.o
    0x08006f32   0x0000001c   Code   RO         1081    i.disk_initialize   diskio.o
    0x08006f4e   0x00000002   PAD
    0x08006f50   0x00000058   Code   RO         1082    i.disk_ioctl        diskio.o
    0x08006fa8   0x000000b8   Code   RO         1083    i.disk_read         diskio.o
    0x08007060   0x0000000e   Code   RO         1084    i.disk_status       diskio.o
    0x0800706e   0x00000002   PAD
    0x08007070   0x000000d4   Code   RO         1085    i.disk_write        diskio.o
    0x08007144   0x00000054   Code   RO          448    i.dma_config        dma.o
    0x08007198   0x000004a4   Code   RO         1458    i.ef_FileList_iteration  extfunc.o
    0x0800763c   0x0000018c   Code   RO         1459    i.ef_SD_GetGbkMatrix  extfunc.o
    0x080077c8   0x00000150   Code   RO         1460    i.ef_check_extension  extfunc.o
    0x08007918   0x00000020   Code   RO         1461    i.ef_checkfile      extfunc.o
    0x08007938   0x00000148   Code   RO         1462    i.ef_display_SDcapcity  extfunc.o
    0x08007a80   0x00000180   Code   RO         1463    i.ef_display_filelist  extfunc.o
    0x08007c00   0x00000058   Code   RO         1464    i.ef_getcapacity    extfunc.o
    0x08007c58   0x00000600   Code   RO         1465    i.ef_multimedia_pic_bin  extfunc.o
    0x08008258   0x00000708   Code   RO         1575    i.ef_multimedia_pic_bmp  picturelib.o
    0x08008960   0x00000134   Code   RO         1576    i.ef_multimedia_pic_jpeg  picturelib.o
    0x08008a94   0x0000010c   Code   RO         1466    i.ef_multimedia_txt  extfunc.o
    0x08008ba0   0x000000a0   Code   RO         1467    i.ef_scanfiles      extfunc.o
    0x08008c40   0x000000a2   Code   RO          436    i.exti_init         exti.o
    0x08008ce2   0x00000020   Code   RO         1145    i.f_close           ff.o
    0x08008d02   0x00000016   Code   RO         1146    i.f_closedir        ff.o
    0x08008d18   0x00000102   Code   RO         1147    i.f_getfree         ff.o
    0x08008e1a   0x000002ac   Code   RO         1149    i.f_lseek           ff.o
    0x080090c6   0x00000002   PAD
    0x080090c8   0x0000005c   Code   RO         1152    i.f_mount           ff.o
    0x08009124   0x0000017c   Code   RO         1153    i.f_open            ff.o
    0x080092a0   0x00000072   Code   RO         1154    i.f_opendir         ff.o
    0x08009312   0x000001b0   Code   RO         1158    i.f_read            ff.o
    0x080094c2   0x00000060   Code   RO         1159    i.f_readdir         ff.o
    0x08009522   0x00000040   Code   RO         1161    i.f_stat            ff.o
    0x08009562   0x000000b0   Code   RO         1162    i.f_sync            ff.o
    0x08009612   0x000001ea   Code   RO         1166    i.f_write           ff.o
    0x080097fc   0x0000004c   Code   RO         1546    i.ff_convert        ccsbcs.o
    0x08009848   0x0000005c   Code   RO         1547    i.ff_wtoupper       ccsbcs.o
    0x080098a4   0x00000394   Code   RO         1167    i.find_volume       ff.o
    0x08009c38   0x00000080   Code   RO         1168    i.fit_lfn           ff.o
    0x08009cb8   0x00000090   Code   RO         1169    i.follow_path       ff.o
    0x08009d48   0x00000050   Code   RO         4692    i.free              mc_w.l(malloc.o)
    0x08009d98   0x000000b4   Code   RO         1170    i.gen_numname       ff.o
    0x08009e4c   0x000000f2   Code   RO         1171    i.get_fat           ff.o
    0x08009f3e   0x00000002   PAD
    0x08009f40   0x00000008   Code   RO         1086    i.get_fattime       diskio.o
    0x08009f48   0x00000102   Code   RO         1172    i.get_fileinfo      ff.o
    0x0800a04a   0x00000048   Code   RO         1173    i.get_ldnumber      ff.o
    0x0800a092   0x00000002   PAD
    0x0800a094   0x0000006c   Code   RO          405    i.key_init          key.o
    0x0800a100   0x00000020   Code   RO         1174    i.ld_clust          ff.o
    0x0800a120   0x00000060   Code   RO          424    i.led_init          led.o
    0x0800a180   0x0000133c   Code   RO            1    i.main              main.o
    0x0800b4bc   0x0000006c   Code   RO         4693    i.malloc            mc_w.l(malloc.o)
    0x0800b528   0x00000026   Code   RO         1175    i.mem_cmp           ff.o
    0x0800b54e   0x0000001a   Code   RO         1176    i.mem_cpy           ff.o
    0x0800b568   0x00000014   Code   RO         1177    i.mem_set           ff.o
    0x0800b57c   0x00000034   Code   RO         1178    i.move_window       ff.o
    0x0800b5b0   0x00000016   Code   RO          508    i.mypow             oled.o
    0x0800b5c6   0x00000002   PAD
    0x0800b5c8   0x00000034   Code   RO          509    i.oled_buffer_clear  oled.o
    0x0800b5fc   0x00000014   Code   RO          510    i.oled_clear        oled.o
    0x0800b610   0x000000b8   Code   RO          643    i.oled_draw_line    oled_mathpaint.o
    0x0800b6c8   0x0000001c   Code   RO          513    i.oled_draw_point   oled.o
    0x0800b6e4   0x0000004a   Code   RO          644    i.oled_draw_rectangle  oled_mathpaint.o
    0x0800b72e   0x00000002   PAD
    0x0800b730   0x0000004c   Code   RO          514    i.oled_refresh      oled.o
    0x0800b77c   0x00000134   Code   RO          515    i.oled_show_Bin_Array  oled.o
    0x0800b8b0   0x000000d6   Code   RO          517    i.oled_show_GBK     oled.o
    0x0800b986   0x00000002   PAD
    0x0800b988   0x000000f8   Code   RO          519    i.oled_show_char    oled.o
    0x0800ba80   0x000001ee   Code   RO          520    i.oled_show_float   oled.o
    0x0800bc6e   0x00000080   Code   RO          521    i.oled_show_num_every0  oled.o
    0x0800bcee   0x00000174   Code   RO          522    i.oled_show_num_hide0  oled.o
    0x0800be62   0x000001be   Code   RO          523    i.oled_show_string  oled.o
    0x0800c020   0x0000005c   Code   RO          524    i.oled_spi_init     oled.o
    0x0800c07c   0x0000039c   Code   RO          525    i.oled_ssd1351_init  oled.o
    0x0800c418   0x00000038   Code   RO          526    i.oled_write_Byte   oled.o
    0x0800c450   0x00000080   Code   RO         1179    i.pick_lfn          ff.o
    0x0800c4d0   0x00000142   Code   RO         1180    i.put_fat           ff.o
    0x0800c612   0x00000010   Code   RO         1626    i.rd_BigEnd16       fmt_jpeg.o
    0x0800c622   0x00000002   PAD
    0x0800c624   0x000000f8   Code   RO         1627    i.rd_SOF0_2get_size  fmt_jpeg.o
    0x0800c71c   0x000005f8   Code   RO         1628    i.rd_restore_HuffBit_RLE_Mat  fmt_jpeg.o
    0x0800cd14   0x0000008c   Code   RO         1629    i.rd_restore_InvQuantize  fmt_jpeg.o
    0x0800cda0   0x0000006c   Code   RO         1182    i.remove_chain      ff.o
    0x0800ce0c   0x0000003a   Code   RO         1677    i.rgb888_to_565     fmt_jpeg.o
    0x0800ce46   0x00000002   PAD
    0x0800ce48   0x00000044   Code   RO         1683    i.round_double      fmt_jpeg.o
    0x0800ce8c   0x0000007c   Code   RO          894    i.si24r1_TX_mode    si24r1.o
    0x0800cf08   0x0000008c   Code   RO          895    i.si24r1_TX_packet  si24r1.o
    0x0800cf94   0x0000004c   Code   RO          896    i.si24r1_detect     si24r1.o
    0x0800cfe0   0x00000038   Code   RO          897    i.si24r1_read_buf   si24r1.o
    0x0800d018   0x0000002c   Code   RO          898    i.si24r1_read_once  si24r1.o
    0x0800d044   0x0000007c   Code   RO          899    i.si24r1_spi_init   si24r1.o
    0x0800d0c0   0x00000038   Code   RO          900    i.si24r1_write_buf  si24r1.o
    0x0800d0f8   0x0000002c   Code   RO          901    i.si24r1_write_once  si24r1.o
    0x0800d124   0x00000010   Code   RO         1183    i.st_clust          ff.o
    0x0800d134   0x0000001c   Code   RO         1630    i.sum_arr           fmt_jpeg.o
    0x0800d150   0x00000020   Code   RO         1184    i.sum_sfn           ff.o
    0x0800d170   0x000000c8   Code   RO         1185    i.sync_fs           ff.o
    0x0800d238   0x00000052   Code   RO         1186    i.sync_window       ff.o
    0x0800d28a   0x00000032   Code   RO         1187    i.validate          ff.o
    0x0800d2bc   0x0000110e   Data   RO          528    .constdata          oled.o
    0x0800e3ca   0x0000000a   Data   RO          902    .constdata          si24r1.o
    0x0800e3d4   0x000000ba   Data   RO         1188    .constdata          ff.o
    0x0800e48e   0x000008b8   Data   RO         1548    .constdata          ccsbcs.o
    0x0800ed46   0x00000002   PAD
    0x0800ed48   0x00000480   Data   RO         1632    .constdata          fmt_jpeg.o
    0x0800f1c8   0x000000c6   Data   RO         2336    .constdata          usb_desc.o
    0x0800f28e   0x00000002   PAD
    0x0800f290   0x00000020   Data   RO         4785    Region$$Table       anon$$obj.o


    Execution Region RW_IRAM1 (Base: 0x20000000, Size: 0x0000b888, Max: 0x0000c000, ABSOLUTE, COMPRESSED[0x0000009c])

    Base Addr    Size         Type   Attr      Idx    E Section Name        Object

    0x20000000   0x0000001d   Data   RW            3    .data               main.o
    0x2000001d   0x00000003   PAD
    0x20000020   0x00000014   Data   RW          276    .data               system_stm32f10x.o
    0x20000034   0x00000008   Data   RW          314    .data               irqhandler.o
    0x2000003c   0x0000001c   Data   RW          705    .data               sdio_sdcard.o
    0x20000058   0x00000001   Data   RW          903    .data               si24r1.o
    0x20000059   0x00000003   PAD
    0x2000005c   0x00000006   Data   RW         1189    .data               ff.o
    0x20000062   0x00000002   PAD
    0x20000064   0x00000020   Data   RW         1470    .data               extfunc.o
    0x20000084   0x00000008   Data   RW         1633    .data               fmt_jpeg.o
    0x2000008c   0x00000003   Data   RW         1715    .data               usb_core.o
    0x2000008f   0x00000001   PAD
    0x20000090   0x00000014   Data   RW         1817    .data               usb_init.o
    0x200000a4   0x00000004   Data   RW         1840    .data               usb_int.o
    0x200000a8   0x00000001   Data   RW         2279    .data               hw_config.o
    0x200000a9   0x0000001a   Data   RW         2337    .data               usb_desc.o
    0x200000c3   0x00000001   PAD
    0x200000c4   0x00000044   Data   RW         2363    .data               usb_istr.o
    0x20000108   0x0000009c   Data   RW         2399    .data               usb_prop.o
    0x200001a4   0x0000000c   Data   RW         2502    .data               usb_pwr.o
    0x200001b0   0x00000004   Data   RW         2542    .data               delay.o
    0x200001b4   0x00000006   Data   RW         2600    .data               usart.o
    0x200001ba   0x00000002   PAD
    0x200001bc   0x00000004   Data   RW         4772    .data               mc_w.l(mvars.o)
    0x200001c0   0x00000004   Data   RW         4773    .data               mc_w.l(mvars.o)
    0x200001c4   0x00000132   Zero   RW            2    .bss                main.o
    0x200002f6   0x00000002   PAD
    0x200002f8   0x0000002c   Zero   RW          450    .bss                dma.o
    0x20000324   0x00000012   Zero   RW          474    .bss                spi.o
    0x20000336   0x00008000   Zero   RW          527    .bss                oled.o
    0x20008336   0x00000002   PAD
    0x20008338   0x0000009c   Zero   RW          704    .bss                sdio_sdcard.o
    0x200083d4   0x000017ac   Zero   RW         1468    .bss                extfunc.o
    0x20009b80   0x00000300   Zero   RW         1631    .bss                fmt_jpeg.o
    0x20009e80   0x0000001c   Zero   RW         1816    .bss                usb_init.o
    0x20009e9c   0x00000020   Zero   RW         2501    .bss                usb_pwr.o
    0x20009ebc   0x000000c8   Zero   RW         2599    .bss                usart.o
    0x20009f84   0x00000004   PAD
    0x20009f88   0x00000600   Zero   RW         2652    HEAP                startup_stm32f10x_hd.o
    0x2000a588   0x00001300   Zero   RW         2651    STACK               startup_stm32f10x_hd.o


==============================================================================

Image component sizes


      Code (inc. data)   RO Data    RW Data    ZI Data      Debug   Object Name

       904        104          0          0          0       1778   adc.o
       168         14       2232          0          0       2307   ccsbcs.o
       144         22          0          4          0       1176   delay.o
       534         24          0          0          0       5149   diskio.o
        84          4          0          0         44       1201   dma.o
      4716        748          0         32       6060      13249   extfunc.o
       162          0          0          0          0        584   exti.o
      8310         72        186          6          0      40779   ff.o
      9090        538       1152          8        768      16510   fmt_jpeg.o
       398         38          0          1          0       6018   hw_config.o
       444         70          0          8          0       3907   irqhandler.o
       108         10          0          0          0        499   key.o
        96          6          0          0          0        495   led.o
      4924        772          0         29        306     297945   main.o
       172         22          0          0          0       2025   misc.o
      3480         68       4366          0      32768      13668   oled.o
       258          0          0          0          0       1751   oled_mathpaint.o
      2108        266          0          0          0       4906   picturelib.o
      4616        310          0         28        156      22160   sdio_sdcard.o
       692         72         10          1          0       5974   si24r1.o
       412         40          0          0         18       2554   spi.o
        36          8        304          0       6400        788   startup_stm32f10x_hd.o
       482         24          0          0          0       7882   stm32f10x_adc.o
       488         26          0          0          0       4494   stm32f10x_dma.o
       200         18          0          0          0       2076   stm32f10x_exti.o
       368          4          0          0          0       4230   stm32f10x_gpio.o
        26          0          0          0          0       3646   stm32f10x_it.o
       164         36          0          0          0       3289   stm32f10x_rcc.o
       372         86          0          0          0       9579   stm32f10x_sdio.o
       112          0          0          0          0       3782   stm32f10x_spi.o
       246         42          0          0          0       3502   stm32f10x_tim.o
        94          0          0          0          0       2712   stm32f10x_usart.o
         0          0          0          0          0         32   sys.o
       328         28          0         20          0       2045   system_stm32f10x.o
        96          6          0          0          0        647   timer.o
       136         14          0          6        200       2408   usart.o
      3058        288          0          3          0      15007   usb_core.o
         0          0        198         26          0       1149   usb_desc.o
        12          4          0          0          0        478   usb_endp.o
        60         24          0         20         28       4206   usb_init.o
       648         32          0          4          0       1816   usb_int.o
       460         38          0         68          0       1747   usb_istr.o
        96         10          0          0          0       1860   usb_mem.o
       598        110          0        156          0      13240   usb_prop.o
       464         52          0         12         32       3920   usb_pwr.o
       676         90          0          0          0       9688   usb_regs.o
        82          8          0          0          0       1591   usb_sil.o

    ----------------------------------------------------------------------
     51166       4148       8484        444      46788     550449   Object Totals
         0          0         32          0          0          0   (incl. Generated)
        44          0          4         12          8          0   (incl. Padding)

    ----------------------------------------------------------------------

      Code (inc. data)   RO Data    RW Data    ZI Data      Debug   Library Member Name

        86          0          0          0          0          0   __dczerorl2.o
         0          0          0          0          0          0   entry.o
         0          0          0          0          0          0   entry10a.o
         0          0          0          0          0          0   entry11a.o
         8          4          0          0          0          0   entry2.o
         4          0          0          0          0          0   entry5.o
         0          0          0          0          0          0   entry7b.o
         0          0          0          0          0          0   entry8b.o
         8          4          0          0          0          0   entry9a.o
        30          0          0          0          0          0   handlers.o
        36          8          0          0          0         68   init.o
         0          0          0          0          0          0   iusefp.o
        30          0          0          0          0         68   llshl.o
        36          0          0          0          0         68   llsshr.o
        32          0          0          0          0         68   llushr.o
       188         20          0          0          0        160   malloc.o
        36          0          0          0          0         68   memcpya.o
        36          0          0          0          0        108   memseta.o
         0          0          0          8          0          0   mvars.o
       264          6          0          0          0        244   printf2.o
        14          0          0          0          0         68   strlen.o
        24          0          0          0          0         76   strncpy.o
        36          0          0          0          0         80   strstr.o
        98          0          0          0          0         92   uldiv.o
        48          0          0          0          0         68   cdcmple.o
        48          0          0          0          0         68   cdrcmple.o
        20          0          0          0          0         68   cfcmple.o
        56          0          0          0          0         88   d2f.o
       334          0          0          0          0        148   dadd.o
       186          0          0          0          0        176   depilogue.o
        62          0          0          0          0         80   dfixi.o
        50          0          0          0          0         76   dfixui.o
        34          0          0          0          0         76   dflti.o
       228          0          0          0          0         96   dmul.o
        38          0          0          0          0         68   f2d.o
       124          0          0          0          0         88   fdiv.o
       110          0          0          0          0        168   fepilogue.o
        40          0          0          0          0         68   ffixui.o
        18          0          0          0          0         68   fflti.o
        10          0          0          0          0         68   ffltui.o
       100          0          0          0          0         76   fmul.o

    ----------------------------------------------------------------------
      2478         42          0          8          0       2716   Library Totals
         6          0          0          0          0          0   (incl. Padding)

    ----------------------------------------------------------------------

      Code (inc. data)   RO Data    RW Data    ZI Data      Debug   Library Name

       966         42          0          8          0       1168   mc_w.l
      1506          0          0          0          0       1548   mf_w.l

    ----------------------------------------------------------------------
      2478         42          0          8          0       2716   Library Totals

    ----------------------------------------------------------------------

==============================================================================


      Code (inc. data)   RO Data    RW Data    ZI Data      Debug   

     53644       4190       8484        452      46788     536861   Grand Totals
     53644       4190       8484        156      46788     536861   ELF Image Totals (compressed)
     53644       4190       8484        156          0          0   ROM Totals

==============================================================================

    Total RO  Size (Code + RO Data)                62128 (  60.67kB)
    Total RW  Size (RW Data + ZI Data)             47240 (  46.13kB)
    Total ROM Size (Code + RO Data + RW Data)      62284 (  60.82kB)

==============================================================================

