Component: ARM Compiler 5.06 update 4 (build 422) Tool: armlink [4d35d2]

==============================================================================

Section Cross References

    main.o(i.main) refers to misc.o(i.NVIC_PriorityGroupConfig) for NVIC_PriorityGroupConfig
    main.o(i.main) refers to delay.o(i.delay_init) for delay_init
    main.o(i.main) refers to usart.o(i.uart_init) for uart_init
    main.o(i.main) refers to exti.o(i.exti_init) for exti_init
    main.o(i.main) refers to led.o(i.led_init) for led_init
    main.o(i.main) refers to adc.o(i.adc1_init) for adc1_init
    main.o(i.main) refers to si24r1.o(i.si24r1_spi_init) for si24r1_spi_init
    main.o(i.main) refers to timer.o(i.TIM3_Config_Init) for TIM3_Config_Init
    main.o(i.main) refers to timer.o(i.TIM4_PWM_Init) for TIM4_PWM_Init
    main.o(i.main) refers to i2c.o(i.IIC_Init) for IIC_Init
    main.o(i.main) refers to mpu_dmp_api.o(i.mpu_dmp_init) for mpu_dmp_init
    main.o(i.main) refers to mpu_dmp_api.o(i.MPU_INT_Config) for MPU_INT_Config
    main.o(i.main) refers to adc.o(i.get_once_ADC) for get_once_ADC
    main.o(i.main) refers to task.o(i.Task_MPU_DMP_PID) for Task_MPU_DMP_PID
    main.o(i.main) refers to task.o(i.Task_NRF_TeleCom) for Task_NRF_TeleCom
    main.o(i.main) refers to delay.o(i.delay_ms) for delay_ms
    main.o(i.main) refers to main.o(.data) for Trig_ADC_Battery
    main.o(i.main) refers to mpu_dmp_api.o(.data) for MPU_DMP_RDY
    main.o(i.main) refers to si24r1.o(.data) for NRF_IRQ_TRIG
    system_stm32f10x.o(i.SetSysClock) refers to system_stm32f10x.o(i.SetSysClockTo72) for SetSysClockTo72
    system_stm32f10x.o(i.SystemCoreClockUpdate) refers to system_stm32f10x.o(.data) for SystemCoreClock
    system_stm32f10x.o(i.SystemInit) refers to system_stm32f10x.o(i.SetSysClock) for SetSysClock
    adc.o(i.adc1_init) refers to stm32f10x_rcc.o(i.RCC_APB2PeriphClockCmd) for RCC_APB2PeriphClockCmd
    adc.o(i.adc1_init) refers to stm32f10x_rcc.o(i.RCC_ADCCLKConfig) for RCC_ADCCLKConfig
    adc.o(i.adc1_init) refers to stm32f10x_gpio.o(i.GPIO_Init) for GPIO_Init
    adc.o(i.adc1_init) refers to stm32f10x_adc.o(i.ADC_DeInit) for ADC_DeInit
    adc.o(i.adc1_init) refers to stm32f10x_adc.o(i.ADC_Init) for ADC_Init
    adc.o(i.adc1_init) refers to stm32f10x_adc.o(i.ADC_RegularChannelConfig) for ADC_RegularChannelConfig
    adc.o(i.adc1_init) refers to stm32f10x_adc.o(i.ADC_Cmd) for ADC_Cmd
    adc.o(i.adc1_init) refers to stm32f10x_adc.o(i.ADC_ResetCalibration) for ADC_ResetCalibration
    adc.o(i.adc1_init) refers to stm32f10x_adc.o(i.ADC_GetResetCalibrationStatus) for ADC_GetResetCalibrationStatus
    adc.o(i.adc1_init) refers to stm32f10x_adc.o(i.ADC_StartCalibration) for ADC_StartCalibration
    adc.o(i.adc1_init) refers to stm32f10x_adc.o(i.ADC_GetCalibrationStatus) for ADC_GetCalibrationStatus
    adc.o(i.adc_dma_start) refers to stm32f10x_adc.o(i.ADC_SoftwareStartConvCmd) for ADC_SoftwareStartConvCmd
    adc.o(i.adc_dma_start) refers to stm32f10x_dma.o(i.DMA_Cmd) for DMA_Cmd
    adc.o(i.get_once_ADC) refers to stm32f10x_adc.o(i.ADC_SoftwareStartConvCmd) for ADC_SoftwareStartConvCmd
    adc.o(i.get_once_ADC) refers to stm32f10x_adc.o(i.ADC_GetFlagStatus) for ADC_GetFlagStatus
    adc.o(i.get_once_ADC) refers to stm32f10x_adc.o(i.ADC_GetConversionValue) for ADC_GetConversionValue
    dma.o(i.dma_config) refers to stm32f10x_rcc.o(i.RCC_AHBPeriphClockCmd) for RCC_AHBPeriphClockCmd
    dma.o(i.dma_config) refers to stm32f10x_dma.o(i.DMA_DeInit) for DMA_DeInit
    dma.o(i.dma_config) refers to stm32f10x_dma.o(i.DMA_Init) for DMA_Init
    dma.o(i.dma_config) refers to dma.o(.bss) for DMA_InitStructure
    dma.o(i.dma_enable) refers to stm32f10x_dma.o(i.DMA_Cmd) for DMA_Cmd
    exti.o(i.EXTI1_IRQHandler) refers to stm32f10x_exti.o(i.EXTI_GetITStatus) for EXTI_GetITStatus
    exti.o(i.EXTI1_IRQHandler) refers to delay.o(i.delay_ms) for delay_ms
    exti.o(i.EXTI1_IRQHandler) refers to stm32f10x_gpio.o(i.GPIO_ReadInputDataBit) for GPIO_ReadInputDataBit
    exti.o(i.EXTI1_IRQHandler) refers to stm32f10x_exti.o(i.EXTI_ClearITPendingBit) for EXTI_ClearITPendingBit
    exti.o(i.EXTI1_IRQHandler) refers to main.o(.data) for key1_value
    exti.o(i.exti_init) refers to stm32f10x_rcc.o(i.RCC_APB2PeriphClockCmd) for RCC_APB2PeriphClockCmd
    exti.o(i.exti_init) refers to key.o(i.key_init) for key_init
    exti.o(i.exti_init) refers to stm32f10x_gpio.o(i.GPIO_EXTILineConfig) for GPIO_EXTILineConfig
    exti.o(i.exti_init) refers to stm32f10x_exti.o(i.EXTI_Init) for EXTI_Init
    exti.o(i.exti_init) refers to misc.o(i.NVIC_Init) for NVIC_Init
    key.o(i.key_init) refers to stm32f10x_rcc.o(i.RCC_APB2PeriphClockCmd) for RCC_APB2PeriphClockCmd
    key.o(i.key_init) refers to stm32f10x_gpio.o(i.GPIO_Init) for GPIO_Init
    key.o(i.key_scan) refers to stm32f10x_gpio.o(i.GPIO_ReadInputDataBit) for GPIO_ReadInputDataBit
[...]
    x$fpl$trapveneer                         0x08006dfe   Section       48  trapv.o(x$fpl$trapveneer)
    .constdata                               0x08006e2e   Section       10  si24r1.o(.constdata)
    x$fpl$usenofp                            0x08006e2e   Section        0  usenofp.o(x$fpl$usenofp)
    .constdata                               0x08006e38   Section       80  inv_mpu.o(.constdata)
    .constdata                               0x08006e88   Section     3062  inv_mpu_dmp_motion_driver.o(.constdata)
    dmp_memory                               0x08006e88   Data        3062  inv_mpu_dmp_motion_driver.o(.constdata)
    .constdata                               0x08007a80   Section       80  asin.o(.constdata)
    pS                                       0x08007a80   Data          48  asin.o(.constdata)
    qS                                       0x08007ab0   Data          32  asin.o(.constdata)
    .constdata                               0x08007ad0   Section      152  atan.o(.constdata)
    atanhi                                   0x08007ad0   Data          32  atan.o(.constdata)
    atanlo                                   0x08007af0   Data          32  atan.o(.constdata)
    aTodd                                    0x08007b10   Data          40  atan.o(.constdata)
    aTeven                                   0x08007b38   Data          48  atan.o(.constdata)
    .constdata                               0x08007b68   Section        8  qnan.o(.constdata)
    .data                                    0x20000000   Section        6  main.o(.data)
    .data                                    0x20000008   Section       20  system_stm32f10x.o(.data)
    .data                                    0x2000001c   Section        1  si24r1.o(.data)
    .data                                    0x2000001e   Section        4  timer.o(.data)
    ms250                                    0x2000001e   Data           2  timer.o(.data)
    ms500                                    0x20000020   Data           2  timer.o(.data)
    .data                                    0x20000024   Section      132  pid.o(.data)
    Kp1                                      0x2000003c   Data           4  pid.o(.data)
    Kp2                                      0x20000040   Data           4  pid.o(.data)
    Ki1                                      0x20000044   Data           4  pid.o(.data)
    Ki2                                      0x20000048   Data           4  pid.o(.data)
    Kd1                                      0x2000004c   Data           4  pid.o(.data)
    Kd2                                      0x20000050   Data           4  pid.o(.data)
    e_pit                                    0x20000054   Data           4  pid.o(.data)
    e_rol                                    0x20000058   Data           4  pid.o(.data)
    e_pit_old                                0x2000005c   Data           4  pid.o(.data)
    e_rol_old                                0x20000060   Data           4  pid.o(.data)
    flag_pit                                 0x20000064   Data           1  pid.o(.data)
    flag_rol                                 0x20000065   Data           1  pid.o(.data)
    Kp1                                      0x20000068   Data           4  pid.o(.data)
    Ki1                                      0x2000006c   Data           4  pid.o(.data)
    Kd1                                      0x20000070   Data           4  pid.o(.data)
    Kp2                                      0x20000074   Data           4  pid.o(.data)
    Ki2                                      0x20000078   Data           4  pid.o(.data)
    Kd2                                      0x2000007c   Data           4  pid.o(.data)
    e_X_now                                  0x20000080   Data           4  pid.o(.data)
    e_X_old                                  0x20000084   Data           4  pid.o(.data)
    e_Y_now                                  0x20000088   Data           4  pid.o(.data)
    e_Y_old                                  0x2000008c   Data           4  pid.o(.data)
    flag_X                                   0x20000090   Data           1  pid.o(.data)
    flag_Y                                   0x20000091   Data           1  pid.o(.data)
    Kp1                                      0x20000094   Data           4  pid.o(.data)
    Kd1                                      0x20000098   Data           4  pid.o(.data)
    e_Z_now                                  0x2000009c   Data           4  pid.o(.data)
    e_Z_old                                  0x200000a0   Data           4  pid.o(.data)
    max                                      0x200000a4   Data           2  pid.o(.data)
    min                                      0x200000a6   Data           2  pid.o(.data)
    .data                                    0x200000a8   Section        1  task.o(.data)
    i                                        0x200000a8   Data           1  task.o(.data)
    .data                                    0x200000aa   Section        9  datapackage.o(.data)
    .data                                    0x200000b4   Section       44  inv_mpu.o(.data)
    st                                       0x200000b4   Data          44  inv_mpu.o(.data)
    .data                                    0x200000e0   Section       61  mpu_dmp_api.o(.data)
    gyro_orientation                         0x200000e1   Data           9  mpu_dmp_api.o(.data)
    .data                                    0x2000011e   Section        4  delay.o(.data)
    fac_us                                   0x2000011e   Data           1  delay.o(.data)
    fac_ms                                   0x20000120   Data           2  delay.o(.data)
    .data                                    0x20000124   Section        6  usart.o(.data)
    .data                                    0x2000012a   Section       20  stm32f10x_rcc.o(.data)
    APBAHBPrescTable                         0x2000012a   Data          16  stm32f10x_rcc.o(.data)
    ADCPrescTable                            0x2000013a   Data           4  stm32f10x_rcc.o(.data)
    .bss                                     0x20000140   Section       30  main.o(.bss)
    .bss                                     0x2000015e   Section       18  spi.o(.bss)
    .bss                                     0x20000170   Section       52  pid.o(.bss)
    .bss                                     0x200001a4   Section       16  inv_mpu_dmp_motion_driver.o(.bss)
    dmp                                      0x200001a4   Data          16  inv_mpu_dmp_motion_driver.o(.bss)
    .bss                                     0x200001b4   Section       32  mpu_dmp_api.o(.bss)
    hal                                      0x200001b4   Data          14  mpu_dmp_api.o(.bss)
    .bss                                     0x200001d4   Section      200  usart.o(.bss)
    .bss                                     0x2000029c   Section       96  libspace.o(.bss)
    HEAP                                     0x20000300   Section      512  startup_stm32f10x_hd.o(HEAP)
    Heap_Mem                                 0x20000300   Data         512  startup_stm32f10x_hd.o(HEAP)
    STACK                                    0x20000500   Section     2048  startup_stm32f10x_hd.o(STACK)
    Stack_Mem                                0x20000500   Data        2048  startup_stm32f10x_hd.o(STACK)
    __initial_sp                             0x20000d00   Data           0  startup_stm32f10x_hd.o(STACK)

    Global Symbols

    Symbol Name                              Value     Ov Type        Size  Object(Section)

    BuildAttributes$$THM_ISAv4$P$D$K$B$S$PE$A:L22UL41UL21$X:L11$S22US41US21$IEEE1$IW$USESV6$~STKCKD$USESV7$~SHL$OTIME$ROPI$IEEEX$EBA8$UX$STANDARDLIB$REQ8$PRES8$EABIv2 0x00000000   Number         0  anon$$obj.o ABSOLUTE
    __ARM_use_no_argv                        0x00000000   Number         0  main.o ABSOLUTE
    __ARM_exceptions_init                     - Undefined Weak Reference
    __alloca_initialize                       - Undefined Weak Reference
    __arm_preinit_                            - Undefined Weak Reference
    __cpp_initialize__aeabi_                  - Undefined Weak Reference
    __cxa_finalize                            - Undefined Weak Reference
    __rt_locale                               - Undefined Weak Reference
    __sigvec_lookup                           - Undefined Weak Reference
    _atexit_init                              - Undefined Weak Reference
    _call_atexit_fns                          - Undefined Weak Reference
    _clock_init                               - Undefined Weak Reference
    _fp_trap_init                             - Undefined Weak Reference
    _fp_trap_shutdown                         - Undefined Weak Reference
    _get_lc_collate                           - Undefined Weak Reference
    _get_lc_ctype                             - Undefined Weak Reference
    _get_lc_monetary                          - Undefined Weak Reference
    _get_lc_numeric                           - Undefined Weak Reference
    _get_lc_time                              - Undefined Weak Reference
    _getenv_init                              - Undefined Weak Reference
    _handle_redirection                       - Undefined Weak Reference
    _init_alloc                               - Undefined Weak Reference
    _init_user_alloc                          - Undefined Weak Reference
    _initio                                   - Undefined Weak Reference
    _rand_init                                - Undefined Weak Reference
    _signal_finish                            - Undefined Weak Reference
    _signal_init                              - Undefined Weak Reference
    _terminate_alloc                          - Undefined Weak Reference
    _terminate_user_alloc                     - Undefined Weak Reference
    _terminateio                              - Undefined Weak Reference
    __Vectors_Size                           0x00000130   Number         0  startup_stm32f10x_hd.o ABSOLUTE
    __Vectors                                0x08000000   Data           4  startup_stm32f10x_hd.o(RESET)
    __Vectors_End                            0x08000130   Data           0  startup_stm32f10x_hd.o(RESET)
    __main                                   0x08000131   Thumb Code     8  __main.o(!!!main)
    __scatterload                            0x08000139   Thumb Code     0  __scatter.o(!!!scatter)
    __scatterload_rt2                        0x08000139   Thumb Code    44  __scatter.o(!!!scatter)
    __scatterload_rt2_thumb_only             0x08000139   Thumb Code     0  __scatter.o(!!!scatter)
    __scatterload_null                       0x08000147   Thumb Code     0  __scatter.o(!!!scatter)
    __decompress                             0x0800016d   Thumb Code    90  __dczerorl2.o(!!dczerorl2)
    __decompress1                            0x0800016d   Thumb Code     0  __dczerorl2.o(!!dczerorl2)
    __scatterload_zeroinit                   0x080001c9   Thumb Code    28  __scatter_zi.o(!!handler_zi)
    __rt_lib_init                            0x080001e5   Thumb Code     0  libinit.o(.ARM.Collect$$libinit$$00000000)
    __rt_lib_init_alloca_1                   0x080001e7   Thumb Code     0  libinit2.o(.ARM.Collect$$libinit$$0000002E)
    __rt_lib_init_argv_1                     0x080001e7   Thumb Code     0  libinit2.o(.ARM.Collect$$libinit$$0000002C)
    __rt_lib_init_atexit_1                   0x080001e7   Thumb Code     0  libinit2.o(.ARM.Collect$$libinit$$0000001B)
    __rt_lib_init_clock_1                    0x080001e7   Thumb Code     0  libinit2.o(.ARM.Collect$$libinit$$00000021)
    __rt_lib_init_cpp_1                      0x080001e7   Thumb Code     0  libinit2.o(.ARM.Collect$$libinit$$00000032)
    __rt_lib_init_exceptions_1               0x080001e7   Thumb Code     0  libinit2.o(.ARM.Collect$$libinit$$00000030)
    __rt_lib_init_fp_1                       0x080001e7   Thumb Code     0  libinit2.o(.ARM.Collect$$libinit$$00000002)
    __rt_lib_init_fp_trap_1                  0x080001e7   Thumb Code     0  libinit2.o(.ARM.Collect$$libinit$$0000001F)
    __rt_lib_init_getenv_1                   0x080001e7   Thumb Code     0  libinit2.o(.ARM.Collect$$libinit$$00000023)
    __rt_lib_init_heap_1                     0x080001e7   Thumb Code     0  libinit2.o(.ARM.Collect$$libinit$$0000000A)
    __rt_lib_init_lc_collate_1               0x080001e7   Thumb Code     0  libinit2.o(.ARM.Collect$$libinit$$00000011)
    __rt_lib_init_lc_ctype_1                 0x080001e7   Thumb Code     0  libinit2.o(.ARM.Collect$$libinit$$00000013)
    __rt_lib_init_lc_monetary_1              0x080001e7   Thumb Code     0  libinit2.o(.ARM.Collect$$libinit$$00000015)
    __rt_lib_init_lc_numeric_1               0x080001e7   Thumb Code     0  libinit2.o(.ARM.Collect$$libinit$$00000017)
    __rt_lib_init_lc_time_1                  0x080001e7   Thumb Code     0  libinit2.o(.ARM.Collect$$libinit$$00000019)
    __rt_lib_init_preinit_1                  0x080001e7   Thumb Code     0  libinit2.o(.ARM.Collect$$libinit$$00000004)
    __rt_lib_init_rand_1                     0x080001e7   Thumb Code     0  libinit2.o(.ARM.Collect$$libinit$$0000000E)
    __rt_lib_init_return                     0x080001e7   Thumb Code     0  libinit2.o(.ARM.Collect$$libinit$$00000033)
    __rt_lib_init_signal_1                   0x080001e7   Thumb Code     0  libinit2.o(.ARM.Collect$$libinit$$0000001D)
    __rt_lib_init_stdio_1                    0x080001e7   Thumb Code     0  libinit2.o(.ARM.Collect$$libinit$$00000025)
    __rt_lib_init_user_alloc_1               0x080001e7   Thumb Code     0  libinit2.o(.ARM.Collect$$libinit$$0000000C)
    __rt_lib_shutdown                        0x080001e9   Thumb Code     0  libshutdown.o(.ARM.Collect$$libshutdown$$00000000)
    __rt_lib_shutdown_cpp_1                  0x080001eb   Thumb Code     0  libshutdown2.o(.ARM.Collect$$libshutdown$$00000002)
    __rt_lib_shutdown_fp_trap_1              0x080001eb   Thumb Code     0  libshutdown2.o(.ARM.Collect$$libshutdown$$00000007)
    __rt_lib_shutdown_heap_1                 0x080001eb   Thumb Code     0  libshutdown2.o(.ARM.Collect$$libshutdown$$0000000F)
    __rt_lib_shutdown_return                 0x080001eb   Thumb Code     0  libshutdown2.o(.ARM.Collect$$libshutdown$$00000010)
    __rt_lib_shutdown_signal_1               0x080001eb   Thumb Code     0  libshutdown2.o(.ARM.Collect$$libshutdown$$0000000A)
    __rt_lib_shutdown_stdio_1                0x080001eb   Thumb Code     0  libshutdown2.o(.ARM.Collect$$libshutdown$$00000004)
    __rt_lib_shutdown_user_alloc_1           0x080001eb   Thumb Code     0  libshutdown2.o(.ARM.Collect$$libshutdown$$0000000C)
    __rt_entry                               0x080001ed   Thumb Code     0  __rtentry.o(.ARM.Collect$$rtentry$$00000000)
    __rt_entry_presh_1                       0x080001ed   Thumb Code     0  __rtentry2.o(.ARM.Collect$$rtentry$$00000002)
    __rt_entry_sh                            0x080001ed   Thumb Code     0  __rtentry4.o(.ARM.Collect$$rtentry$$00000004)
    __rt_entry_li                            0x080001f3   Thumb Code     0  __rtentry2.o(.ARM.Collect$$rtentry$$0000000A)
    __rt_entry_postsh_1                      0x080001f3   Thumb Code     0  __rtentry2.o(.ARM.Collect$$rtentry$$00000009)
    __rt_entry_main                          0x080001f7   Thumb Code     0  __rtentry2.o(.ARM.Collect$$rtentry$$0000000D)
    __rt_entry_postli_1                      0x080001f7   Thumb Code     0  __rtentry2.o(.ARM.Collect$$rtentry$$0000000C)
    __rt_exit                                0x080001ff   Thumb Code     0  rtexit.o(.ARM.Collect$$rtexit$$00000000)
    __rt_exit_ls                             0x08000201   Thumb Code     0  rtexit2.o(.ARM.Collect$$rtexit$$00000003)
    __rt_exit_prels_1                        0x08000201   Thumb Code     0  rtexit2.o(.ARM.Collect$$rtexit$$00000002)
    __rt_exit_exit                           0x08000205   Thumb Code     0  rtexit2.o(.ARM.Collect$$rtexit$$00000004)
    Reset_Handler                            0x0800020d   Thumb Code     8  startup_stm32f10x_hd.o(.text)
    ADC1_2_IRQHandler                        0x08000227   Thumb Code     0  startup_stm32f10x_hd.o(.text)
    ADC3_IRQHandler                          0x08000227   Thumb Code     0  startup_stm32f10x_hd.o(.text)
    CAN1_RX1_IRQHandler                      0x08000227   Thumb Code     0  startup_stm32f10x_hd.o(.text)
    CAN1_SCE_IRQHandler                      0x08000227   Thumb Code     0  startup_stm32f10x_hd.o(.text)
    DMA1_Channel1_IRQHandler                 0x08000227   Thumb Code     0  startup_stm32f10x_hd.o(.text)
    DMA1_Channel2_IRQHandler                 0x08000227   Thumb Code     0  startup_stm32f10x_hd.o(.text)
    DMA1_Channel3_IRQHandler                 0x08000227   Thumb Code     0  startup_stm32f10x_hd.o(.text)
    DMA1_Channel4_IRQHandler                 0x08000227   Thumb Code     0  startup_stm32f10x_hd.o(.text)
    DMA1_Channel5_IRQHandler                 0x08000227   Thumb Code     0  startup_stm32f10x_hd.o(.text)
    DMA1_Channel6_IRQHandler                 0x08000227   Thumb Code     0  startup_stm32f10x_hd.o(.text)
    DMA1_Channel7_IRQHandler                 0x08000227   Thumb Code     0  startup_stm32f10x_hd.o(.text)
    DMA2_Channel1_IRQHandler                 0x08000227   Thumb Code     0  startup_stm32f10x_hd.o(.text)
    DMA2_Channel2_IRQHandler                 0x08000227   Thumb Code     0  startup_stm32f10x_hd.o(.text)
    DMA2_Channel3_IRQHandler                 0x08000227   Thumb Code     0  startup_stm32f10x_hd.o(.text)
    DMA2_Channel4_5_IRQHandler               0x08000227   Thumb Code     0  startup_stm32f10x_hd.o(.text)
    EXTI0_IRQHandler                         0x08000227   Thumb Code     0  startup_stm32f10x_hd.o(.text)
    EXTI15_10_IRQHandler                     0x08000227   Thumb Code     0  startup_stm32f10x_hd.o(.text)
    EXTI3_IRQHandler                         0x08000227   Thumb Code     0  startup_stm32f10x_hd.o(.text)
    EXTI9_5_IRQHandler                       0x08000227   Thumb Code     0  startup_stm32f10x_hd.o(.text)
    FLASH_IRQHandler                         0x08000227   Thumb Code     0  startup_stm32f10x_hd.o(.text)
    FSMC_IRQHandler                          0x08000227   Thumb Code     0  startup_stm32f10x_hd.o(.text)
    I2C1_ER_IRQHandler                       0x08000227   Thumb Code     0  startup_stm32f10x_hd.o(.text)
    I2C1_EV_IRQHandler                       0x08000227   Thumb Code     0  startup_stm32f10x_hd.o(.text)
    I2C2_ER_IRQHandler                       0x08000227   Thumb Code     0  startup_stm32f10x_hd.o(.text)
    I2C2_EV_IRQHandler                       0x08000227   Thumb Code     0  startup_stm32f10x_hd.o(.text)
    PVD_IRQHandler                           0x08000227   Thumb Code     0  startup_stm32f10x_hd.o(.text)
    RCC_IRQHandler                           0x08000227   Thumb Code     0  startup_stm32f10x_hd.o(.text)
    RTCAlarm_IRQHandler                      0x08000227   Thumb Code     0  startup_stm32f10x_hd.o(.text)
    RTC_IRQHandler                           0x08000227   Thumb Code     0  startup_stm32f10x_hd.o(.text)
    SDIO_IRQHandler                          0x08000227   Thumb Code     0  startup_stm32f10x_hd.o(.text)
    SPI1_IRQHandler                          0x08000227   Thumb Code     0  startup_stm32f10x_hd.o(.text)
    SPI2_IRQHandler                          0x08000227   Thumb Code     0  startup_stm32f10x_hd.o(.text)
    SPI3_IRQHandler                          0x08000227   Thumb Code     0  startup_stm32f10x_hd.o(.text)
    TAMPER_IRQHandler                        0x08000227   Thumb Code     0  startup_stm32f10x_hd.o(.text)
    TIM1_BRK_IRQHandler                      0x08000227   Thumb Code     0  startup_stm32f10x_hd.o(.text)
    TIM1_CC_IRQHandler                       0x08000227   Thumb Code     0  startup_stm32f10x_hd.o(.text)
    TIM1_TRG_COM_IRQHandler                  0x08000227   Thumb Code     0  startup_stm32f10x_hd.o(.text)
    TIM1_UP_IRQHandler                       0x08000227   Thumb Code     0  startup_stm32f10x_hd.o(.text)
    TIM2_IRQHandler                          0x08000227   Thumb Code     0  startup_stm32f10x_hd.o(.text)
    TIM4_IRQHandler                          0x08000227   Thumb Code     0  startup_stm32f10x_hd.o(.text)
    TIM5_IRQHandler                          0x08000227   Thumb Code     0  startup_stm32f10x_hd.o(.text)
    TIM6_IRQHandler                          0x08000227   Thumb Code     0  startup_stm32f10x_hd.o(.text)
    TIM7_IRQHandler                          0x08000227   Thumb Code     0  startup_stm32f10x_hd.o(.text)
    TIM8_BRK_IRQHandler                      0x08000227   Thumb Code     0  startup_stm32f10x_hd.o(.text)
    TIM8_CC_IRQHandler                       0x08000227   Thumb Code     0  startup_stm32f10x_hd.o(.text)
    TIM8_TRG_COM_IRQHandler                  0x08000227   Thumb Code     0  startup_stm32f10x_hd.o(.text)
    TIM8_UP_IRQHandler                       0x08000227   Thumb Code     0  startup_stm32f10x_hd.o(.text)
    UART4_IRQHandler                         0x08000227   Thumb Code     0  startup_stm32f10x_hd.o(.text)
    UART5_IRQHandler                         0x08000227   Thumb Code     0  startup_stm32f10x_hd.o(.text)
    USART2_IRQHandler                        0x08000227   Thumb Code     0  startup_stm32f10x_hd.o(.text)
    USART3_IRQHandler                        0x08000227   Thumb Code     0  startup_stm32f10x_hd.o(.text)
    USBWakeUp_IRQHandler                     0x08000227   Thumb Code     0  startup_stm32f10x_hd.o(.text)
    USB_HP_CAN1_TX_IRQHandler                0x08000227   Thumb Code     0  startup_stm32f10x_hd.o(.text)
    USB_LP_CAN1_RX0_IRQHandler               0x08000227   Thumb Code     0  startup_stm32f10x_hd.o(.text)
    WWDG_IRQHandler                          0x08000227   Thumb Code     0  startup_stm32f10x_hd.o(.text)
    __user_initial_stackheap                 0x08000229   Thumb Code     0  startup_stm32f10x_hd.o(.text)
    __use_no_semihosting                     0x0800024d   Thumb Code     2  use_no_semi_2.o(.text)
    __aeabi_ldivmod                          0x0800024f   Thumb Code     0  llsdiv.o(.text)
    _ll_sdiv                                 0x0800024f   Thumb Code    72  llsdiv.o(.text)
    memcmp                                   0x08000297   Thumb Code    88  memcmp.o(.text)
    __aeabi_memset                           0x080002ef   Thumb Code    16  aeabi_memset.o(.text)
    __aeabi_memclr                           0x080002ff   Thumb Code     0  rt_memclr.o(.text)
    __rt_memclr                              0x080002ff   Thumb Code    68  rt_memclr.o(.text)
    _memset                                  0x08000303   Thumb Code     0  rt_memclr.o(.text)
    __use_two_region_memory                  0x08000343   Thumb Code     2  heapauxi.o(.text)
    __rt_heap_escrow$2region                 0x08000345   Thumb Code     2  heapauxi.o(.text)
    __rt_heap_expand$2region                 0x08000347   Thumb Code     2  heapauxi.o(.text)
    __I$use$semihosting                      0x08000349   Thumb Code     0  use_no_semi.o(.text)
    __use_no_semihosting_swi                 0x08000349   Thumb Code     2  use_no_semi.o(.text)
    __aeabi_uldivmod                         0x0800034b   Thumb Code     0  lludivv7m.o(.text)
    _ll_udiv                                 0x0800034b   Thumb Code   238  lludivv7m.o(.text)
    __read_errno                             0x08000439   Thumb Code    10  _rserrno.o(.text)
    __set_errno                              0x08000443   Thumb Code    12  _rserrno.o(.text)
    __aeabi_memclr4                          0x0800044f   Thumb Code     0  rt_memclr_w.o(.text)
    __aeabi_memclr8                          0x0800044f   Thumb Code     0  rt_memclr_w.o(.text)
    __rt_memclr_w                            0x0800044f   Thumb Code    78  rt_memclr_w.o(.text)
    _memset_w                                0x08000453   Thumb Code     0  rt_memclr_w.o(.text)
    __aeabi_errno_addr                       0x0800049d   Thumb Code     8  rt_errno_addr_intlibspace.o(.text)
    __errno$intlibspace                      0x0800049d   Thumb Code     0  rt_errno_addr_intlibspace.o(.text)
    __rt_errno_addr$intlibspace              0x0800049d   Thumb Code     0  rt_errno_addr_intlibspace.o(.text)
    __user_libspace                          0x080004a5   Thumb Code     8  libspace.o(.text)
    __user_perproc_libspace                  0x080004a5   Thumb Code     0  libspace.o(.text)
    __user_perthread_libspace                0x080004a5   Thumb Code     0  libspace.o(.text)
    __user_setup_stackheap                   0x080004ad   Thumb Code    74  sys_stackheap_outer.o(.text)
    exit                                     0x080004f7   Thumb Code    18  exit.o(.text)
    ADC_Cmd                                  0x08000509   Thumb Code    22  stm32f10x_adc.o(i.ADC_Cmd)
    ADC_DeInit                               0x08000521   Thumb Code    78  stm32f10x_adc.o(i.ADC_DeInit)
    ADC_GetCalibrationStatus                 0x0800057d   Thumb Code    20  stm32f10x_adc.o(i.ADC_GetCalibrationStatus)
    ADC_GetConversionValue                   0x08000591   Thumb Code     8  stm32f10x_adc.o(i.ADC_GetConversionValue)
    ADC_GetFlagStatus                        0x08000599   Thumb Code    18  stm32f10x_adc.o(i.ADC_GetFlagStatus)
    ADC_GetResetCalibrationStatus            0x080005ab   Thumb Code    20  stm32f10x_adc.o(i.ADC_GetResetCalibrationStatus)
    ADC_Init                                 0x080005c1   Thumb Code    70  stm32f10x_adc.o(i.ADC_Init)
    ADC_RegularChannelConfig                 0x08000611   Thumb Code   184  stm32f10x_adc.o(i.ADC_RegularChannelConfig)
    ADC_ResetCalibration                     0x080006c9   Thumb Code    10  stm32f10x_adc.o(i.ADC_ResetCalibration)
    ADC_SoftwareStartConvCmd                 0x080006d3   Thumb Code    22  stm32f10x_adc.o(i.ADC_SoftwareStartConvCmd)
    ADC_StartCalibration                     0x080006e9   Thumb Code    10  stm32f10x_adc.o(i.ADC_StartCalibration)
    BusFault_Handler                         0x080006f3   Thumb Code     4  stm32f10x_it.o(i.BusFault_Handler)
    Data_Package_to_TX                       0x080006f9   Thumb Code   158  datapackage.o(i.Data_Package_to_TX)
    Data_UnPack_from_RX                      0x080007b5   Thumb Code    66  datapackage.o(i.Data_UnPack_from_RX)
    DebugMon_Handler                         0x0800080d   Thumb Code     2  stm32f10x_it.o(i.DebugMon_Handler)
    EXTI1_IRQHandler                         0x08000811   Thumb Code    58  exti.o(i.EXTI1_IRQHandler)
    EXTI2_IRQHandler                         0x08000855   Thumb Code    28  mpu_dmp_api.o(i.EXTI2_IRQHandler)
    EXTI4_IRQHandler                         0x08000875   Thumb Code    24  si24r1.o(i.EXTI4_IRQHandler)
    EXTI_ClearITPendingBit                   0x08000891   Thumb Code     6  stm32f10x_exti.o(i.EXTI_ClearITPendingBit)
    EXTI_GetITStatus                         0x0800089d   Thumb Code    34  stm32f10x_exti.o(i.EXTI_GetITStatus)
    EXTI_Init                                0x080008c5   Thumb Code   142  stm32f10x_exti.o(i.EXTI_Init)
    GPIO_EXTILineConfig                      0x08000959   Thumb Code    60  stm32f10x_gpio.o(i.GPIO_EXTILineConfig)
    GPIO_Init                                0x08000999   Thumb Code   278  stm32f10x_gpio.o(i.GPIO_Init)
    GPIO_ReadInputDataBit                    0x08000aaf   Thumb Code    18  stm32f10x_gpio.o(i.GPIO_ReadInputDataBit)
    GPIO_ResetBits                           0x08000ac1   Thumb Code     4  stm32f10x_gpio.o(i.GPIO_ResetBits)
    GPIO_SetBits                             0x08000ac5   Thumb Code     4  stm32f10x_gpio.o(i.GPIO_SetBits)
    HardFault_Handler                        0x08000ac9   Thumb Code     4  stm32f10x_it.o(i.HardFault_Handler)
    I2C_ReadBytes                            0x08000acd   Thumb Code   126  i2c.o(i.I2C_ReadBytes)
    I2C_WriteBytes                           0x08000b4b   Thumb Code    94  i2c.o(i.I2C_WriteBytes)
    IIC_Ack                                  0x08000ba9   Thumb Code    72  i2c.o(i.IIC_Ack)
    IIC_Init                                 0x08000bfd   Thumb Code    60  i2c.o(i.IIC_Init)
    IIC_NAck                                 0x08000c45   Thumb Code    66  i2c.o(i.IIC_NAck)
    IIC_Read_Byte                            0x08000c95   Thumb Code   118  i2c.o(i.IIC_Read_Byte)
    IIC_Send_Byte                            0x08000d19   Thumb Code   112  i2c.o(i.IIC_Send_Byte)
    IIC_Start                                0x08000d95   Thumb Code    70  i2c.o(i.IIC_Start)
    IIC_Stop                                 0x08000de9   Thumb Code    68  i2c.o(i.IIC_Stop)
    IIC_Wait_Ack                             0x08000e39   Thumb Code    88  i2c.o(i.IIC_Wait_Ack)
    Inner_PID                                0x08000e9d   Thumb Code   452  pid.o(i.Inner_PID)
    MPU_INT_Config                           0x080010b5   Thumb Code    94  mpu_dmp_api.o(i.MPU_INT_Config)
    MemManage_Handler                        0x08001119   Thumb Code     4  stm32f10x_it.o(i.MemManage_Handler)
    Motor_PWM_Lock                           0x0800111d   Thumb Code   228  pid.o(i.Motor_PWM_Lock)
    NMI_Handler                              0x0800122d   Thumb Code     2  stm32f10x_it.o(i.NMI_Handler)
    NRF_IRQ_Config                           0x08001231   Thumb Code    94  si24r1.o(i.NRF_IRQ_Config)
    NVIC_Init                                0x08001295   Thumb Code   100  misc.o(i.NVIC_Init)
    NVIC_PriorityGroupConfig                 0x08001305   Thumb Code    10  misc.o(i.NVIC_PriorityGroupConfig)
    Outter_PID                               0x08001319   Thumb Code   452  pid.o(i.Outter_PID)
    PID_prepare                              0x0800152d   Thumb Code   142  pid.o(i.PID_prepare)
    PendSV_Handler                           0x080015ed   Thumb Code     2  stm32f10x_it.o(i.PendSV_Handler)
    RCC_ADCCLKConfig                         0x080015f1   Thumb Code    18  stm32f10x_rcc.o(i.RCC_ADCCLKConfig)
    RCC_APB1PeriphClockCmd                   0x08001609   Thumb Code    26  stm32f10x_rcc.o(i.RCC_APB1PeriphClockCmd)
    RCC_APB2PeriphClockCmd                   0x08001629   Thumb Code    26  stm32f10x_rcc.o(i.RCC_APB2PeriphClockCmd)
    RCC_APB2PeriphResetCmd                   0x08001649   Thumb Code    26  stm32f10x_rcc.o(i.RCC_APB2PeriphResetCmd)
    RCC_GetClocksFreq                        0x08001669   Thumb Code   192  stm32f10x_rcc.o(i.RCC_GetClocksFreq)
    SPI2_Init                                0x0800173d   Thumb Code   100  spi.o(i.SPI2_Init)
    SPI2_ReadWriteByte                       0x080017ad   Thumb Code    78  spi.o(i.SPI2_ReadWriteByte)
    SPI_Cmd                                  0x08001801   Thumb Code    24  stm32f10x_spi.o(i.SPI_Cmd)
    SPI_I2S_GetFlagStatus                    0x08001819   Thumb Code    18  stm32f10x_spi.o(i.SPI_I2S_GetFlagStatus)
    SPI_I2S_ReceiveData                      0x0800182b   Thumb Code     6  stm32f10x_spi.o(i.SPI_I2S_ReceiveData)
    SPI_I2S_SendData                         0x08001831   Thumb Code     4  stm32f10x_spi.o(i.SPI_I2S_SendData)
    SPI_Init                                 0x08001835   Thumb Code    60  stm32f10x_spi.o(i.SPI_Init)
    SVC_Handler                              0x08001871   Thumb Code     2  stm32f10x_it.o(i.SVC_Handler)
    Set_PWM_plus_PID                         0x0800195d   Thumb Code   396  pid.o(i.Set_PWM_plus_PID)
    SysTick_CLKSourceConfig                  0x08001b01   Thumb Code    40  misc.o(i.SysTick_CLKSourceConfig)
    SysTick_Handler                          0x08001b29   Thumb Code     2  stm32f10x_it.o(i.SysTick_Handler)
    SystemInit                               0x08001b2d   Thumb Code    78  system_stm32f10x.o(i.SystemInit)
    TIM3_Config_Init                         0x08001b8d   Thumb Code    90  timer.o(i.TIM3_Config_Init)
    TIM3_IRQHandler                          0x08001bed   Thumb Code    84  timer.o(i.TIM3_IRQHandler)
    TIM4_PWM_Init                            0x08001c55   Thumb Code   200  timer.o(i.TIM4_PWM_Init)
    TIM_ARRPreloadConfig                     0x08001d25   Thumb Code    24  stm32f10x_tim.o(i.TIM_ARRPreloadConfig)
    TIM_ClearITPendingBit                    0x08001d3d   Thumb Code     6  stm32f10x_tim.o(i.TIM_ClearITPendingBit)
    TIM_Cmd                                  0x08001d43   Thumb Code    24  stm32f10x_tim.o(i.TIM_Cmd)
    TIM_GetITStatus                          0x08001d5b   Thumb Code    34  stm32f10x_tim.o(i.TIM_GetITStatus)
    TIM_ITConfig                             0x08001d7d   Thumb Code    18  stm32f10x_tim.o(i.TIM_ITConfig)
    TIM_OC1Init                              0x08001d91   Thumb Code   132  stm32f10x_tim.o(i.TIM_OC1Init)
    TIM_OC1PreloadConfig                     0x08001e29   Thumb Code    18  stm32f10x_tim.o(i.TIM_OC1PreloadConfig)
    TIM_OC2Init                              0x08001e3d   Thumb Code   154  stm32f10x_tim.o(i.TIM_OC2Init)
    TIM_OC2PreloadConfig                     0x08001ee1   Thumb Code    26  stm32f10x_tim.o(i.TIM_OC2PreloadConfig)
    TIM_OC3Init                              0x08001efd   Thumb Code   150  stm32f10x_tim.o(i.TIM_OC3Init)
    TIM_OC3PreloadConfig                     0x08001f9d   Thumb Code    18  stm32f10x_tim.o(i.TIM_OC3PreloadConfig)
    TIM_OC4Init                              0x08001fb1   Thumb Code   114  stm32f10x_tim.o(i.TIM_OC4Init)
    TIM_OC4PreloadConfig                     0x0800202d   Thumb Code    26  stm32f10x_tim.o(i.TIM_OC4PreloadConfig)
    TIM_SetCompare1                          0x08002047   Thumb Code     4  stm32f10x_tim.o(i.TIM_SetCompare1)
    TIM_SetCompare2                          0x0800204b   Thumb Code     4  stm32f10x_tim.o(i.TIM_SetCompare2)
    TIM_SetCompare3                          0x0800204f   Thumb Code     4  stm32f10x_tim.o(i.TIM_SetCompare3)
    TIM_SetCompare4                          0x08002053   Thumb Code     6  stm32f10x_tim.o(i.TIM_SetCompare4)
    TIM_TimeBaseInit                         0x08002059   Thumb Code   122  stm32f10x_tim.o(i.TIM_TimeBaseInit)
    Task_MPU_DMP_PID                         0x080020fd   Thumb Code    78  task.o(i.Task_MPU_DMP_PID)
    Task_NRF_TeleCom                         0x08002155   Thumb Code    52  task.o(i.Task_NRF_TeleCom)
    USART1_IRQHandler                        0x0800219d   Thumb Code   122  usart.o(i.USART1_IRQHandler)
    USART_Cmd                                0x08002225   Thumb Code    24  stm32f10x_usart.o(i.USART_Cmd)
    USART_GetITStatus                        0x0800223d   Thumb Code    84  stm32f10x_usart.o(i.USART_GetITStatus)
    USART_ITConfig                           0x08002291   Thumb Code    74  stm32f10x_usart.o(i.USART_ITConfig)
    USART_Init                               0x080022dd   Thumb Code   210  stm32f10x_usart.o(i.USART_Init)
    USART_ReceiveData                        0x080023b5   Thumb Code    10  stm32f10x_usart.o(i.USART_ReceiveData)
    UsageFault_Handler                       0x080023bf   Thumb Code     4  stm32f10x_it.o(i.UsageFault_Handler)
    Yaw_Rotate_PD_Ctrl                       0x080023c5   Thumb Code    78  pid.o(i.Yaw_Rotate_PD_Ctrl)
    __ARM_fpclassify                         0x08002431   Thumb Code    40  fpclassify.o(i.__ARM_fpclassify)
    __kernel_poly                            0x08002459   Thumb Code   170  poly.o(i.__kernel_poly)
    __mathlib_dbl_infnan                     0x08002503   Thumb Code     6  dunder.o(i.__mathlib_dbl_infnan)
    __mathlib_dbl_infnan2                    0x08002509   Thumb Code     4  dunder.o(i.__mathlib_dbl_infnan2)
    __mathlib_dbl_invalid                    0x0800250d   Thumb Code    12  dunder.o(i.__mathlib_dbl_invalid)
    __mathlib_dbl_underflow                  0x08002519   Thumb Code    10  dunder.o(i.__mathlib_dbl_underflow)
    _sys_exit                                0x08002529   Thumb Code     4  usart.o(i._sys_exit)
    adc1_init                                0x080025d5   Thumb Code   150  adc.o(i.adc1_init)
    asin                                     0x08002675   Thumb Code   572  asin.o(i.asin)
    atan                                     0x080028e5   Thumb Code   474  atan.o(i.atan)
    atan2                                    0x08002b05   Thumb Code   346  atan2.o(i.atan2)
    delay_init                               0x08002ce9   Thumb Code    50  delay.o(i.delay_init)
    delay_ms                                 0x08002d2d   Thumb Code    72  delay.o(i.delay_ms)
    delay_us                                 0x08002d79   Thumb Code    72  delay.o(i.delay_us)
    dmp_enable_6x_lp_quat                    0x08002dc5   Thumb Code    60  inv_mpu_dmp_motion_driver.o(i.dmp_enable_6x_lp_quat)
    dmp_enable_feature                       0x08002e01   Thumb Code   530  inv_mpu_dmp_motion_driver.o(i.dmp_enable_feature)
    dmp_enable_gyro_cal                      0x0800301d   Thumb Code    62  inv_mpu_dmp_motion_driver.o(i.dmp_enable_gyro_cal)
    dmp_enable_lp_quat                       0x08003075   Thumb Code    60  inv_mpu_dmp_motion_driver.o(i.dmp_enable_lp_quat)
    dmp_load_motion_driver_firmware          0x080030b1   Thumb Code    20  inv_mpu_dmp_motion_driver.o(i.dmp_load_motion_driver_firmware)
    dmp_read_fifo                            0x080030c9   Thumb Code   456  inv_mpu_dmp_motion_driver.o(i.dmp_read_fifo)
    dmp_set_accel_bias                       0x08003295   Thumb Code   300  inv_mpu_dmp_motion_driver.o(i.dmp_set_accel_bias)
    dmp_set_fifo_rate                        0x080033c5   Thumb Code    96  inv_mpu_dmp_motion_driver.o(i.dmp_set_fifo_rate)
    dmp_set_gyro_bias                        0x08003435   Thumb Code   294  inv_mpu_dmp_motion_driver.o(i.dmp_set_gyro_bias)
    dmp_set_orientation                      0x08003565   Thumb Code   290  inv_mpu_dmp_motion_driver.o(i.dmp_set_orientation)
    dmp_set_shake_reject_thresh              0x0800369d   Thumb Code    56  inv_mpu_dmp_motion_driver.o(i.dmp_set_shake_reject_thresh)
    dmp_set_shake_reject_time                0x080036d5   Thumb Code    38  inv_mpu_dmp_motion_driver.o(i.dmp_set_shake_reject_time)
    dmp_set_shake_reject_timeout             0x080036fb   Thumb Code    38  inv_mpu_dmp_motion_driver.o(i.dmp_set_shake_reject_timeout)
    dmp_set_tap_axes                         0x08003721   Thumb Code    70  inv_mpu_dmp_motion_driver.o(i.dmp_set_tap_axes)
    dmp_set_tap_count                        0x08003767   Thumb Code    38  inv_mpu_dmp_motion_driver.o(i.dmp_set_tap_count)
    dmp_set_tap_thresh                       0x0800378d   Thumb Code   396  inv_mpu_dmp_motion_driver.o(i.dmp_set_tap_thresh)
    dmp_set_tap_time                         0x0800392d   Thumb Code    38  inv_mpu_dmp_motion_driver.o(i.dmp_set_tap_time)
    dmp_set_tap_time_multi                   0x08003953   Thumb Code    38  inv_mpu_dmp_motion_driver.o(i.dmp_set_tap_time_multi)
    exti_init                                0x08003979   Thumb Code    82  exti.o(i.exti_init)
    get_ms                                   0x08003a81   Thumb Code     2  inv_mpu.o(i.get_ms)
    get_once_ADC                             0x08003a85   Thumb Code    32  adc.o(i.get_once_ADC)
    gyro_data_ready_cb                       0x08003f19   Thumb Code     8  mpu_dmp_api.o(i.gyro_data_ready_cb)
    inv_row_2_scale                          0x08004035   Thumb Code    78  mpu_dmp_api.o(i.inv_row_2_scale)
    key_init                                 0x08004085   Thumb Code    32  key.o(i.key_init)
    led_init                                 0x080040a9   Thumb Code    94  led.o(i.led_init)
    main                                     0x0800410d   Thumb Code   184  main.o(i.main)
    mpu_configure_fifo                       0x080041e1   Thumb Code   106  inv_mpu.o(i.mpu_configure_fifo)
    mpu_dmp_getdata                          0x08004251   Thumb Code   658  mpu_dmp_api.o(i.mpu_dmp_getdata)
    mpu_dmp_init                             0x08004521   Thumb Code   176  mpu_dmp_api.o(i.mpu_dmp_init)
    mpu_get_accel_fsr                        0x080045d9   Thumb Code    72  inv_mpu.o(i.mpu_get_accel_fsr)
    mpu_get_accel_sens                       0x08004625   Thumb Code    78  inv_mpu.o(i.mpu_get_accel_sens)
    mpu_get_fifo_config                      0x08004679   Thumb Code    12  inv_mpu.o(i.mpu_get_fifo_config)
    mpu_get_gyro_fsr                         0x08004689   Thumb Code    64  inv_mpu.o(i.mpu_get_gyro_fsr)
    mpu_get_gyro_sens                        0x080046cd   Thumb Code    58  inv_mpu.o(i.mpu_get_gyro_sens)
    mpu_get_lpf                              0x0800471d   Thumb Code    74  inv_mpu.o(i.mpu_get_lpf)
    mpu_get_sample_rate                      0x0800476d   Thumb Code    26  inv_mpu.o(i.mpu_get_sample_rate)
    mpu_init                                 0x0800478d   Thumb Code   408  inv_mpu.o(i.mpu_init)
    mpu_load_firmware                        0x08004929   Thumb Code   180  inv_mpu.o(i.mpu_load_firmware)
    mpu_lp_accel_mode                        0x080049e1   Thumb Code   218  inv_mpu.o(i.mpu_lp_accel_mode)
    mpu_read_fifo                            0x08004ac1   Thumb Code   500  inv_mpu.o(i.mpu_read_fifo)
    mpu_read_fifo_stream                     0x08004cb9   Thumb Code   186  inv_mpu.o(i.mpu_read_fifo_stream)
    mpu_read_mem                             0x08004d79   Thumb Code   122  inv_mpu.o(i.mpu_read_mem)
    mpu_reset_fifo                           0x08004df9   Thumb Code   450  inv_mpu.o(i.mpu_reset_fifo)
    mpu_run_self_test                        0x08004fc1   Thumb Code   278  inv_mpu.o(i.mpu_run_self_test)
    mpu_set_accel_fsr                        0x080050dd   Thumb Code   126  inv_mpu.o(i.mpu_set_accel_fsr)
    mpu_set_bypass                           0x08005161   Thumb Code   328  inv_mpu.o(i.mpu_set_bypass)
    mpu_set_dmp_state                        0x080052ad   Thumb Code   138  inv_mpu.o(i.mpu_set_dmp_state)
    mpu_set_gyro_fsr                         0x0800533d   Thumb Code   132  inv_mpu.o(i.mpu_set_gyro_fsr)
    mpu_set_int_latched                      0x080053c5   Thumb Code   102  inv_mpu.o(i.mpu_set_int_latched)
    mpu_set_lpf                              0x08005431   Thumb Code   126  inv_mpu.o(i.mpu_set_lpf)
    mpu_set_sample_rate                      0x080054b5   Thumb Code   152  inv_mpu.o(i.mpu_set_sample_rate)
    mpu_set_sensors                          0x08005551   Thumb Code   202  inv_mpu.o(i.mpu_set_sensors)
    mpu_write_mem                            0x08005621   Thumb Code   122  inv_mpu.o(i.mpu_write_mem)
    run_self_test                            0x080056a1   Thumb Code   144  mpu_dmp_api.o(i.run_self_test)
    si24r1_RX_mode                           0x080057c1   Thumb Code   100  si24r1.o(i.si24r1_RX_mode)
    si24r1_RX_packet                         0x08005831   Thumb Code   126  si24r1.o(i.si24r1_RX_packet)
    si24r1_read_buf                          0x080058b1   Thumb Code    52  si24r1.o(i.si24r1_read_buf)
    si24r1_read_once                         0x080058e9   Thumb Code    36  si24r1.o(i.si24r1_read_once)
    si24r1_spi_init                          0x08005915   Thumb Code   110  si24r1.o(i.si24r1_spi_init)
    si24r1_write_buf                         0x0800598d   Thumb Code    50  si24r1.o(i.si24r1_write_buf)
    si24r1_write_once                        0x080059c5   Thumb Code    34  si24r1.o(i.si24r1_write_once)
    sqrt                                     0x080059f1   Thumb Code    76  sqrt.o(i.sqrt)
    uart_init                                0x08005a3d   Thumb Code   152  usart.o(i.uart_init)
    __aeabi_d2f                              0x08005add   Thumb Code     0  d2f.o(x$fpl$d2f)
    _d2f                                     0x08005add   Thumb Code    98  d2f.o(x$fpl$d2f)
    __aeabi_dadd                             0x08005b41   Thumb Code     0  daddsub_clz.o(x$fpl$dadd)
    _dadd                                    0x08005b41   Thumb Code   332  daddsub_clz.o(x$fpl$dadd)
    __fpl_dcheck_NaN1                        0x08005c91   Thumb Code    10  dcheck1.o(x$fpl$dcheck1)
    __fpl_dcmp_Inf                           0x08005ca1   Thumb Code    24  dcmpi.o(x$fpl$dcmpinf)
    __aeabi_ddiv                             0x08005cb9   Thumb Code     0  ddiv.o(x$fpl$ddiv)
    _ddiv                                    0x08005cb9   Thumb Code   552  ddiv.o(x$fpl$ddiv)
    __aeabi_cdcmple                          0x08005f69   Thumb Code     0  dleqf.o(x$fpl$dleqf)
    _dcmple                                  0x08005f69   Thumb Code   120  dleqf.o(x$fpl$dleqf)
    __fpl_dcmple_InfNaN                      0x08005fcb   Thumb Code     0  dleqf.o(x$fpl$dleqf)
    __aeabi_dmul                             0x08005fe1   Thumb Code     0  dmul.o(x$fpl$dmul)
    _dmul                                    0x08005fe1   Thumb Code   332  dmul.o(x$fpl$dmul)
    __fpl_dnaninf                            0x08006135   Thumb Code   156  dnaninf.o(x$fpl$dnaninf)
    __fpl_dretinf                            0x080061d1   Thumb Code    12  dretinf.o(x$fpl$dretinf)
    __aeabi_cdrcmple                         0x080061dd   Thumb Code     0  drleqf.o(x$fpl$drleqf)
    _drcmple                                 0x080061dd   Thumb Code   108  drleqf.o(x$fpl$drleqf)
    __aeabi_drsub                            0x08006249   Thumb Code     0  daddsub_clz.o(x$fpl$drsb)
    _drsb                                    0x08006249   Thumb Code    22  daddsub_clz.o(x$fpl$drsb)
    _dsqrt                                   0x08006261   Thumb Code   456  dsqrt_noumaal.o(x$fpl$dsqrt)
    __aeabi_dsub                             0x0800642d   Thumb Code     0  daddsub_clz.o(x$fpl$dsub)
    _dsub                                    0x0800642d   Thumb Code   464  daddsub_clz.o(x$fpl$dsub)
    __aeabi_f2d                              0x08006601   Thumb Code     0  f2d.o(x$fpl$f2d)
    _f2d                                     0x08006601   Thumb Code    86  f2d.o(x$fpl$f2d)
    __aeabi_fadd                             0x08006659   Thumb Code     0  faddsub_clz.o(x$fpl$fadd)
    _fadd                                    0x08006659   Thumb Code   196  faddsub_clz.o(x$fpl$fadd)
    __fpl_fcmp_Inf                           0x0800671d   Thumb Code    24  fcmpi.o(x$fpl$fcmpinf)
    __aeabi_fdiv                             0x08006735   Thumb Code     0  fdiv.o(x$fpl$fdiv)
    _fdiv                                    0x08006735   Thumb Code   384  fdiv.o(x$fpl$fdiv)
    __aeabi_cfcmpeq                          0x080068b9   Thumb Code     0  feqf.o(x$fpl$feqf)
    _fcmpeq                                  0x080068b9   Thumb Code   104  feqf.o(x$fpl$feqf)
    __aeabi_f2iz                             0x08006921   Thumb Code     0  ffix.o(x$fpl$ffix)
    _ffix                                    0x08006921   Thumb Code    54  ffix.o(x$fpl$ffix)
    __aeabi_f2uiz                            0x08006959   Thumb Code     0  ffixu.o(x$fpl$ffixu)
    _ffixu                                   0x08006959   Thumb Code    62  ffixu.o(x$fpl$ffixu)
    __aeabi_i2f                              0x08006999   Thumb Code     0  fflt_clz.o(x$fpl$fflt)
    _fflt                                    0x08006999   Thumb Code    48  fflt_clz.o(x$fpl$fflt)
    __aeabi_ui2f                             0x080069c9   Thumb Code     0  fflt_clz.o(x$fpl$ffltu)
    _ffltu                                   0x080069c9   Thumb Code    38  fflt_clz.o(x$fpl$ffltu)
    __aeabi_cfcmple                          0x080069f1   Thumb Code     0  fleqf.o(x$fpl$fleqf)
    _fcmple                                  0x080069f1   Thumb Code   104  fleqf.o(x$fpl$fleqf)
    __fpl_fcmple_InfNaN                      0x08006a43   Thumb Code     0  fleqf.o(x$fpl$fleqf)
    __aeabi_fmul                             0x08006a59   Thumb Code     0  fmul.o(x$fpl$fmul)
    _fmul                                    0x08006a59   Thumb Code   258  fmul.o(x$fpl$fmul)
    __fpl_fnaninf                            0x08006b5b   Thumb Code   140  fnaninf.o(x$fpl$fnaninf)
    __fpl_fretinf                            0x08006be7   Thumb Code    10  fretinf.o(x$fpl$fretinf)
    __aeabi_cfrcmple                         0x08006bf1   Thumb Code     0  frleqf.o(x$fpl$frleqf)
    _frcmple                                 0x08006bf1   Thumb Code    98  frleqf.o(x$fpl$frleqf)
    __aeabi_fsub                             0x08006c55   Thumb Code     0  faddsub_clz.o(x$fpl$fsub)
    _fsub                                    0x08006c55   Thumb Code   234  faddsub_clz.o(x$fpl$fsub)
    __fpl_return_NaN                         0x08006d3f   Thumb Code   100  retnan.o(x$fpl$retnan)
    __ARM_scalbn                             0x08006da3   Thumb Code    92  scalbn.o(x$fpl$scalbn)
    __fpl_cmpreturn                          0x08006dff   Thumb Code    48  trapv.o(x$fpl$trapveneer)
    TX_ADDRESS                               0x08006e2e   Data           5  si24r1.o(.constdata)
    __I$use$fp                               0x08006e2e   Number         0  usenofp.o(x$fpl$usenofp)
    RX_ADDRESS                               0x08006e33   Data           5  si24r1.o(.constdata)
    reg                                      0x08006e38   Data          27  inv_mpu.o(.constdata)
    hw                                       0x08006e54   Data          12  inv_mpu.o(.constdata)
    test                                     0x08006e60   Data          40  inv_mpu.o(.constdata)
    __mathlib_zero                           0x08007b68   Data           8  qnan.o(.constdata)
    Region$$Table$$Base                      0x08007b70   Number         0  anon$$obj.o(Region$$Table)
    Region$$Table$$Limit                     0x08007b90   Number         0  anon$$obj.o(Region$$Table)
    rssi                                     0x20000000   Data           1  main.o(.data)
    key1_value                               0x20000001   Data           1  main.o(.data)
    adc_battery                              0x20000002   Data           2  main.o(.data)
    Trig_LED_Scan                            0x20000004   Data           1  main.o(.data)
    Trig_ADC_Battery                         0x20000005   Data           1  main.o(.data)
    SystemCoreClock                          0x20000008   Data           4  system_stm32f10x.o(.data)
    AHBPrescTable                            0x2000000c   Data          16  system_stm32f10x.o(.data)
    NRF_IRQ_TRIG                             0x2000001c   Data           1  si24r1.o(.data)
    MotorPWM                                 0x20000024   Data           8  pid.o(.data)
    e_Integ_X                                0x2000002c   Data           4  pid.o(.data)
    e_Integ_Y                                0x20000030   Data           4  pid.o(.data)
    e_Integ_pit                              0x20000034   Data           4  pid.o(.data)
    e_Integ_rol                              0x20000038   Data           4  pid.o(.data)
    rx_adc_thrust                            0x200000aa   Data           2  datapackage.o(.data)
    rx_adc_pitch                             0x200000ac   Data           2  datapackage.o(.data)
    rx_adc_roll                              0x200000ae   Data           2  datapackage.o(.data)
    rx_adc_yaw                               0x200000b0   Data           2  datapackage.o(.data)
    THR_unlock                               0x200000b2   Data           1  datapackage.o(.data)
    rx_new                                   0x200000e0   Data           1  mpu_dmp_api.o(.data)
    sensor_timestamp                         0x200000ec   Data           4  mpu_dmp_api.o(.data)
    gyro                                     0x200000f0   Data           6  mpu_dmp_api.o(.data)
    accel                                    0x200000f6   Data           6  mpu_dmp_api.o(.data)
    sensors                                  0x200000fc   Data           2  mpu_dmp_api.o(.data)
    more                                     0x200000fe   Data           1  mpu_dmp_api.o(.data)
    q0                                       0x20000100   Data           4  mpu_dmp_api.o(.data)
    q1                                       0x20000104   Data           4  mpu_dmp_api.o(.data)
    q2                                       0x20000108   Data           4  mpu_dmp_api.o(.data)
    q3                                       0x2000010c   Data           4  mpu_dmp_api.o(.data)
    pitch                                    0x20000110   Data           4  mpu_dmp_api.o(.data)
    roll                                     0x20000114   Data           4  mpu_dmp_api.o(.data)
    yaw                                      0x20000118   Data           4  mpu_dmp_api.o(.data)
    MPU_DMP_RDY                              0x2000011c   Data           1  mpu_dmp_api.o(.data)
    __stdout                                 0x20000124   Data           4  usart.o(.data)
    USART_RX_STA                             0x20000128   Data           2  usart.o(.data)
    Aircraft_RFbuf                           0x20000140   Data          10  main.o(.bss)
    TeleCtrl_RFbuf                           0x2000014a   Data          20  main.o(.bss)
    SPI_InitStructure                        0x2000015e   Data          18  spi.o(.bss)
    SV                                       0x20000170   Data          20  pid.o(.bss)
    MV                                       0x20000184   Data          20  pid.o(.bss)
    PID_out                                  0x20000198   Data          12  pid.o(.bss)
    quat                                     0x200001c4   Data          16  mpu_dmp_api.o(.bss)
    USART_RX_BUF                             0x200001d4   Data         200  usart.o(.bss)
    __libspace_start                         0x2000029c   Data          96  libspace.o(.bss)
    __temporary_stack_top$libspace           0x200002fc   Data           0  libspace.o(.bss)



==============================================================================

Memory Map of the image

  Image Entry point : 0x08000131

  Load Region LR_IROM1 (Base: 0x08000000, Size: 0x00007cd0, Max: 0x00040000, ABSOLUTE, COMPRESSED[0x00007c0c])

    Execution Region ER_IROM1 (Base: 0x08000000, Size: 0x00007b90, Max: 0x00040000, ABSOLUTE)

    Base Addr    Size         Type   Attr      Idx    E Section Name        Object

    0x08000000   0x00000130   Data   RO         1389    RESET               startup_stm32f10x_hd.o
    0x08000130   0x00000008   Code   RO         2978  * !!!main             c_w.l(__main.o)
    0x08000138   0x00000034   Code   RO         3286    !!!scatter          c_w.l(__scatter.o)
    0x0800016c   0x0000005a   Code   RO         3284    !!dczerorl2         c_w.l(__dczerorl2.o)
    0x080001c6   0x00000002   PAD
    0x080001c8   0x0000001c   Code   RO         3288    !!handler_zi        c_w.l(__scatter_zi.o)
    0x080001e4   0x00000002   Code   RO         3153    .ARM.Collect$$libinit$$00000000  c_w.l(libinit.o)
    0x080001e6   0x00000000   Code   RO         3163    .ARM.Collect$$libinit$$00000002  c_w.l(libinit2.o)
    0x080001e6   0x00000000   Code   RO         3165    .ARM.Collect$$libinit$$00000004  c_w.l(libinit2.o)
    0x080001e6   0x00000000   Code   RO         3168    .ARM.Collect$$libinit$$0000000A  c_w.l(libinit2.o)
    0x080001e6   0x00000000   Code   RO         3170    .ARM.Collect$$libinit$$0000000C  c_w.l(libinit2.o)
    0x080001e6   0x00000000   Code   RO         3172    .ARM.Collect$$libinit$$0000000E  c_w.l(libinit2.o)
    0x080001e6   0x00000000   Code   RO         3175    .ARM.Collect$$libinit$$00000011  c_w.l(libinit2.o)
    0x080001e6   0x00000000   Code   RO         3177    .ARM.Collect$$libinit$$00000013  c_w.l(libinit2.o)
    0x080001e6   0x00000000   Code   RO         3179    .ARM.Collect$$libinit$$00000015  c_w.l(libinit2.o)
    0x080001e6   0x00000000   Code   RO         3181    .ARM.Collect$$libinit$$00000017  c_w.l(libinit2.o)
    0x080001e6   0x00000000   Code   RO         3183    .ARM.Collect$$libinit$$00000019  c_w.l(libinit2.o)
    0x080001e6   0x00000000   Code   RO         3185    .ARM.Collect$$libinit$$0000001B  c_w.l(libinit2.o)
    0x080001e6   0x00000000   Code   RO         3187    .ARM.Collect$$libinit$$0000001D  c_w.l(libinit2.o)
    0x080001e6   0x00000000   Code   RO         3189    .ARM.Collect$$libinit$$0000001F  c_w.l(libinit2.o)
    0x080001e6   0x00000000   Code   RO         3191    .ARM.Collect$$libinit$$00000021  c_w.l(libinit2.o)
    0x080001e6   0x00000000   Code   RO         3193    .ARM.Collect$$libinit$$00000023  c_w.l(libinit2.o)
    0x080001e6   0x00000000   Code   RO         3195    .ARM.Collect$$libinit$$00000025  c_w.l(libinit2.o)
    0x080001e6   0x00000000   Code   RO         3199    .ARM.Collect$$libinit$$0000002C  c_w.l(libinit2.o)
    0x080001e6   0x00000000   Code   RO         3201    .ARM.Collect$$libinit$$0000002E  c_w.l(libinit2.o)
    0x080001e6   0x00000000   Code   RO         3203    .ARM.Collect$$libinit$$00000030  c_w.l(libinit2.o)
    0x080001e6   0x00000000   Code   RO         3205    .ARM.Collect$$libinit$$00000032  c_w.l(libinit2.o)
    0x080001e6   0x00000002   Code   RO         3206    .ARM.Collect$$libinit$$00000033  c_w.l(libinit2.o)
    0x080001e8   0x00000002   Code   RO         3236    .ARM.Collect$$libshutdown$$00000000  c_w.l(libshutdown.o)
    0x080001ea   0x00000000   Code   RO         3250    .ARM.Collect$$libshutdown$$00000002  c_w.l(libshutdown2.o)
    0x080001ea   0x00000000   Code   RO         3252    .ARM.Collect$$libshutdown$$00000004  c_w.l(libshutdown2.o)
    0x080001ea   0x00000000   Code   RO         3255    .ARM.Collect$$libshutdown$$00000007  c_w.l(libshutdown2.o)
    0x080001ea   0x00000000   Code   RO         3258    .ARM.Collect$$libshutdown$$0000000A  c_w.l(libshutdown2.o)
    0x080001ea   0x00000000   Code   RO         3260    .ARM.Collect$$libshutdown$$0000000C  c_w.l(libshutdown2.o)
    0x080001ea   0x00000000   Code   RO         3263    .ARM.Collect$$libshutdown$$0000000F  c_w.l(libshutdown2.o)
    0x080001ea   0x00000002   Code   RO         3264    .ARM.Collect$$libshutdown$$00000010  c_w.l(libshutdown2.o)
    0x080001ec   0x00000000   Code   RO         3048    .ARM.Collect$$rtentry$$00000000  c_w.l(__rtentry.o)
    0x080001ec   0x00000000   Code   RO         3112    .ARM.Collect$$rtentry$$00000002  c_w.l(__rtentry2.o)
    0x080001ec   0x00000006   Code   RO         3124    .ARM.Collect$$rtentry$$00000004  c_w.l(__rtentry4.o)
    0x080001f2   0x00000000   Code   RO         3114    .ARM.Collect$$rtentry$$00000009  c_w.l(__rtentry2.o)
    0x080001f2   0x00000004   Code   RO         3115    .ARM.Collect$$rtentry$$0000000A  c_w.l(__rtentry2.o)
    0x080001f6   0x00000000   Code   RO         3117    .ARM.Collect$$rtentry$$0000000C  c_w.l(__rtentry2.o)
    0x080001f6   0x00000008   Code   RO         3118    .ARM.Collect$$rtentry$$0000000D  c_w.l(__rtentry2.o)
    0x080001fe   0x00000002   Code   RO         3156    .ARM.Collect$$rtexit$$00000000  c_w.l(rtexit.o)
    0x08000200   0x00000000   Code   RO         3210    .ARM.Collect$$rtexit$$00000002  c_w.l(rtexit2.o)
    0x08000200   0x00000004   Code   RO         3211    .ARM.Collect$$rtexit$$00000003  c_w.l(rtexit2.o)
    0x08000204   0x00000006   Code   RO         3212    .ARM.Collect$$rtexit$$00000004  c_w.l(rtexit2.o)
    0x0800020a   0x00000002   PAD
    0x0800020c   0x00000040   Code   RO         1390    .text               startup_stm32f10x_hd.o
    0x0800024c   0x00000002   Code   RO         2966    .text               c_w.l(use_no_semi_2.o)
    0x0800024e   0x00000048   Code   RO         2968    .text               c_w.l(llsdiv.o)
    0x08000296   0x00000058   Code   RO         2970    .text               c_w.l(memcmp.o)
    0x080002ee   0x00000010   Code   RO         2972    .text               c_w.l(aeabi_memset.o)
    0x080002fe   0x00000044   Code   RO         2974    .text               c_w.l(rt_memclr.o)
    0x08000342   0x00000006   Code   RO         2976    .text               c_w.l(heapauxi.o)
    0x08000348   0x00000002   Code   RO         3046    .text               c_w.l(use_no_semi.o)
    0x0800034a   0x000000ee   Code   RO         3049    .text               c_w.l(lludivv7m.o)
    0x08000438   0x00000016   Code   RO         3051    .text               c_w.l(_rserrno.o)
    0x0800044e   0x0000004e   Code   RO         3053    .text               c_w.l(rt_memclr_w.o)
    0x0800049c   0x00000008   Code   RO         3133    .text               c_w.l(rt_errno_addr_intlibspace.o)
    0x080004a4   0x00000008   Code   RO         3139    .text               c_w.l(libspace.o)
    0x080004ac   0x0000004a   Code   RO         3142    .text               c_w.l(sys_stackheap_outer.o)
    0x080004f6   0x00000012   Code   RO         3146    .text               c_w.l(exit.o)
    0x08000508   0x00000016   Code   RO         1436    i.ADC_Cmd           stm32f10x_adc.o
    0x0800051e   0x00000002   PAD
    0x08000520   0x0000005c   Code   RO         1438    i.ADC_DeInit        stm32f10x_adc.o
    0x0800057c   0x00000014   Code   RO         1444    i.ADC_GetCalibrationStatus  stm32f10x_adc.o
    0x08000590   0x00000008   Code   RO         1445    i.ADC_GetConversionValue  stm32f10x_adc.o
    0x08000598   0x00000012   Code   RO         1447    i.ADC_GetFlagStatus  stm32f10x_adc.o
    0x080005aa   0x00000014   Code   RO         1450    i.ADC_GetResetCalibrationStatus  stm32f10x_adc.o
    0x080005be   0x00000002   PAD
    0x080005c0   0x00000050   Code   RO         1454    i.ADC_Init          stm32f10x_adc.o
    0x08000610   0x000000b8   Code   RO         1458    i.ADC_RegularChannelConfig  stm32f10x_adc.o
    0x080006c8   0x0000000a   Code   RO         1459    i.ADC_ResetCalibration  stm32f10x_adc.o
    0x080006d2   0x00000016   Code   RO         1461    i.ADC_SoftwareStartConvCmd  stm32f10x_adc.o
    0x080006e8   0x0000000a   Code   RO         1463    i.ADC_StartCalibration  stm32f10x_adc.o
    0x080006f2   0x00000004   Code   RO          147    i.BusFault_Handler  stm32f10x_it.o
    0x080006f6   0x00000002   PAD
    0x080006f8   0x000000bc   Code   RO          681    i.Data_Package_to_TX  datapackage.o
    0x080007b4   0x00000058   Code   RO          682    i.Data_UnPack_from_RX  datapackage.o
    0x0800080c   0x00000002   Code   RO          148    i.DebugMon_Handler  stm32f10x_it.o
    0x0800080e   0x00000002   PAD
    0x08000810   0x00000044   Code   RO          318    i.EXTI1_IRQHandler  exti.o
    0x08000854   0x00000020   Code   RO         1189    i.EXTI2_IRQHandler  mpu_dmp_api.o
    0x08000874   0x0000001c   Code   RO          368    i.EXTI4_IRQHandler  si24r1.o
    0x08000890   0x0000000c   Code   RO         1725    i.EXTI_ClearITPendingBit  stm32f10x_exti.o
    0x0800089c   0x00000028   Code   RO         1729    i.EXTI_GetITStatus  stm32f10x_exti.o
    0x080008c4   0x00000094   Code   RO         1730    i.EXTI_Init         stm32f10x_exti.o
    0x08000958   0x00000040   Code   RO         1781    i.GPIO_EXTILineConfig  stm32f10x_gpio.o
    0x08000998   0x00000116   Code   RO         1784    i.GPIO_Init         stm32f10x_gpio.o
    0x08000aae   0x00000012   Code   RO         1788    i.GPIO_ReadInputDataBit  stm32f10x_gpio.o
    0x08000ac0   0x00000004   Code   RO         1791    i.GPIO_ResetBits    stm32f10x_gpio.o
    0x08000ac4   0x00000004   Code   RO         1792    i.GPIO_SetBits      stm32f10x_gpio.o
    0x08000ac8   0x00000004   Code   RO          149    i.HardFault_Handler  stm32f10x_it.o
    0x08000acc   0x0000007e   Code   RO          525    i.I2C_ReadBytes     i2c.o
    0x08000b4a   0x0000005e   Code   RO          527    i.I2C_WriteBytes    i2c.o
    0x08000ba8   0x00000054   Code   RO          528    i.IIC_Ack           i2c.o
    0x08000bfc   0x00000048   Code   RO          529    i.IIC_Init          i2c.o
    0x08000c44   0x00000050   Code   RO          530    i.IIC_NAck          i2c.o
    0x08000c94   0x00000084   Code   RO          531    i.IIC_Read_Byte     i2c.o
    0x08000d18   0x0000007c   Code   RO          532    i.IIC_Send_Byte     i2c.o
    0x08000d94   0x00000054   Code   RO          533    i.IIC_Start         i2c.o
    0x08000de8   0x00000050   Code   RO          534    i.IIC_Stop          i2c.o
    0x08000e38   0x00000064   Code   RO          535    i.IIC_Wait_Ack      i2c.o
    0x08000e9c   0x00000218   Code   RO          608    i.Inner_PID         pid.o
    0x080010b4   0x00000064   Code   RO         1190    i.MPU_INT_Config    mpu_dmp_api.o
    0x08001118   0x00000004   Code   RO          150    i.MemManage_Handler  stm32f10x_it.o
    0x0800111c   0x00000110   Code   RO          609    i.Motor_PWM_Lock    pid.o
    0x0800122c   0x00000002   Code   RO          151    i.NMI_Handler       stm32f10x_it.o
    0x0800122e   0x00000002   PAD
    0x08001230   0x00000064   Code   RO          369    i.NRF_IRQ_Config    si24r1.o
    0x08001294   0x00000070   Code   RO         1394    i.NVIC_Init         misc.o
    0x08001304   0x00000014   Code   RO         1395    i.NVIC_PriorityGroupConfig  misc.o
    0x08001318   0x00000214   Code   RO          610    i.Outter_PID        pid.o
    0x0800152c   0x000000c0   Code   RO          611    i.PID_prepare       pid.o
    0x080015ec   0x00000002   Code   RO          152    i.PendSV_Handler    stm32f10x_it.o
    0x080015ee   0x00000002   PAD
    0x080015f0   0x00000018   Code   RO         1892    i.RCC_ADCCLKConfig  stm32f10x_rcc.o
    0x08001608   0x00000020   Code   RO         1894    i.RCC_APB1PeriphClockCmd  stm32f10x_rcc.o
    0x08001628   0x00000020   Code   RO         1896    i.RCC_APB2PeriphClockCmd  stm32f10x_rcc.o
    0x08001648   0x00000020   Code   RO         1897    i.RCC_APB2PeriphResetCmd  stm32f10x_rcc.o
    0x08001668   0x000000d4   Code   RO         1904    i.RCC_GetClocksFreq  stm32f10x_rcc.o
    0x0800173c   0x00000070   Code   RO          462    i.SPI2_Init         spi.o
    0x080017ac   0x00000054   Code   RO          463    i.SPI2_ReadWriteByte  spi.o
    0x08001800   0x00000018   Code   RO         2097    i.SPI_Cmd           stm32f10x_spi.o
    0x08001818   0x00000012   Code   RO         2105    i.SPI_I2S_GetFlagStatus  stm32f10x_spi.o
    0x0800182a   0x00000006   Code   RO         2108    i.SPI_I2S_ReceiveData  stm32f10x_spi.o
    0x08001830   0x00000004   Code   RO         2109    i.SPI_I2S_SendData  stm32f10x_spi.o
    0x08001834   0x0000003c   Code   RO         2110    i.SPI_Init          stm32f10x_spi.o
    0x08001870   0x00000002   Code   RO          153    i.SVC_Handler       stm32f10x_it.o
    0x08001872   0x00000008   Code   RO          236    i.SetSysClock       system_stm32f10x.o
    0x0800187a   0x00000002   PAD
    0x0800187c   0x000000e0   Code   RO          237    i.SetSysClockTo72   system_stm32f10x.o
    0x0800195c   0x000001a4   Code   RO          612    i.Set_PWM_plus_PID  pid.o
    0x08001b00   0x00000028   Code   RO         1398    i.SysTick_CLKSourceConfig  misc.o
    0x08001b28   0x00000002   Code   RO          154    i.SysTick_Handler   stm32f10x_it.o
    0x08001b2a   0x00000002   PAD
    0x08001b2c   0x00000060   Code   RO          239    i.SystemInit        system_stm32f10x.o
    0x08001b8c   0x00000060   Code   RO          498    i.TIM3_Config_Init  timer.o
    0x08001bec   0x00000068   Code   RO          499    i.TIM3_IRQHandler   timer.o
    0x08001c54   0x000000d0   Code   RO          500    i.TIM4_PWM_Init     timer.o
    0x08001d24   0x00000018   Code   RO         2240    i.TIM_ARRPreloadConfig  stm32f10x_tim.o
    0x08001d3c   0x00000006   Code   RO         2247    i.TIM_ClearITPendingBit  stm32f10x_tim.o
    0x08001d42   0x00000018   Code   RO         2252    i.TIM_Cmd           stm32f10x_tim.o
    0x08001d5a   0x00000022   Code   RO         2273    i.TIM_GetITStatus   stm32f10x_tim.o
    0x08001d7c   0x00000012   Code   RO         2277    i.TIM_ITConfig      stm32f10x_tim.o
    0x08001d8e   0x00000002   PAD
    0x08001d90   0x00000098   Code   RO         2281    i.TIM_OC1Init       stm32f10x_tim.o
    0x08001e28   0x00000012   Code   RO         2284    i.TIM_OC1PreloadConfig  stm32f10x_tim.o
    0x08001e3a   0x00000002   PAD
    0x08001e3c   0x000000a4   Code   RO         2286    i.TIM_OC2Init       stm32f10x_tim.o
    0x08001ee0   0x0000001a   Code   RO         2289    i.TIM_OC2PreloadConfig  stm32f10x_tim.o
    0x08001efa   0x00000002   PAD
    0x08001efc   0x000000a0   Code   RO         2291    i.TIM_OC3Init       stm32f10x_tim.o
    0x08001f9c   0x00000012   Code   RO         2294    i.TIM_OC3PreloadConfig  stm32f10x_tim.o
    0x08001fae   0x00000002   PAD
    0x08001fb0   0x0000007c   Code   RO         2296    i.TIM_OC4Init       stm32f10x_tim.o
    0x0800202c   0x0000001a   Code   RO         2298    i.TIM_OC4PreloadConfig  stm32f10x_tim.o
    0x08002046   0x00000004   Code   RO         2313    i.TIM_SetCompare1   stm32f10x_tim.o
    0x0800204a   0x00000004   Code   RO         2314    i.TIM_SetCompare2   stm32f10x_tim.o
    0x0800204e   0x00000004   Code   RO         2315    i.TIM_SetCompare3   stm32f10x_tim.o
    0x08002052   0x00000006   Code   RO         2316    i.TIM_SetCompare4   stm32f10x_tim.o
    0x08002058   0x000000a4   Code   RO         2323    i.TIM_TimeBaseInit  stm32f10x_tim.o
    0x080020fc   0x00000058   Code   RO          658    i.Task_MPU_DMP_PID  task.o
    0x08002154   0x00000048   Code   RO          659    i.Task_NRF_TeleCom  task.o
    0x0800219c   0x00000088   Code   RO         1336    i.USART1_IRQHandler  usart.o
    0x08002224   0x00000018   Code   RO         2788    i.USART_Cmd         stm32f10x_usart.o
    0x0800223c   0x00000054   Code   RO         2792    i.USART_GetITStatus  stm32f10x_usart.o
    0x08002290   0x0000004a   Code   RO         2794    i.USART_ITConfig    stm32f10x_usart.o
    0x080022da   0x00000002   PAD
    0x080022dc   0x000000d8   Code   RO         2795    i.USART_Init        stm32f10x_usart.o
    0x080023b4   0x0000000a   Code   RO         2802    i.USART_ReceiveData  stm32f10x_usart.o
    0x080023be   0x00000004   Code   RO          155    i.UsageFault_Handler  stm32f10x_it.o
    0x080023c2   0x00000002   PAD
    0x080023c4   0x0000006c   Code   RO          613    i.Yaw_Rotate_PD_Ctrl  pid.o
    0x08002430   0x00000028   Code   RO         3098    i.__ARM_fpclassify  m_ws.l(fpclassify.o)
    0x08002458   0x000000aa   Code   RO         3100    i.__kernel_poly     m_ws.l(poly.o)
    0x08002502   0x00000006   Code   RO         3085    i.__mathlib_dbl_infnan  m_ws.l(dunder.o)
    0x08002508   0x00000004   Code   RO         3086    i.__mathlib_dbl_infnan2  m_ws.l(dunder.o)
    0x0800250c   0x0000000c   Code   RO         3087    i.__mathlib_dbl_invalid  m_ws.l(dunder.o)
    0x08002518   0x00000010   Code   RO         3090    i.__mathlib_dbl_underflow  m_ws.l(dunder.o)
    0x08002528   0x00000004   Code   RO         1337    i._sys_exit         usart.o
    0x0800252c   0x000000a8   Code   RO          703    i.accel_self_test   inv_mpu.o
    0x080025d4   0x000000a0   Code   RO          270    i.adc1_init         adc.o
    0x08002674   0x00000270   Code   RO         3029    i.asin              m_ws.l(asin.o)
    0x080028e4   0x00000220   Code   RO         3075    i.atan              m_ws.l(atan.o)
    0x08002b04   0x00000180   Code   RO         3039    i.atan2             m_ws.l(atan2.o)
    0x08002c84   0x00000064   Code   RO         1000    i.decode_gesture    inv_mpu_dmp_motion_driver.o
    0x08002ce8   0x00000044   Code   RO         1281    i.delay_init        delay.o
    0x08002d2c   0x0000004c   Code   RO         1282    i.delay_ms          delay.o
    0x08002d78   0x0000004c   Code   RO         1283    i.delay_us          delay.o
    0x08002dc4   0x0000003c   Code   RO         1001    i.dmp_enable_6x_lp_quat  inv_mpu_dmp_motion_driver.o
    0x08002e00   0x0000021c   Code   RO         1002    i.dmp_enable_feature  inv_mpu_dmp_motion_driver.o
    0x0800301c   0x00000058   Code   RO         1003    i.dmp_enable_gyro_cal  inv_mpu_dmp_motion_driver.o
    0x08003074   0x0000003c   Code   RO         1004    i.dmp_enable_lp_quat  inv_mpu_dmp_motion_driver.o
    0x080030b0   0x00000018   Code   RO         1009    i.dmp_load_motion_driver_firmware  inv_mpu_dmp_motion_driver.o
    0x080030c8   0x000001cc   Code   RO         1010    i.dmp_read_fifo     inv_mpu_dmp_motion_driver.o
    0x08003294   0x00000130   Code   RO         1013    i.dmp_set_accel_bias  inv_mpu_dmp_motion_driver.o
    0x080033c4   0x00000070   Code   RO         1014    i.dmp_set_fifo_rate  inv_mpu_dmp_motion_driver.o
    0x08003434   0x00000130   Code   RO         1015    i.dmp_set_gyro_bias  inv_mpu_dmp_motion_driver.o
    0x08003564   0x00000138   Code   RO         1017    i.dmp_set_orientation  inv_mpu_dmp_motion_driver.o
    0x0800369c   0x00000038   Code   RO         1020    i.dmp_set_shake_reject_thresh  inv_mpu_dmp_motion_driver.o
    0x080036d4   0x00000026   Code   RO         1021    i.dmp_set_shake_reject_time  inv_mpu_dmp_motion_driver.o
    0x080036fa   0x00000026   Code   RO         1022    i.dmp_set_shake_reject_timeout  inv_mpu_dmp_motion_driver.o
    0x08003720   0x00000046   Code   RO         1023    i.dmp_set_tap_axes  inv_mpu_dmp_motion_driver.o
    0x08003766   0x00000026   Code   RO         1024    i.dmp_set_tap_count  inv_mpu_dmp_motion_driver.o
    0x0800378c   0x000001a0   Code   RO         1025    i.dmp_set_tap_thresh  inv_mpu_dmp_motion_driver.o
    0x0800392c   0x00000026   Code   RO         1026    i.dmp_set_tap_time  inv_mpu_dmp_motion_driver.o
    0x08003952   0x00000026   Code   RO         1027    i.dmp_set_tap_time_multi  inv_mpu_dmp_motion_driver.o
    0x08003978   0x00000052   Code   RO          319    i.exti_init         exti.o
    0x080039ca   0x00000002   PAD
    0x080039cc   0x000000b4   Code   RO          704    i.get_accel_prod_shift  inv_mpu.o
    0x08003a80   0x00000002   Code   RO          705    i.get_ms            inv_mpu.o
    0x08003a82   0x00000002   PAD
    0x08003a84   0x00000024   Code   RO          272    i.get_once_ADC      adc.o
    0x08003aa8   0x00000470   Code   RO          706    i.get_st_biases     inv_mpu.o
    0x08003f18   0x0000000c   Code   RO         1192    i.gyro_data_ready_cb  mpu_dmp_api.o
    0x08003f24   0x00000110   Code   RO          707    i.gyro_self_test    inv_mpu.o
    0x08004034   0x0000004e   Code   RO         1193    i.inv_row_2_scale   mpu_dmp_api.o
    0x08004082   0x00000002   PAD
    0x08004084   0x00000024   Code   RO          337    i.key_init          key.o
    0x080040a8   0x00000064   Code   RO          356    i.led_init          led.o
    0x0800410c   0x000000d4   Code   RO            1    i.main              main.o
    0x080041e0   0x00000070   Code   RO          708    i.mpu_configure_fifo  inv_mpu.o
    0x08004250   0x000002d0   Code   RO         1195    i.mpu_dmp_getdata   mpu_dmp_api.o
    0x08004520   0x000000b8   Code   RO         1196    i.mpu_dmp_init      mpu_dmp_api.o
    0x080045d8   0x0000004c   Code   RO          709    i.mpu_get_accel_fsr  inv_mpu.o
    0x08004624   0x00000054   Code   RO          711    i.mpu_get_accel_sens  inv_mpu.o
    0x08004678   0x00000010   Code   RO          716    i.mpu_get_fifo_config  inv_mpu.o
    0x08004688   0x00000044   Code   RO          717    i.mpu_get_gyro_fsr  inv_mpu.o
    0x080046cc   0x00000050   Code   RO          719    i.mpu_get_gyro_sens  inv_mpu.o
    0x0800471c   0x00000050   Code   RO          721    i.mpu_get_lpf       inv_mpu.o
    0x0800476c   0x00000020   Code   RO          723    i.mpu_get_sample_rate  inv_mpu.o
    0x0800478c   0x0000019c   Code   RO          725    i.mpu_init          inv_mpu.o
    0x08004928   0x000000b8   Code   RO          726    i.mpu_load_firmware  inv_mpu.o
    0x080049e0   0x000000e0   Code   RO          727    i.mpu_lp_accel_mode  inv_mpu.o
    0x08004ac0   0x000001f8   Code   RO          729    i.mpu_read_fifo     inv_mpu.o
    0x08004cb8   0x000000c0   Code   RO          730    i.mpu_read_fifo_stream  inv_mpu.o
    0x08004d78   0x00000080   Code   RO          731    i.mpu_read_mem      inv_mpu.o
    0x08004df8   0x000001c8   Code   RO          734    i.mpu_reset_fifo    inv_mpu.o
    0x08004fc0   0x0000011c   Code   RO          735    i.mpu_run_self_test  inv_mpu.o
    0x080050dc   0x00000084   Code   RO          737    i.mpu_set_accel_fsr  inv_mpu.o
    0x08005160   0x0000014c   Code   RO          738    i.mpu_set_bypass    inv_mpu.o
    0x080052ac   0x00000090   Code   RO          740    i.mpu_set_dmp_state  inv_mpu.o
    0x0800533c   0x00000088   Code   RO          741    i.mpu_set_gyro_fsr  inv_mpu.o
    0x080053c4   0x0000006c   Code   RO          742    i.mpu_set_int_latched  inv_mpu.o
    0x08005430   0x00000084   Code   RO          744    i.mpu_set_lpf       inv_mpu.o
    0x080054b4   0x0000009c   Code   RO          745    i.mpu_set_sample_rate  inv_mpu.o
    0x08005550   0x000000d0   Code   RO          746    i.mpu_set_sensors   inv_mpu.o
    0x08005620   0x00000080   Code   RO          747    i.mpu_write_mem     inv_mpu.o
    0x080056a0   0x00000090   Code   RO         1197    i.run_self_test     mpu_dmp_api.o
    0x08005730   0x00000090   Code   RO          748    i.set_int_enable    inv_mpu.o
    0x080057c0   0x00000070   Code   RO          371    i.si24r1_RX_mode    si24r1.o
    0x08005830   0x0000007e   Code   RO          372    i.si24r1_RX_packet  si24r1.o
    0x080058ae   0x00000002   PAD
    0x080058b0   0x00000038   Code   RO          376    i.si24r1_read_buf   si24r1.o
    0x080058e8   0x0000002c   Code   RO          377    i.si24r1_read_once  si24r1.o
    0x08005914   0x00000078   Code   RO          378    i.si24r1_spi_init   si24r1.o
    0x0800598c   0x00000038   Code   RO          379    i.si24r1_write_buf  si24r1.o
    0x080059c4   0x0000002c   Code   RO          380    i.si24r1_write_once  si24r1.o
    0x080059f0   0x0000004c   Code   RO         3104    i.sqrt              m_ws.l(sqrt.o)
    0x08005a3c   0x000000a0   Code   RO         1339    i.uart_init         usart.o
    0x08005adc   0x00000062   Code   RO         2980    x$fpl$d2f           fz_ws.l(d2f.o)
    0x08005b3e   0x00000002   PAD
    0x08005b40   0x00000150   Code   RO         2982    x$fpl$dadd          fz_ws.l(daddsub_clz.o)
    0x08005c90   0x00000010   Code   RO         3135    x$fpl$dcheck1       fz_ws.l(dcheck1.o)
    0x08005ca0   0x00000018   Code   RO         3055    x$fpl$dcmpinf       fz_ws.l(dcmpi.o)
    0x08005cb8   0x000002b0   Code   RO         3058    x$fpl$ddiv          fz_ws.l(ddiv.o)
    0x08005f68   0x00000078   Code   RO         2988    x$fpl$dleqf         fz_ws.l(dleqf.o)
    0x08005fe0   0x00000154   Code   RO         2990    x$fpl$dmul          fz_ws.l(dmul.o)
    0x08006134   0x0000009c   Code   RO         3061    x$fpl$dnaninf       fz_ws.l(dnaninf.o)
    0x080061d0   0x0000000c   Code   RO         3063    x$fpl$dretinf       fz_ws.l(dretinf.o)
    0x080061dc   0x0000006c   Code   RO         2992    x$fpl$drleqf        fz_ws.l(drleqf.o)
    0x08006248   0x00000016   Code   RO         2983    x$fpl$drsb          fz_ws.l(daddsub_clz.o)
    0x0800625e   0x00000002   PAD
    0x08006260   0x000001cc   Code   RO         3137    x$fpl$dsqrt         fz_ws.l(dsqrt_noumaal.o)
    0x0800642c   0x000001d4   Code   RO         2984    x$fpl$dsub          fz_ws.l(daddsub_clz.o)
    0x08006600   0x00000056   Code   RO         2994    x$fpl$f2d           fz_ws.l(f2d.o)
    0x08006656   0x00000002   PAD
    0x08006658   0x000000c4   Code   RO         2996    x$fpl$fadd          fz_ws.l(faddsub_clz.o)
    0x0800671c   0x00000018   Code   RO         3065    x$fpl$fcmpinf       fz_ws.l(fcmpi.o)
    0x08006734   0x00000184   Code   RO         3003    x$fpl$fdiv          fz_ws.l(fdiv.o)
    0x080068b8   0x00000068   Code   RO         3006    x$fpl$feqf          fz_ws.l(feqf.o)
    0x08006920   0x00000036   Code   RO         3008    x$fpl$ffix          fz_ws.l(ffix.o)
    0x08006956   0x00000002   PAD
    0x08006958   0x0000003e   Code   RO         3012    x$fpl$ffixu         fz_ws.l(ffixu.o)
    0x08006996   0x00000002   PAD
    0x08006998   0x00000030   Code   RO         3017    x$fpl$fflt          fz_ws.l(fflt_clz.o)
    0x080069c8   0x00000026   Code   RO         3016    x$fpl$ffltu         fz_ws.l(fflt_clz.o)
    0x080069ee   0x00000002   PAD
    0x080069f0   0x00000068   Code   RO         3022    x$fpl$fleqf         fz_ws.l(fleqf.o)
    0x08006a58   0x00000102   Code   RO         3024    x$fpl$fmul          fz_ws.l(fmul.o)
    0x08006b5a   0x0000008c   Code   RO         3067    x$fpl$fnaninf       fz_ws.l(fnaninf.o)
    0x08006be6   0x0000000a   Code   RO         3069    x$fpl$fretinf       fz_ws.l(fretinf.o)
    0x08006bf0   0x00000062   Code   RO         3026    x$fpl$frleqf        fz_ws.l(frleqf.o)
    0x08006c52   0x00000002   PAD
    0x08006c54   0x000000ea   Code   RO         2998    x$fpl$fsub          fz_ws.l(faddsub_clz.o)
    0x08006d3e   0x00000064   Code   RO         3154    x$fpl$retnan        fz_ws.l(retnan.o)
    0x08006da2   0x0000005c   Code   RO         3071    x$fpl$scalbn        fz_ws.l(scalbn.o)
    0x08006dfe   0x00000030   Code   RO         3207    x$fpl$trapveneer    fz_ws.l(trapv.o)
    0x08006e2e   0x00000000   Code   RO         3073    x$fpl$usenofp       fz_ws.l(usenofp.o)
    0x08006e2e   0x0000000a   Data   RO          381    .constdata          si24r1.o
    0x08006e38   0x00000050   Data   RO          749    .constdata          inv_mpu.o
    0x08006e88   0x00000bf6   Data   RO         1029    .constdata          inv_mpu_dmp_motion_driver.o
    0x08007a7e   0x00000002   PAD
    0x08007a80   0x00000050   Data   RO         3030    .constdata          m_ws.l(asin.o)
    0x08007ad0   0x00000098   Data   RO         3076    .constdata          m_ws.l(atan.o)
    0x08007b68   0x00000008   Data   RO         3102    .constdata          m_ws.l(qnan.o)
    0x08007b70   0x00000020   Data   RO         3282    Region$$Table       anon$$obj.o


    Execution Region RW_IRAM1 (Base: 0x20000000, Size: 0x00000d00, Max: 0x0000c000, ABSOLUTE, COMPRESSED[0x0000007c])

    Base Addr    Size         Type   Attr      Idx    E Section Name        Object

    0x20000000   0x00000006   Data   RW            3    .data               main.o
    0x20000006   0x00000002   PAD
    0x20000008   0x00000014   Data   RW          240    .data               system_stm32f10x.o
    0x2000001c   0x00000001   Data   RW          382    .data               si24r1.o
    0x2000001d   0x00000001   PAD
    0x2000001e   0x00000004   Data   RW          501    .data               timer.o
    0x20000022   0x00000002   PAD
    0x20000024   0x00000084   Data   RW          615    .data               pid.o
    0x200000a8   0x00000001   Data   RW          660    .data               task.o
    0x200000a9   0x00000001   PAD
    0x200000aa   0x00000009   Data   RW          683    .data               datapackage.o
    0x200000b3   0x00000001   PAD
    0x200000b4   0x0000002c   Data   RW          750    .data               inv_mpu.o
    0x200000e0   0x0000003d   Data   RW         1203    .data               mpu_dmp_api.o
    0x2000011d   0x00000001   PAD
    0x2000011e   0x00000004   Data   RW         1284    .data               delay.o
    0x20000122   0x00000002   PAD
    0x20000124   0x00000006   Data   RW         1341    .data               usart.o
    0x2000012a   0x00000014   Data   RW         1924    .data               stm32f10x_rcc.o
    0x2000013e   0x00000002   PAD
    0x20000140   0x0000001e   Zero   RW            2    .bss                main.o
    0x2000015e   0x00000012   Zero   RW          464    .bss                spi.o
    0x20000170   0x00000034   Zero   RW          614    .bss                pid.o
    0x200001a4   0x00000010   Zero   RW         1028    .bss                inv_mpu_dmp_motion_driver.o
    0x200001b4   0x00000020   Zero   RW         1202    .bss                mpu_dmp_api.o
    0x200001d4   0x000000c8   Zero   RW         1340    .bss                usart.o
    0x2000029c   0x00000060   Zero   RW         3140    .bss                c_w.l(libspace.o)
    0x200002fc   0x00000004   PAD
    0x20000300   0x00000200   Zero   RW         1388    HEAP                startup_stm32f10x_hd.o
    0x20000500   0x00000800   Zero   RW         1387    STACK               startup_stm32f10x_hd.o


==============================================================================

Image component sizes


      Code (inc. data)   RO Data    RW Data    ZI Data      Debug   Object Name

       196         14          0          0          0       1079   adc.o
       276         52          0          9          0       1362   datapackage.o
       220         26          0          4          0       1719   delay.o
       150         10          0          0          0       1023   exti.o
       976        102          0          0          0       6171   i2c.o
      6310        208         80         44          0      27364   inv_mpu.o
      3096        122       3062          0         16      20098   inv_mpu_dmp_motion_driver.o
        36          4          0          0          0        475   key.o
       100          6          0          0          0        503   led.o
       212         28          0          6         30     272699   main.o
       172         22          0          0          0       2049   misc.o
      1270         84          0         61         32       6298   mpu_dmp_api.o
      2060        312          0        132         52       5571   pid.o
       686         60         10          1          0       6003   si24r1.o
       196         18          0          0         18       1409   spi.o
        64         26        304          0       2560        804   startup_stm32f10x_hd.o
       486         24          0          0          0       8582   stm32f10x_adc.o
       200         18          0          0          0       2104   stm32f10x_exti.o
       368          4          0          0          0       4262   stm32f10x_gpio.o
        26          0          0          0          0       3698   stm32f10x_it.o
       332         44          0         20          0       5542   stm32f10x_rcc.o
       112          0          0          0          0       3822   stm32f10x_spi.o
       976         92          0          0          0      11445   stm32f10x_tim.o
       408          6          0          0          0       4982   stm32f10x_usart.o
         0          0          0          0          0         32   sys.o
       328         28          0         20          0       2077   system_stm32f10x.o
       160         30          0          1          0        994   task.o
       408         34          0          4          0       1953   timer.o
       300         22          0          6        200       3616   usart.o

    ----------------------------------------------------------------------
     20160       1396       3490        320       2908     407736   Object Totals
         0          0         32          0          0          0   (incl. Generated)
        36          0          2         12          0          0   (incl. Padding)

    ----------------------------------------------------------------------

      Code (inc. data)   RO Data    RW Data    ZI Data      Debug   Library Member Name

        90          0          0          0          0          0   __dczerorl2.o
         8          0          0          0          0         68   __main.o
         0          0          0          0          0          0   __rtentry.o
        12          0          0          0          0          0   __rtentry2.o
         6          0          0          0          0          0   __rtentry4.o
        52          8          0          0          0          0   __scatter.o
        28          0          0          0          0          0   __scatter_zi.o
        22          0          0          0          0        100   _rserrno.o
        16          0          0          0          0         68   aeabi_memset.o
        18          0          0          0          0         80   exit.o
         6          0          0          0          0        152   heapauxi.o
         2          0          0          0          0          0   libinit.o
         2          0          0          0          0          0   libinit2.o
         2          0          0          0          0          0   libshutdown.o
         2          0          0          0          0          0   libshutdown2.o
         8          4          0          0         96         68   libspace.o
        72          0          0          0          0         76   llsdiv.o
       238          0          0          0          0        100   lludivv7m.o
        88          0          0          0          0         76   memcmp.o
         8          4          0          0          0         68   rt_errno_addr_intlibspace.o
        68          0          0          0          0         68   rt_memclr.o
        78          0          0          0          0         80   rt_memclr_w.o
         2          0          0          0          0          0   rtexit.o
        10          0          0          0          0          0   rtexit2.o
        74          0          0          0          0         80   sys_stackheap_outer.o
         2          0          0          0          0         68   use_no_semi.o
         2          0          0          0          0         68   use_no_semi_2.o
        98          4          0          0          0         92   d2f.o
       826         16          0          0          0        348   daddsub_clz.o
        16          4          0          0          0         68   dcheck1.o
        24          0          0          0          0         68   dcmpi.o
       688        140          0          0          0        208   ddiv.o
       120          4          0          0          0         92   dleqf.o
       340         12          0          0          0        104   dmul.o
       156          4          0          0          0         92   dnaninf.o
        12          0          0          0          0         68   dretinf.o
       108          0          0          0          0         80   drleqf.o
       460         56          0          0          0        120   dsqrt_noumaal.o
        86          4          0          0          0         84   f2d.o
       430          8          0          0          0        168   faddsub_clz.o
        24          0          0          0          0         68   fcmpi.o
       388         76          0          0          0         96   fdiv.o
       104          4          0          0          0         84   feqf.o
        54          4          0          0          0         84   ffix.o
        62          4          0          0          0         84   ffixu.o
        86          0          0          0          0        136   fflt_clz.o
       104          4          0          0          0         84   fleqf.o
       258          4          0          0          0         84   fmul.o
       140          4          0          0          0         84   fnaninf.o
        10          0          0          0          0         68   fretinf.o
        98          0          0          0          0         68   frleqf.o
       100          0          0          0          0         68   retnan.o
        92          0          0          0          0         68   scalbn.o
        48          0          0          0          0         68   trapv.o
         0          0          0          0          0          0   usenofp.o
       624         52         80          0          0        168   asin.o
       544         70        152          0          0        124   atan.o
       384         38          0          0          0        144   atan2.o
        38          6          0          0          0        272   dunder.o
        40          0          0          0          0         68   fpclassify.o
       170          0          0          0          0         96   poly.o
         0          0          8          0          0          0   qnan.o
        76          0          0          0          0         84   sqrt.o

    ----------------------------------------------------------------------
      7742        534        240          0        100       4912   Library Totals
        18          0          0          0          4          0   (incl. Padding)

    ----------------------------------------------------------------------

      Code (inc. data)   RO Data    RW Data    ZI Data      Debug   Library Name

       916         16          0          0         96       1220   c_w.l
      4932        352          0          0          0       2736   fz_ws.l
      1876        166        240          0          0        956   m_ws.l

    ----------------------------------------------------------------------
      7742        534        240          0        100       4912   Library Totals

    ----------------------------------------------------------------------

==============================================================================


      Code (inc. data)   RO Data    RW Data    ZI Data      Debug   

     27902       1930       3730        320       3008     401308   Grand Totals
     27902       1930       3730        124       3008     401308   ELF Image Totals (compressed)
     27902       1930       3730        124          0          0   ROM Totals

==============================================================================

    Total RO  Size (Code + RO Data)                31632 (  30.89kB)
    Total RW  Size (RW Data + ZI Data)              3328 (   3.25kB)
    Total ROM Size (Code + RO Data + RW Data)      31756 (  31.01kB)

==============================================================================

